Component: ARM Compiler 5.05 update 1 (build 106) Tool: armlink [4d0efa]

==============================================================================

Section Cross References

    main.o(.text) refers to misc.o(.text) for NVIC_PriorityGroupConfig
    main.o(.text) refers to uart.o(.text) for Uart3_init
    main.o(.text) refers to delay.o(.text) for delay_init
    main.o(.text) refers to led.o(.text) for LED_init
    main.o(.text) refers to os_core.o(.text) for OSInit
    main.o(.text) refers to cpu_a.o(.text) for CPU_SR_Save
    main.o(.text) refers to os_task.o(.text) for OSTaskCreate
    main.o(.text) refers to os_var.o(.data) for OSSchedLockNestingCtr
    main.o(.text) refers to start_task.o(.bss) for START_TASK_STK
    main.o(.text) refers to start_task.o(.text) for start_task
    hekr_protocol.o(.text) refers to uart.o(.text) for UART3_SendChar
    hekr_protocol.o(.text) refers to hekr_protocol.o(.bss) for Hekr_Send_Buffer
    led.o(.text) refers to stm32f10x_rcc.o(.text) for RCC_APB2PeriphClockCmd
    led.o(.text) refers to stm32f10x_gpio.o(.text) for GPIO_Init
    delay.o(.text) refers to os_core.o(.text) for OSSchedLock
    delay.o(.text) refers to os_time.o(.text) for OSTimeDly
    delay.o(.text) refers to misc.o(.text) for SysTick_CLKSourceConfig
    delay.o(.text) refers to os_var.o(.data) for OSRunning
    delay.o(.text) refers to system_stm32f10x.o(.data) for SystemCoreClock
    delay.o(.text) refers to delay.o(.data) for fac_us
    delay.o(.text) refers to os_cfg_app.o(.constdata) for OSCfg_TickRate_Hz
    uart.o(.text) refers to stm32f10x_rcc.o(.text) for RCC_APB1PeriphClockCmd
    uart.o(.text) refers to stm32f10x_gpio.o(.text) for GPIO_Init
    uart.o(.text) refers to misc.o(.text) for NVIC_Init
    uart.o(.text) refers to stm32f10x_usart.o(.text) for USART_Init
    uart.o(.text) refers to os_task.o(.text) for OSTaskSemPost
    uart.o(.text) refers to os_core.o(.text) for OSIntEnter
    uart.o(.text) refers to uart.o(.data) for temp_flag
    uart.o(.text) refers to uart.o(.bss) for Uart3_Recv_Buffer
    uart.o(.text) refers to protocol_task.o(.bss) for ProtocolTaskTCB
    uart.o(.text) refers to os_var.o(.data) for OSRunning
    bsp.o(.text) refers to stm32f10x_rcc.o(.text) for RCC_GetClocksFreq
    bsp.o(.text) refers to cpu_core.o(.text) for CPU_TS_TmrFreqSet
    bsp.o(.text) refers to uldiv.o(.text) for __aeabi_uldivmod
    bsp_int.o(.text) refers to cpu_c.o(.text) for CPU_IntSrcDis
    bsp_int.o(.text) refers to cpu_a.o(.text) for CPU_IntDis
    bsp_int.o(.text) refers to os_core.o(.text) for OSIntEnter
    bsp_int.o(.text) refers to bsp_int.o(.bss) for BSP_IntVectTbl
    cpu_core.o(.text) refers to cpu_a.o(.text) for CPU_SR_Save
    cpu_core.o(.text) refers to lib_mem.o(.text) for Mem_Clr
    cpu_core.o(.text) refers to bsp.o(.text) for CPU_TS_TmrInit
    cpu_core.o(.text) refers to lib_str.o(.text) for Str_Copy_N
    cpu_core.o(.text) refers to cpu_core.o(.bss) for CPU_Name
    cpu_core.o(.text) refers to cpu_core.o(.data) for CPU_TS_TmrFreq_Hz
    cpu_core.o(.text) refers to cpu_core.o(.constdata) for CPU_CntLeadZerosTbl
    cpu_c.o(.text) refers to cpu_a.o(.text) for CPU_SR_Save
    lib_math.o(.text) refers to cpu_a.o(.text) for CPU_SR_Save
    lib_math.o(.text) refers to lib_math.o(.data) for Math_RandSeedCur
    lib_mem.o(.text) refers to lib_mem_a.o(.text) for Mem_Copy
    lib_mem.o(.text) refers to cpu_a.o(.text) for CPU_SR_Save
    lib_mem.o(.text) refers to lib_mem.o(.bss) for Mem_PoolHeap
    lib_mem.o(.text) refers to lib_mem.o(.data) for Mem_PoolTbl
    lib_str.o(.text) refers to lib_ascii.o(.text) for ASCII_ToLower
    lib_str.o(.text) refers to lib_str.o(.constdata) for Str_MultOvfThTbl_Int32U
    os_cfg_app.o(.text) refers to os_cfg_app.o(.constdata) for OSCfg_DataSizeRAM
    os_cfg_app.o(.constdata) refers to os_cfg_app.o(.bss) for OSCfg_IdleTaskStk
    os_core.o(.text) refers to cpu_a.o(.text) for CPU_SR_Save
    os_core.o(.text) refers to os_cpu_c.o(.text) for OSIdleTaskHook
    os_core.o(.text) refers to os_task.o(.text) for OSTaskCreate
    os_core.o(.text) refers to os_prio.o(.text) for OS_PrioInit
    os_core.o(.text) refers to os_flag.o(.text) for OS_FlagInit
    os_core.o(.text) refers to os_mem.o(.text) for OS_MemInit
    os_core.o(.text) refers to os_msg.o(.text) for OS_MsgPoolInit
    os_core.o(.text) refers to os_mutex.o(.text) for OS_MutexInit
    os_core.o(.text) refers to os_q.o(.text) for OS_QInit
    os_core.o(.text) refers to os_sem.o(.text) for OS_SemInit
    os_core.o(.text) refers to os_int.o(.text) for OS_IntQTaskInit
    os_core.o(.text) refers to os_tick.o(.text) for OS_TickTaskInit
    os_core.o(.text) refers to os_stat.o(.text) for OS_StatTaskInit
    os_core.o(.text) refers to os_tmr.o(.text) for OS_TmrInit
    os_core.o(.text) refers to os_dbg.o(.text) for OS_Dbg_Init
    os_core.o(.text) refers to os_cfg_app.o(.text) for OSCfg_Init
    os_core.o(.text) refers to bsp.o(.text) for CPU_TS_TmrRd
[...]
    D:\\Keil\\ARM\\PACK\\Keil\\STM32F1xx_DFP\\1.1.0\\Device\\StdPeriph_Driver\\src\\stm32f10x_usart.c 0x00000000   Number         0  stm32f10x_usart.o ABSOLUTE
    RTE\Device\STM32F103C8\startup_stm32f10x_md.s 0x00000000   Number         0  startup_stm32f10x_md.o ABSOLUTE
    RTE\Device\STM32F103C8\system_stm32f10x.c 0x00000000   Number         0  system_stm32f10x.o ABSOLUTE
    RTE\\Device\\STM32F103C8\\system_stm32f10x.c 0x00000000   Number         0  system_stm32f10x.o ABSOLUTE
    cdrcmple.s                               0x00000000   Number         0  cdrcmple.o ABSOLUTE
    dc.s                                     0x00000000   Number         0  dc.o ABSOLUTE
    handlers.s                               0x00000000   Number         0  handlers.o ABSOLUTE
    init.s                                   0x00000000   Number         0  init.o ABSOLUTE
    main.c                                   0x00000000   Number         0  main.o ABSOLUTE
    main.c                                   0x00000000   Number         0  main.o ABSOLUTE
    RESET                                    0x08000000   Section      236  startup_stm32f10x_md.o(RESET)
    .ARM.Collect$$$$00000000                 0x080000ec   Section        0  entry.o(.ARM.Collect$$$$00000000)
    .ARM.Collect$$$$00000001                 0x080000ec   Section        4  entry2.o(.ARM.Collect$$$$00000001)
    .ARM.Collect$$$$00000004                 0x080000f0   Section        4  entry5.o(.ARM.Collect$$$$00000004)
    .ARM.Collect$$$$00000008                 0x080000f4   Section        0  entry7b.o(.ARM.Collect$$$$00000008)
    .ARM.Collect$$$$0000000A                 0x080000f4   Section        0  entry8b.o(.ARM.Collect$$$$0000000A)
    .ARM.Collect$$$$0000000B                 0x080000f4   Section        8  entry9a.o(.ARM.Collect$$$$0000000B)
    .ARM.Collect$$$$0000000D                 0x080000fc   Section        0  entry10a.o(.ARM.Collect$$$$0000000D)
    .ARM.Collect$$$$0000000F                 0x080000fc   Section        0  entry11a.o(.ARM.Collect$$$$0000000F)
    .ARM.Collect$$$$00002712                 0x080000fc   Section        4  entry2.o(.ARM.Collect$$$$00002712)
    __lit__00000000                          0x080000fc   Data           4  entry2.o(.ARM.Collect$$$$00002712)
    .text                                    0x08000100   Section        0  main.o(.text)
    .text                                    0x08000204   Section        0  hekr_protocol.o(.text)
    Hekr_Send_Byte                           0x08000205   Thumb Code    12  hekr_protocol.o(.text)
    Sum_Calculate                            0x08000211   Thumb Code    32  hekr_protocol.o(.text)
    Hekr_Send_Frame                          0x08000231   Thumb Code    38  hekr_protocol.o(.text)
    Err_Response                             0x08000257   Thumb Code    38  hekr_protocol.o(.text)
    Hekr_Module_State_Copy                   0x0800027d   Thumb Code    32  hekr_protocol.o(.text)
    Hekr_ValidData_Copy                      0x0800029d   Thumb Code    32  hekr_protocol.o(.text)
    Sum_Check_Is_Err                         0x080002bd   Thumb Code    32  hekr_protocol.o(.text)
    .text                                    0x0800039c   Section        0  led.o(.text)
    .text                                    0x080003c8   Section        0  delay.o(.text)
    .text                                    0x08000514   Section        0  uart.o(.text)
    .text                                    0x08000678   Section        0  bsp.o(.text)
    .text                                    0x080006fc   Section        0  cpu_core.o(.text)
    CPU_NameInit                             0x08000727   Thumb Code     8  cpu_core.o(.text)
    CPU_TS_Init                              0x0800072f   Thumb Code    14  cpu_core.o(.text)
    .text                                    0x080009a4   Section       52  cpu_a.o(.text)
    .text                                    0x080009d8   Section        0  lib_ascii.o(.text)
    .text                                    0x08000c30   Section        0  lib_mem.o(.text)
    Mem_SegAlloc                             0x08000e47   Thumb Code    60  lib_mem.o(.text)
    Mem_SegCalcTotSize                       0x08000e83   Thumb Code    60  lib_mem.o(.text)
    .text                                    0x080015f8   Section        0  lib_str.o(.text)
    Str_FmtNbr_Int32                         0x08001ab1   Thumb Code   476  lib_str.o(.text)
    Str_ParseNbr_Int32                       0x08001cf9   Thumb Code   446  lib_str.o(.text)
    .text                                    0x08001f24   Section      544  lib_mem_a.o(.text)
    .text                                    0x08002144   Section        0  os_cfg_app.o(.text)
    .text                                    0x08002240   Section        0  os_core.o(.text)
    .text                                    0x08003044   Section        0  os_dbg.o(.text)
    .text                                    0x080031f4   Section        0  os_flag.o(.text)
    .text                                    0x0800401c   Section        0  os_int.o(.text)
    .text                                    0x08004460   Section        0  os_mem.o(.text)
    .text                                    0x08004698   Section        0  os_msg.o(.text)
    .text                                    0x080048c4   Section        0  os_mutex.o(.text)
    .text                                    0x08005398   Section        0  os_prio.o(.text)
    .text                                    0x08005414   Section        0  os_q.o(.text)
    .text                                    0x08005cec   Section        0  os_sem.o(.text)
    .text                                    0x0800651c   Section        0  os_stat.o(.text)
    .text                                    0x08006b54   Section        0  os_task.o(.text)
    .text                                    0x08008708   Section        0  os_tick.o(.text)
    .text                                    0x08008c04   Section        0  os_time.o(.text)
    .text                                    0x08009168   Section        0  os_tmr.o(.text)
    .text                                    0x08009980   Section        0  os_cpu_c.o(.text)
    .text                                    0x08009bec   Section        0  start_task.o(.text)
    .text                                    0x08009da0   Section        0  led_task.o(.text)
    .text                                    0x08009e54   Section        0  float_task.o(.text)
    .text                                    0x08009e94   Section        0  protocol_task.o(.text)
    .text                                    0x08009eec   Section        0  misc.o(.text)
    .text                                    0x08009fc8   Section        0  stm32f10x_gpio.o(.text)
    .text                                    0x0800a324   Section        0  stm32f10x_rcc.o(.text)
    .text                                    0x0800a6c8   Section        0  stm32f10x_usart.o(.text)
    .text                                    0x0800aad0   Section       36  startup_stm32f10x_md.o(.text)
    .text                                    0x0800aaf4   Section        0  system_stm32f10x.o(.text)
    SetSysClockTo72                          0x0800aaf5   Thumb Code   214  system_stm32f10x.o(.text)
    SetSysClock                              0x0800abcb   Thumb Code     8  system_stm32f10x.o(.text)
    .text                                    0x0800acd4   Section        0  uldiv.o(.text)
    .text                                    0x0800ad36   Section        0  llshl.o(.text)
    .text                                    0x0800ad54   Section        0  llushr.o(.text)
    .text                                    0x0800ad74   Section       36  init.o(.text)
    CODE                                     0x0800ad98   Section      152  os_cpu_a.o(CODE)
    i.__0printf$5                            0x0800ae30   Section        0  printf5.o(i.__0printf$5)
    i.__scatterload_copy                     0x0800ae50   Section       14  handlers.o(i.__scatterload_copy)
    i.__scatterload_null                     0x0800ae5e   Section        2  handlers.o(i.__scatterload_null)
    i.__scatterload_zeroinit                 0x0800ae60   Section       14  handlers.o(i.__scatterload_zeroinit)
    i._printf_core                           0x0800ae70   Section        0  printf5.o(i._printf_core)
    _printf_core                             0x0800ae71   Thumb Code   658  printf5.o(i._printf_core)
    .constdata                               0x0800b130   Section      260  cpu_core.o(.constdata)
    CPU_CntLeadZerosTbl                      0x0800b130   Data         256  cpu_core.o(.constdata)
    .constdata                               0x0800b234   Section      148  lib_str.o(.constdata)
    Str_MultOvfThTbl_Int32U                  0x0800b234   Data         148  lib_str.o(.constdata)
    .constdata                               0x0800b2c8   Section      164  os_cfg_app.o(.constdata)
    .constdata                               0x0800b36c   Section      364  os_dbg.o(.constdata)
    .data                                    0x20000000   Section        4  delay.o(.data)
    fac_us                                   0x20000000   Data           1  delay.o(.data)
    fac_ms                                   0x20000002   Data           2  delay.o(.data)
    .data                                    0x20000004   Section        3  uart.o(.data)
    temp_flag                                0x20000006   Data           1  uart.o(.data)
    .data                                    0x20000008   Section        4  cpu_core.o(.data)
    .data                                    0x2000000c   Section        4  lib_mem.o(.data)
    .data                                    0x20000010   Section        8  os_prio.o(.data)
    .data                                    0x20000018   Section      200  os_var.o(.data)
    .data                                    0x200000e0   Section        4  os_cpu_c.o(.data)
    .data                                    0x200000e4   Section        1  protocol_task.o(.data)
    Date_Handle_Flag                         0x200000e4   Data           1  protocol_task.o(.data)
    .data                                    0x200000e5   Section       20  stm32f10x_rcc.o(.data)
    APBAHBPrescTable                         0x200000e5   Data          16  stm32f10x_rcc.o(.data)
    ADCPrescTable                            0x200000f5   Data           4  stm32f10x_rcc.o(.data)
    .data                                    0x200000fc   Section       20  system_stm32f10x.o(.data)
    .data                                    0x20000110   Section        4  stdout.o(.data)
    .bss                                     0x20000114   Section       55  hekr_protocol.o(.bss)
    .bss                                     0x2000014b   Section       20  uart.o(.bss)
    .bss                                     0x2000015f   Section       16  cpu_core.o(.bss)
    .bss                                     0x20000170   Section     1096  lib_mem.o(.bss)
    .bss                                     0x200005b8   Section     5264  os_cfg_app.o(.bss)
    .bss                                     0x20001a48   Section     1760  os_var.o(.bss)
    .bss                                     0x20002128   Section     2776  start_task.o(.bss)
    .bss                                     0x20002c00   Section      708  led_task.o(.bss)
    .bss                                     0x20002ec8   Section      712  float_task.o(.bss)
    .bss                                     0x20003190   Section      708  protocol_task.o(.bss)
    STACK                                    0x20003458   Section     1024  startup_stm32f10x_md.o(STACK)

    Global Symbols

    Symbol Name                              Value     Ov Type        Size  Object(Section)

    BuildAttributes$$THM_ISAv4$P$D$K$B$S$PE$A:L22UL41UL21$X:L11$S22US41US21$IEEE1$IW$USESV6$~STKCKD$USESV7$~SHL$OSPACE$ROPI$EBA8$MICROLIB$REQ8$PRES8$EABIv2 0x00000000   Number         0  anon$$obj.o ABSOLUTE
    __ARM_use_no_argv                        0x00000000   Number         0  main.o ABSOLUTE
    _printf_a                                0x00000000   Number         0  stubs.o ABSOLUTE
    _printf_c                                0x00000000   Number         0  stubs.o ABSOLUTE
    _printf_charcount                        0x00000000   Number         0  stubs.o ABSOLUTE
    _printf_d                                0x00000000   Number         0  stubs.o ABSOLUTE
    _printf_e                                0x00000000   Number         0  stubs.o ABSOLUTE
    _printf_f                                0x00000000   Number         0  stubs.o ABSOLUTE
    _printf_flags                            0x00000000   Number         0  stubs.o ABSOLUTE
    _printf_fp_dec                           0x00000000   Number         0  stubs.o ABSOLUTE
    _printf_fp_hex                           0x00000000   Number         0  stubs.o ABSOLUTE
    _printf_g                                0x00000000   Number         0  stubs.o ABSOLUTE
    _printf_i                                0x00000000   Number         0  stubs.o ABSOLUTE
    _printf_int_dec                          0x00000000   Number         0  stubs.o ABSOLUTE
    _printf_l                                0x00000000   Number         0  stubs.o ABSOLUTE
    _printf_lc                               0x00000000   Number         0  stubs.o ABSOLUTE
    _printf_ll                               0x00000000   Number         0  stubs.o ABSOLUTE
    _printf_lld                              0x00000000   Number         0  stubs.o ABSOLUTE
    _printf_lli                              0x00000000   Number         0  stubs.o ABSOLUTE
    _printf_llo                              0x00000000   Number         0  stubs.o ABSOLUTE
    _printf_llu                              0x00000000   Number         0  stubs.o ABSOLUTE
    _printf_llx                              0x00000000   Number         0  stubs.o ABSOLUTE
    _printf_longlong_dec                     0x00000000   Number         0  stubs.o ABSOLUTE
    _printf_longlong_hex                     0x00000000   Number         0  stubs.o ABSOLUTE
    _printf_longlong_oct                     0x00000000   Number         0  stubs.o ABSOLUTE
    _printf_ls                               0x00000000   Number         0  stubs.o ABSOLUTE
    _printf_mbtowc                           0x00000000   Number         0  stubs.o ABSOLUTE
    _printf_n                                0x00000000   Number         0  stubs.o ABSOLUTE
    _printf_o                                0x00000000   Number         0  stubs.o ABSOLUTE
    _printf_p                                0x00000000   Number         0  stubs.o ABSOLUTE
    _printf_percent                          0x00000000   Number         0  stubs.o ABSOLUTE
    _printf_pre_padding                      0x00000000   Number         0  stubs.o ABSOLUTE
    _printf_return_value                     0x00000000   Number         0  stubs.o ABSOLUTE
    _printf_s                                0x00000000   Number         0  stubs.o ABSOLUTE
    _printf_sizespec                         0x00000000   Number         0  stubs.o ABSOLUTE
    _printf_str                              0x00000000   Number         0  stubs.o ABSOLUTE
    _printf_truncate_signed                  0x00000000   Number         0  stubs.o ABSOLUTE
    _printf_truncate_unsigned                0x00000000   Number         0  stubs.o ABSOLUTE
    _printf_u                                0x00000000   Number         0  stubs.o ABSOLUTE
    _printf_wc                               0x00000000   Number         0  stubs.o ABSOLUTE
    _printf_wctomb                           0x00000000   Number         0  stubs.o ABSOLUTE
    _printf_widthprec                        0x00000000   Number         0  stubs.o ABSOLUTE
    _printf_x                                0x00000000   Number         0  stubs.o ABSOLUTE
    __cpp_initialize__aeabi_                  - Undefined Weak Reference
    __cxa_finalize                            - Undefined Weak Reference
    __decompress                              - Undefined Weak Reference
    _clock_init                               - Undefined Weak Reference
    _microlib_exit                            - Undefined Weak Reference
    __Vectors_Size                           0x000000ec   Number         0  startup_stm32f10x_md.o ABSOLUTE
    __Vectors                                0x08000000   Data           4  startup_stm32f10x_md.o(RESET)
    __Vectors_End                            0x080000ec   Data           0  startup_stm32f10x_md.o(RESET)
    __main                                   0x080000ed   Thumb Code     0  entry.o(.ARM.Collect$$$$00000000)
    _main_stk                                0x080000ed   Thumb Code     0  entry2.o(.ARM.Collect$$$$00000001)
    _main_scatterload                        0x080000f1   Thumb Code     0  entry5.o(.ARM.Collect$$$$00000004)
    __main_after_scatterload                 0x080000f5   Thumb Code     0  entry5.o(.ARM.Collect$$$$00000004)
    _main_clock                              0x080000f5   Thumb Code     0  entry7b.o(.ARM.Collect$$$$00000008)
    _main_cpp_init                           0x080000f5   Thumb Code     0  entry8b.o(.ARM.Collect$$$$0000000A)
    _main_init                               0x080000f5   Thumb Code     0  entry9a.o(.ARM.Collect$$$$0000000B)
    __rt_final_cpp                           0x080000fd   Thumb Code     0  entry10a.o(.ARM.Collect$$$$0000000D)
    __rt_final_exit                          0x080000fd   Thumb Code     0  entry11a.o(.ARM.Collect$$$$0000000F)
    BSP_init                                 0x08000101   Thumb Code    24  main.o(.text)
    main                                     0x08000119   Thumb Code   204  main.o(.text)
    Hekr_RecvData_Handle                     0x080002dd   Thumb Code    90  hekr_protocol.o(.text)
    Hekr_ValidData_Upload                    0x08000337   Thumb Code    50  hekr_protocol.o(.text)
    Hekr_Module_Control                      0x08000369   Thumb Code    38  hekr_protocol.o(.text)
    LED_init                                 0x0800039d   Thumb Code    40  led.o(.text)
    delay_osschedlock                        0x080003c9   Thumb Code    10  delay.o(.text)
    delay_osschedunlock                      0x080003d3   Thumb Code    10  delay.o(.text)
    delay_ostimedly                          0x080003dd   Thumb Code    16  delay.o(.text)
    SysTick_Handler                          0x080003ed   Thumb Code    24  delay.o(.text)
    delay_init                               0x08000405   Thumb Code    92  delay.o(.text)
    delay_us                                 0x08000461   Thumb Code    86  delay.o(.text)
    delay_ms                                 0x080004b7   Thumb Code    66  delay.o(.text)
    Uart3_init                               0x08000515   Thumb Code   160  uart.o(.text)
    Recv_Protocol                            0x080005b5   Thumb Code   102  uart.o(.text)
    USART3_IRQHandler                        0x0800061b   Thumb Code    26  uart.o(.text)
    UART3_SendChar                           0x08000635   Thumb Code    22  uart.o(.text)
    fputc                                    0x0800064b   Thumb Code    16  uart.o(.text)
    BSP_CPU_ClkFreq                          0x08000679   Thumb Code    16  bsp.o(.text)
    CPU_TS_TmrInit                           0x08000689   Thumb Code    44  bsp.o(.text)
    CPU_TS_TmrRd                             0x080006b5   Thumb Code     6  bsp.o(.text)
    CPU_TS32_to_uSec                         0x080006bb   Thumb Code    54  bsp.o(.text)
    CPU_NameClr                              0x080006fd   Thumb Code    42  cpu_core.o(.text)
    CPU_Init                                 0x0800073d   Thumb Code    12  cpu_core.o(.text)
    CPU_SW_Exception                         0x08000749   Thumb Code     4  cpu_core.o(.text)
    CPU_NameGet                              0x0800074d   Thumb Code    70  cpu_core.o(.text)
    CPU_NameSet                              0x08000793   Thumb Code    96  cpu_core.o(.text)
    CPU_TS_Get32                             0x080007f3   Thumb Code    12  cpu_core.o(.text)
    CPU_TS_Update                            0x080007ff   Thumb Code     2  cpu_core.o(.text)
    CPU_TS_TmrFreqGet                        0x08000801   Thumb Code    30  cpu_core.o(.text)
    CPU_TS_TmrFreqSet                        0x0800081f   Thumb Code     6  cpu_core.o(.text)
    CPU_CntLeadZeros08                       0x08000825   Thumb Code    18  cpu_core.o(.text)
    CPU_CntLeadZeros16                       0x08000837   Thumb Code    18  cpu_core.o(.text)
    CPU_CntLeadZeros32                       0x08000849   Thumb Code    18  cpu_core.o(.text)
    CPU_CntLeadZeros64                       0x0800085b   Thumb Code   188  cpu_core.o(.text)
    CPU_CntTrailZeros08                      0x08000917   Thumb Code    22  cpu_core.o(.text)
    CPU_CntTrailZeros16                      0x0800092d   Thumb Code    22  cpu_core.o(.text)
    CPU_CntTrailZeros32                      0x08000943   Thumb Code    22  cpu_core.o(.text)
    CPU_CntTrailZeros64                      0x08000959   Thumb Code    62  cpu_core.o(.text)
    CPU_IntDis                               0x080009a5   Thumb Code     0  cpu_a.o(.text)
    CPU_IntEn                                0x080009a9   Thumb Code     0  cpu_a.o(.text)
    CPU_SR_Save                              0x080009ad   Thumb Code     0  cpu_a.o(.text)
    CPU_SR_Restore                           0x080009b5   Thumb Code     0  cpu_a.o(.text)
    CPU_WaitForInt                           0x080009bb   Thumb Code     0  cpu_a.o(.text)
    CPU_WaitForExcept                        0x080009bf   Thumb Code     0  cpu_a.o(.text)
    CPU_CntLeadZeros                         0x080009c3   Thumb Code     0  cpu_a.o(.text)
    CPU_CntTrailZeros                        0x080009c9   Thumb Code     0  cpu_a.o(.text)
    CPU_RevBits                              0x080009d3   Thumb Code     0  cpu_a.o(.text)
    ASCII_IsAlpha                            0x080009d9   Thumb Code    48  lib_ascii.o(.text)
    ASCII_IsAlphaNum                         0x08000a09   Thumb Code    76  lib_ascii.o(.text)
    ASCII_IsLower                            0x08000a55   Thumb Code    20  lib_ascii.o(.text)
    ASCII_IsUpper                            0x08000a69   Thumb Code    20  lib_ascii.o(.text)
    ASCII_IsDig                              0x08000a7d   Thumb Code    20  lib_ascii.o(.text)
    ASCII_IsDigOct                           0x08000a91   Thumb Code    20  lib_ascii.o(.text)
    ASCII_IsDigHex                           0x08000aa5   Thumb Code    36  lib_ascii.o(.text)
    ASCII_IsBlank                            0x08000ac9   Thumb Code    20  lib_ascii.o(.text)
    ASCII_IsSpace                            0x08000add   Thumb Code    36  lib_ascii.o(.text)
    ASCII_IsPrint                            0x08000b01   Thumb Code    20  lib_ascii.o(.text)
    ASCII_IsGraph                            0x08000b15   Thumb Code    20  lib_ascii.o(.text)
    ASCII_IsPunct                            0x08000b29   Thumb Code   134  lib_ascii.o(.text)
    ASCII_IsCtrl                             0x08000baf   Thumb Code    26  lib_ascii.o(.text)
    ASCII_ToLower                            0x08000bc9   Thumb Code    32  lib_ascii.o(.text)
    ASCII_ToUpper                            0x08000be9   Thumb Code    32  lib_ascii.o(.text)
    ASCII_Cmp                                0x08000c09   Thumb Code    38  lib_ascii.o(.text)
    Mem_Init                                 0x08000c31   Thumb Code    54  lib_mem.o(.text)
    Mem_Set                                  0x08000c67   Thumb Code    84  lib_mem.o(.text)
    Mem_Clr                                  0x08000cbb   Thumb Code    18  lib_mem.o(.text)
    Mem_Move                                 0x08000ccd   Thumb Code   186  lib_mem.o(.text)
    Mem_Cmp                                  0x08000d87   Thumb Code   192  lib_mem.o(.text)
    Mem_HeapAlloc                            0x08000ebf   Thumb Code   168  lib_mem.o(.text)
    Mem_SegGetSizeRem                        0x08000f67   Thumb Code   108  lib_mem.o(.text)
    Mem_HeapGetSizeRem                       0x08000fd3   Thumb Code    22  lib_mem.o(.text)
    Mem_PoolClr                              0x08000fe9   Thumb Code    80  lib_mem.o(.text)
    Mem_PoolCreate                           0x08001039   Thumb Code   838  lib_mem.o(.text)
    Mem_PoolBlkGetNbrAvail                   0x0800137f   Thumb Code    52  lib_mem.o(.text)
    Mem_PoolBlkGet                           0x080013b3   Thumb Code   126  lib_mem.o(.text)
    Mem_PoolBlkGetUsedAtIx                   0x08001431   Thumb Code   140  lib_mem.o(.text)
    Mem_PoolBlkFree                          0x080014bd   Thumb Code   152  lib_mem.o(.text)
    Mem_PoolBlkIxGet                         0x08001555   Thumb Code   162  lib_mem.o(.text)
    Str_Len_N                                0x080015f9   Thumb Code    28  lib_str.o(.text)
    Str_Len                                  0x08001615   Thumb Code    20  lib_str.o(.text)
    Str_Copy_N                               0x08001629   Thumb Code    70  lib_str.o(.text)
    Str_Copy                                 0x0800166f   Thumb Code    24  lib_str.o(.text)
    Str_Cat_N                                0x08001687   Thumb Code    90  lib_str.o(.text)
    Str_Cat                                  0x080016e1   Thumb Code    24  lib_str.o(.text)
    Str_Cmp_N                                0x080016f9   Thumb Code   156  lib_str.o(.text)
    Str_Cmp                                  0x08001795   Thumb Code    24  lib_str.o(.text)
    Str_CmpIgnoreCase_N                      0x080017ad   Thumb Code   264  lib_str.o(.text)
    Str_CmpIgnoreCase                        0x080018b5   Thumb Code    24  lib_str.o(.text)
    Str_Char_N                               0x080018cd   Thumb Code    74  lib_str.o(.text)
    Str_Char                                 0x08001917   Thumb Code    24  lib_str.o(.text)
    Str_Char_Last_N                          0x0800192f   Thumb Code    76  lib_str.o(.text)
    Str_Char_Last                            0x0800197b   Thumb Code    24  lib_str.o(.text)
    Str_Char_Replace_N                       0x08001993   Thumb Code    52  lib_str.o(.text)
    Str_Char_Replace                         0x080019c7   Thumb Code    28  lib_str.o(.text)
    Str_Str_N                                0x080019e3   Thumb Code   182  lib_str.o(.text)
    Str_Str                                  0x08001a99   Thumb Code    24  lib_str.o(.text)
    Str_FmtNbr_Int32U                        0x08001c8d   Thumb Code    46  lib_str.o(.text)
    Str_FmtNbr_Int32S                        0x08001cbb   Thumb Code    62  lib_str.o(.text)
    Str_ParseNbr_Int32U                      0x08001eb7   Thumb Code    30  lib_str.o(.text)
    Str_ParseNbr_Int32S                      0x08001ed5   Thumb Code    74  lib_str.o(.text)
    Mem_Copy                                 0x08001f25   Thumb Code     0  lib_mem_a.o(.text)
    OSCfg_Init                               0x08002145   Thumb Code    86  os_cfg_app.o(.text)
    OS_IdleTask                              0x08002241   Thumb Code    60  os_core.o(.text)
    OS_IdleTaskInit                          0x0800227d   Thumb Code    68  os_core.o(.text)
    OS_RdyListInit                           0x080022c1   Thumb Code    32  os_core.o(.text)
    OSInit                                   0x080022e1   Thumb Code   300  os_core.o(.text)
    OSIntEnter                               0x0800240d   Thumb Code    34  os_core.o(.text)
    OSIntExit                                0x0800242f   Thumb Code   192  os_core.o(.text)
    OSSched                                  0x080024ef   Thumb Code   134  os_core.o(.text)
    OS_SchedLockTimeMeasStart                0x08002575   Thumb Code    20  os_core.o(.text)
    OSSchedLock                              0x08002589   Thumb Code   104  os_core.o(.text)
    OS_SchedLockTimeMeasStop                 0x080025f1   Thumb Code    44  os_core.o(.text)
    OSSchedUnlock                            0x0800261d   Thumb Code   290  os_core.o(.text)
    OSSchedRoundRobinCfg                     0x0800273f   Thumb Code    88  os_core.o(.text)
    OS_RdyListMoveHeadToTail                 0x08002797   Thumb Code    68  os_core.o(.text)
    OSSchedRoundRobinYield                   0x080027db   Thumb Code   164  os_core.o(.text)
    OSStart                                  0x0800287f   Thumb Code    78  os_core.o(.text)
    OSVersion                                0x080028cd   Thumb Code    12  os_core.o(.text)
    OS_PendDbgNameAdd                        0x080028d9   Thumb Code    66  os_core.o(.text)
    OS_PendListInsertPrio                    0x0800291b   Thumb Code   102  os_core.o(.text)
    OS_PendDataInit                          0x08002981   Thumb Code    38  os_core.o(.text)
    OS_RdyListRemove                         0x080029a7   Thumb Code    86  os_core.o(.text)
    OS_TaskBlock                             0x080029fd   Thumb Code    56  os_core.o(.text)
    OS_Pend                                  0x08002a35   Thumb Code    98  os_core.o(.text)
    OS_PendListRemove1                       0x08002a97   Thumb Code   134  os_core.o(.text)
    OS_PendListRemove                        0x08002b1d   Thumb Code    48  os_core.o(.text)
    OS_PendAbort1                            0x08002b4d   Thumb Code    36  os_core.o(.text)
    OS_RdyListInsertHead                     0x08002b71   Thumb Code    58  os_core.o(.text)
    OS_RdyListInsertTail                     0x08002bab   Thumb Code    56  os_core.o(.text)
    OS_RdyListInsert                         0x08002be3   Thumb Code    40  os_core.o(.text)
    OS_TaskRdy                               0x08002c0b   Thumb Code    28  os_core.o(.text)
    OS_PendAbort                             0x08002c27   Thumb Code   166  os_core.o(.text)
    OS_PendDbgNameRemove                     0x08002ccd   Thumb Code    34  os_core.o(.text)
    OS_PendListChangePrio                    0x08002cef   Thumb Code    70  os_core.o(.text)
    OS_PendListInit                          0x08002d35   Thumb Code    10  os_core.o(.text)
    OS_PendListInsertHead                    0x08002d3f   Thumb Code    32  os_core.o(.text)
    OS_PendObjDel1                           0x08002d5f   Thumb Code    36  os_core.o(.text)
    OS_PendObjDel                            0x08002d83   Thumb Code   162  os_core.o(.text)
    OS_Post1                                 0x08002e25   Thumb Code    42  os_core.o(.text)
    OS_Post                                  0x08002e4f   Thumb Code   192  os_core.o(.text)
    OS_Sched0                                0x08002f0f   Thumb Code   102  os_core.o(.text)
    OS_SchedRoundRobin                       0x08002f75   Thumb Code   190  os_core.o(.text)
    OS_Dbg_Init                              0x08003045   Thumb Code   146  os_dbg.o(.text)
    OS_FlagDbgListAdd                        0x080031f5   Thumb Code    38  os_flag.o(.text)
    OSFlagCreate                             0x0800321b   Thumb Code   172  os_flag.o(.text)
    OS_FlagClr                               0x080032c7   Thumb Code    28  os_flag.o(.text)
    OS_FlagDbgListRemove                     0x080032e3   Thumb Code    44  os_flag.o(.text)
    OSFlagDel                                0x0800330f   Thumb Code   594  os_flag.o(.text)
    OS_FlagBlock                             0x08003561   Thumb Code    58  os_flag.o(.text)
    OSFlagPend                               0x0800359b   Thumb Code  1488  os_flag.o(.text)
    OSFlagPendAbort                          0x08003b6b   Thumb Code   292  os_flag.o(.text)
    OSFlagPendGetFlagsRdy                    0x08003c8f   Thumb Code    68  os_flag.o(.text)
    OS_FlagTaskRdy                           0x08003cd3   Thumb Code    86  os_flag.o(.text)
    OS_FlagPost                              0x08003d29   Thumb Code   570  os_flag.o(.text)
    OSFlagPost                               0x08003f63   Thumb Code   146  os_flag.o(.text)
    OS_FlagInit                              0x08003ff5   Thumb Code    14  os_flag.o(.text)
    OS_IntQPost                              0x0800401d   Thumb Code   216  os_int.o(.text)
    OS_IntQRePost                            0x080040f5   Thumb Code   360  os_int.o(.text)
    OS_IntQTask                              0x0800425d   Thumb Code   162  os_int.o(.text)
    OS_IntQTaskInit                          0x080042ff   Thumb Code   208  os_int.o(.text)
    OS_MemDbgListAdd                         0x08004461   Thumb Code    34  os_mem.o(.text)
    OSMemCreate                              0x08004483   Thumb Code   288  os_mem.o(.text)
    OSMemGet                                 0x080045a3   Thumb Code   100  os_mem.o(.text)
    OSMemPut                                 0x08004607   Thumb Code   112  os_mem.o(.text)
    OS_MemInit                               0x08004677   Thumb Code    14  os_mem.o(.text)
    OS_MsgPoolCreate                         0x08004699   Thumb Code    54  os_msg.o(.text)
    OS_MsgPoolInit                           0x080046cf   Thumb Code    70  os_msg.o(.text)
    OS_MsgQFreeAll                           0x08004715   Thumb Code    62  os_msg.o(.text)
    OS_MsgQInit                              0x08004753   Thumb Code    14  os_msg.o(.text)
    OS_MsgQGet                               0x08004761   Thumb Code    98  os_msg.o(.text)
    OS_MsgQPut                               0x080047c3   Thumb Code   246  os_msg.o(.text)
    OS_MutexDbgListAdd                       0x080048c5   Thumb Code    38  os_mutex.o(.text)
    OSMutexCreate                            0x080048eb   Thumb Code   178  os_mutex.o(.text)
    OS_MutexClr                              0x0800499d   Thumb Code    38  os_mutex.o(.text)
    OS_MutexDbgListRemove                    0x080049c3   Thumb Code    44  os_mutex.o(.text)
    OSMutexDel                               0x080049ef   Thumb Code   842  os_mutex.o(.text)
    OSMutexPend                              0x08004d39   Thumb Code   706  os_mutex.o(.text)
    OSMutexPendAbort                         0x08004ffb   Thumb Code   314  os_mutex.o(.text)
    OSMutexPost                              0x08005135   Thumb Code   564  os_mutex.o(.text)
    OS_MutexInit                             0x08005369   Thumb Code    14  os_mutex.o(.text)
    OS_PrioInit                              0x08005399   Thumb Code    20  os_prio.o(.text)
    OS_PrioGetHighest                        0x080053ad   Thumb Code    36  os_prio.o(.text)
    OS_PrioInsert                            0x080053d1   Thumb Code    32  os_prio.o(.text)
    OS_PrioRemove                            0x080053f1   Thumb Code    32  os_prio.o(.text)
    OS_QDbgListAdd                           0x08005415   Thumb Code    38  os_q.o(.text)
    OSQCreate                                0x0800543b   Thumb Code   186  os_q.o(.text)
    OS_QClr                                  0x080054f5   Thumb Code    40  os_q.o(.text)
    OS_QDbgListRemove                        0x0800551d   Thumb Code    44  os_q.o(.text)
    OSQDel                                   0x08005549   Thumb Code   362  os_q.o(.text)
    OSQFlush                                 0x080056b3   Thumb Code   210  os_q.o(.text)
    OSQPend                                  0x08005785   Thumb Code   538  os_q.o(.text)
    OSQPendAbort                             0x0800599f   Thumb Code   292  os_q.o(.text)
    OS_QPost                                 0x08005ac3   Thumb Code   324  os_q.o(.text)
    OSQPost                                  0x08005c07   Thumb Code   198  os_q.o(.text)
    OS_QInit                                 0x08005ccd   Thumb Code    14  os_q.o(.text)
    OS_SemDbgListAdd                         0x08005ced   Thumb Code    38  os_sem.o(.text)
    OSSemCreate                              0x08005d13   Thumb Code   172  os_sem.o(.text)
    OS_SemClr                                0x08005dbf   Thumb Code    28  os_sem.o(.text)
    OS_SemDbgListRemove                      0x08005ddb   Thumb Code    44  os_sem.o(.text)
    OSSemDel                                 0x08005e07   Thumb Code   362  os_sem.o(.text)
    OSSemPend                                0x08005f71   Thumb Code   504  os_sem.o(.text)
    OSSemPendAbort                           0x08006169   Thumb Code   292  os_sem.o(.text)
    OS_SemPost                               0x0800628d   Thumb Code   350  os_sem.o(.text)
    OSSemPost                                0x080063eb   Thumb Code   144  os_sem.o(.text)
    OSSemSet                                 0x0800647b   Thumb Code   138  os_sem.o(.text)
    OS_SemInit                               0x08006505   Thumb Code    14  os_sem.o(.text)
    OSStatReset                              0x0800651d   Thumb Code   270  os_stat.o(.text)
    OSStatTaskCPUUsageInit                   0x0800662b   Thumb Code   212  os_stat.o(.text)
    OS_StatTask                              0x080066ff   Thumb Code   888  os_stat.o(.text)
    OS_StatTaskInit                          0x08006a77   Thumb Code   138  os_stat.o(.text)
    OSTaskChangePrio                         0x08006b55   Thumb Code   416  os_task.o(.text)
    OS_TaskDbgListAdd                        0x08006cf5   Thumb Code    42  os_task.o(.text)
    OS_TaskInitTCB                           0x08006d1f   Thumb Code   186  os_task.o(.text)
    OSTaskCreate                             0x08006dd9   Thumb Code   616  os_task.o(.text)
    OS_TaskDbgListRemove                     0x08007041   Thumb Code    64  os_task.o(.text)
    OSTaskDel                                0x08007081   Thumb Code   424  os_task.o(.text)
    OSTaskQFlush                             0x08007229   Thumb Code   214  os_task.o(.text)
    OSTaskQPend                              0x080072ff   Thumb Code   554  os_task.o(.text)
    OSTaskQPendAbort                         0x08007529   Thumb Code   242  os_task.o(.text)
    OS_TaskQPost                             0x0800761b   Thumb Code   526  os_task.o(.text)
    OSTaskQPost                              0x08007829   Thumb Code   114  os_task.o(.text)
    OSTaskRegGet                             0x0800789b   Thumb Code    78  os_task.o(.text)
    OSTaskRegGetID                           0x080078e9   Thumb Code    84  os_task.o(.text)
    OSTaskRegSet                             0x0800793d   Thumb Code    78  os_task.o(.text)
    OS_TaskResume                            0x0800798b   Thumb Code   314  os_task.o(.text)
    OSTaskResume                             0x08007ac5   Thumb Code   112  os_task.o(.text)
    OSTaskSemPend                            0x08007b35   Thumb Code   550  os_task.o(.text)
    OSTaskSemPendAbort                       0x08007d5b   Thumb Code   270  os_task.o(.text)
    OS_TaskSemPost                           0x08007e69   Thumb Code  1224  os_task.o(.text)
    OSTaskSemPost                            0x08008331   Thumb Code    98  os_task.o(.text)
    OSTaskSemSet                             0x08008393   Thumb Code    80  os_task.o(.text)
    OSTaskStkChk                             0x080083e3   Thumb Code   224  os_task.o(.text)
    OS_TaskSuspend                           0x080084c3   Thumb Code   328  os_task.o(.text)
    OSTaskSuspend                            0x0800860b   Thumb Code    78  os_task.o(.text)
    OSTaskTimeQuantaSet                      0x08008659   Thumb Code    96  os_task.o(.text)
    OS_TaskInit                              0x080086b9   Thumb Code    18  os_task.o(.text)
    OS_TaskReturn                            0x080086cb   Thumb Code    20  os_task.o(.text)
    OS_TickListRemove                        0x08008709   Thumb Code    56  os_tick.o(.text)
    OS_TickListUpdate                        0x08008741   Thumb Code   480  os_tick.o(.text)
    OS_TickTask                              0x08008921   Thumb Code    38  os_tick.o(.text)
    OS_TickListInit                          0x08008947   Thumb Code    32  os_tick.o(.text)
    OS_TickTaskInit                          0x08008967   Thumb Code   130  os_tick.o(.text)
    OS_TickListInsert                        0x080089e9   Thumb Code   502  os_tick.o(.text)
    OS_TickListResetPeak                     0x08008bdf   Thumb Code    28  os_tick.o(.text)
    OSTimeDly                                0x08008c05   Thumb Code   266  os_time.o(.text)
    OSTimeDlyHMSM                            0x08008d0f   Thumb Code   480  os_time.o(.text)
    OSTimeDlyResume                          0x08008eef   Thumb Code   466  os_time.o(.text)
    OSTimeGet                                0x080090c1   Thumb Code    46  os_time.o(.text)
    OSTimeSet                                0x080090ef   Thumb Code    46  os_time.o(.text)
    OSTimeTick                               0x0800911d   Thumb Code    54  os_time.o(.text)
    OS_TmrDbgListAdd                         0x08009169   Thumb Code    34  os_tmr.o(.text)
    OSTmrCreate                              0x0800918b   Thumb Code   248  os_tmr.o(.text)
    OS_TmrClr                                0x08009283   Thumb Code    36  os_tmr.o(.text)
    OS_TmrUnlink                             0x080092a7   Thumb Code    72  os_tmr.o(.text)
    OS_TmrDbgListRemove                      0x080092ef   Thumb Code    44  os_tmr.o(.text)
    OSTmrDel                                 0x0800931b   Thumb Code   176  os_tmr.o(.text)
    OSTmrRemainGet                           0x080093cb   Thumb Code   184  os_tmr.o(.text)
    OS_TmrLink                               0x08009483   Thumb Code   196  os_tmr.o(.text)
    OSTmrStart                               0x08009547   Thumb Code   210  os_tmr.o(.text)
    OSTmrStateGet                            0x08009619   Thumb Code   134  os_tmr.o(.text)
    OSTmrStop                                0x0800969f   Thumb Code   232  os_tmr.o(.text)
    OS_TmrTask                               0x08009787   Thumb Code   176  os_tmr.o(.text)
    OS_TmrInit                               0x08009837   Thumb Code   208  os_tmr.o(.text)
    OS_TmrResetPeak                          0x08009907   Thumb Code    28  os_tmr.o(.text)
    OSIdleTaskHook                           0x08009981   Thumb Code    16  os_cpu_c.o(.text)
    OSInitHook                               0x08009991   Thumb Code    42  os_cpu_c.o(.text)
    OSStatTaskHook                           0x080099bb   Thumb Code    16  os_cpu_c.o(.text)
    OSTaskCreateHook                         0x080099cb   Thumb Code    20  os_cpu_c.o(.text)
    OSTaskDelHook                            0x080099df   Thumb Code    20  os_cpu_c.o(.text)
    OSTaskReturnHook                         0x080099f3   Thumb Code    20  os_cpu_c.o(.text)
    OSTaskStkInit                            0x08009a07   Thumb Code   188  os_cpu_c.o(.text)
    OSTaskSwHook                             0x08009ac3   Thumb Code   120  os_cpu_c.o(.text)
    OSTimeTickHook                           0x08009b3b   Thumb Code    16  os_cpu_c.o(.text)
    OS_CPU_SysTickHandler                    0x08009b4b   Thumb Code    52  os_cpu_c.o(.text)
    OS_CPU_SysTickInit                       0x08009b7f   Thumb Code    44  os_cpu_c.o(.text)
    start_task                               0x08009bed   Thumb Code   332  start_task.o(.text)
    led0_task                                0x08009da1   Thumb Code   104  led_task.o(.text)
    float_task                               0x08009e55   Thumb Code    34  float_task.o(.text)
    protocol_task                            0x08009e95   Thumb Code    78  protocol_task.o(.text)
    NVIC_PriorityGroupConfig                 0x08009eed   Thumb Code    10  misc.o(.text)
    NVIC_Init                                0x08009ef7   Thumb Code   100  misc.o(.text)
    NVIC_SetVectorTable                      0x08009f5b   Thumb Code    14  misc.o(.text)
    NVIC_SystemLPConfig                      0x08009f69   Thumb Code    34  misc.o(.text)
    SysTick_CLKSourceConfig                  0x08009f8b   Thumb Code    40  misc.o(.text)
    GPIO_DeInit                              0x08009fc9   Thumb Code   172  stm32f10x_gpio.o(.text)
    GPIO_AFIODeInit                          0x0800a075   Thumb Code    20  stm32f10x_gpio.o(.text)
    GPIO_Init                                0x0800a089   Thumb Code   278  stm32f10x_gpio.o(.text)
    GPIO_StructInit                          0x0800a19f   Thumb Code    16  stm32f10x_gpio.o(.text)
    GPIO_ReadInputDataBit                    0x0800a1af   Thumb Code    18  stm32f10x_gpio.o(.text)
    GPIO_ReadInputData                       0x0800a1c1   Thumb Code     8  stm32f10x_gpio.o(.text)
    GPIO_ReadOutputDataBit                   0x0800a1c9   Thumb Code    18  stm32f10x_gpio.o(.text)
    GPIO_ReadOutputData                      0x0800a1db   Thumb Code     8  stm32f10x_gpio.o(.text)
    GPIO_SetBits                             0x0800a1e3   Thumb Code     4  stm32f10x_gpio.o(.text)
    GPIO_ResetBits                           0x0800a1e7   Thumb Code     4  stm32f10x_gpio.o(.text)
    GPIO_WriteBit                            0x0800a1eb   Thumb Code    10  stm32f10x_gpio.o(.text)
    GPIO_Write                               0x0800a1f5   Thumb Code     4  stm32f10x_gpio.o(.text)
    GPIO_PinLockConfig                       0x0800a1f9   Thumb Code    18  stm32f10x_gpio.o(.text)
    GPIO_EventOutputConfig                   0x0800a20b   Thumb Code    26  stm32f10x_gpio.o(.text)
    GPIO_EventOutputCmd                      0x0800a225   Thumb Code     6  stm32f10x_gpio.o(.text)
    GPIO_PinRemapConfig                      0x0800a22b   Thumb Code   138  stm32f10x_gpio.o(.text)
    GPIO_EXTILineConfig                      0x0800a2b5   Thumb Code    66  stm32f10x_gpio.o(.text)
    GPIO_ETH_MediaInterfaceConfig            0x0800a2f7   Thumb Code     8  stm32f10x_gpio.o(.text)
    RCC_DeInit                               0x0800a325   Thumb Code    64  stm32f10x_rcc.o(.text)
    RCC_HSEConfig                            0x0800a365   Thumb Code    70  stm32f10x_rcc.o(.text)
    RCC_GetFlagStatus                        0x0800a3ab   Thumb Code    56  stm32f10x_rcc.o(.text)
    RCC_WaitForHSEStartUp                    0x0800a3e3   Thumb Code    56  stm32f10x_rcc.o(.text)
    RCC_AdjustHSICalibrationValue            0x0800a41b   Thumb Code    20  stm32f10x_rcc.o(.text)
    RCC_HSICmd                               0x0800a42f   Thumb Code     6  stm32f10x_rcc.o(.text)
    RCC_PLLConfig                            0x0800a435   Thumb Code    24  stm32f10x_rcc.o(.text)
    RCC_PLLCmd                               0x0800a44d   Thumb Code     6  stm32f10x_rcc.o(.text)
    RCC_SYSCLKConfig                         0x0800a453   Thumb Code    18  stm32f10x_rcc.o(.text)
    RCC_GetSYSCLKSource                      0x0800a465   Thumb Code    10  stm32f10x_rcc.o(.text)
    RCC_HCLKConfig                           0x0800a46f   Thumb Code    18  stm32f10x_rcc.o(.text)
    RCC_PCLK1Config                          0x0800a481   Thumb Code    18  stm32f10x_rcc.o(.text)
    RCC_PCLK2Config                          0x0800a493   Thumb Code    20  stm32f10x_rcc.o(.text)
    RCC_ITConfig                             0x0800a4a7   Thumb Code    26  stm32f10x_rcc.o(.text)
    RCC_USBCLKConfig                         0x0800a4c1   Thumb Code     8  stm32f10x_rcc.o(.text)
    RCC_ADCCLKConfig                         0x0800a4c9   Thumb Code    18  stm32f10x_rcc.o(.text)
    RCC_LSEConfig                            0x0800a4db   Thumb Code    50  stm32f10x_rcc.o(.text)
    RCC_LSICmd                               0x0800a50d   Thumb Code     6  stm32f10x_rcc.o(.text)
    RCC_RTCCLKConfig                         0x0800a513   Thumb Code    12  stm32f10x_rcc.o(.text)
    RCC_RTCCLKCmd                            0x0800a51f   Thumb Code     8  stm32f10x_rcc.o(.text)
    RCC_GetClocksFreq                        0x0800a527   Thumb Code   192  stm32f10x_rcc.o(.text)
    RCC_AHBPeriphClockCmd                    0x0800a5e7   Thumb Code    26  stm32f10x_rcc.o(.text)
    RCC_APB2PeriphClockCmd                   0x0800a601   Thumb Code    26  stm32f10x_rcc.o(.text)
    RCC_APB1PeriphClockCmd                   0x0800a61b   Thumb Code    26  stm32f10x_rcc.o(.text)
    RCC_APB2PeriphResetCmd                   0x0800a635   Thumb Code    26  stm32f10x_rcc.o(.text)
    RCC_APB1PeriphResetCmd                   0x0800a64f   Thumb Code    26  stm32f10x_rcc.o(.text)
    RCC_BackupResetCmd                       0x0800a669   Thumb Code     8  stm32f10x_rcc.o(.text)
    RCC_ClockSecuritySystemCmd               0x0800a671   Thumb Code     6  stm32f10x_rcc.o(.text)
    RCC_MCOConfig                            0x0800a677   Thumb Code     6  stm32f10x_rcc.o(.text)
    RCC_ClearFlag                            0x0800a67d   Thumb Code    14  stm32f10x_rcc.o(.text)
    RCC_GetITStatus                          0x0800a68b   Thumb Code    20  stm32f10x_rcc.o(.text)
    RCC_ClearITPendingBit                    0x0800a69f   Thumb Code     6  stm32f10x_rcc.o(.text)
    USART_DeInit                             0x0800a6c9   Thumb Code   134  stm32f10x_usart.o(.text)
    USART_Init                               0x0800a74f   Thumb Code   210  stm32f10x_usart.o(.text)
    USART_StructInit                         0x0800a821   Thumb Code    24  stm32f10x_usart.o(.text)
    USART_ClockInit                          0x0800a839   Thumb Code    34  stm32f10x_usart.o(.text)
    USART_ClockStructInit                    0x0800a85b   Thumb Code    12  stm32f10x_usart.o(.text)
    USART_Cmd                                0x0800a867   Thumb Code    24  stm32f10x_usart.o(.text)
    USART_ITConfig                           0x0800a87f   Thumb Code    74  stm32f10x_usart.o(.text)
    USART_DMACmd                             0x0800a8c9   Thumb Code    18  stm32f10x_usart.o(.text)
    USART_SetAddress                         0x0800a8db   Thumb Code    18  stm32f10x_usart.o(.text)
    USART_WakeUpConfig                       0x0800a8ed   Thumb Code    18  stm32f10x_usart.o(.text)
    USART_ReceiverWakeUpCmd                  0x0800a8ff   Thumb Code    24  stm32f10x_usart.o(.text)
    USART_LINBreakDetectLengthConfig         0x0800a917   Thumb Code    18  stm32f10x_usart.o(.text)
    USART_LINCmd                             0x0800a929   Thumb Code    24  stm32f10x_usart.o(.text)
    USART_SendData                           0x0800a941   Thumb Code     8  stm32f10x_usart.o(.text)
    USART_ReceiveData                        0x0800a949   Thumb Code    10  stm32f10x_usart.o(.text)
    USART_SendBreak                          0x0800a953   Thumb Code    10  stm32f10x_usart.o(.text)
    USART_SetGuardTime                       0x0800a95d   Thumb Code    16  stm32f10x_usart.o(.text)
    USART_SetPrescaler                       0x0800a96d   Thumb Code    16  stm32f10x_usart.o(.text)
    USART_SmartCardCmd                       0x0800a97d   Thumb Code    24  stm32f10x_usart.o(.text)
    USART_SmartCardNACKCmd                   0x0800a995   Thumb Code    24  stm32f10x_usart.o(.text)
    USART_HalfDuplexCmd                      0x0800a9ad   Thumb Code    24  stm32f10x_usart.o(.text)
    USART_OverSampling8Cmd                   0x0800a9c5   Thumb Code    22  stm32f10x_usart.o(.text)
    USART_OneBitMethodCmd                    0x0800a9db   Thumb Code    24  stm32f10x_usart.o(.text)
    USART_IrDAConfig                         0x0800a9f3   Thumb Code    18  stm32f10x_usart.o(.text)
    USART_IrDACmd                            0x0800aa05   Thumb Code    24  stm32f10x_usart.o(.text)
    USART_GetFlagStatus                      0x0800aa1d   Thumb Code    26  stm32f10x_usart.o(.text)
    USART_ClearFlag                          0x0800aa37   Thumb Code    18  stm32f10x_usart.o(.text)
    USART_GetITStatus                        0x0800aa49   Thumb Code    84  stm32f10x_usart.o(.text)
    USART_ClearITPendingBit                  0x0800aa9d   Thumb Code    52  stm32f10x_usart.o(.text)
    Reset_Handler                            0x0800aad1   Thumb Code     8  startup_stm32f10x_md.o(.text)
    NMI_Handler                              0x0800aad9   Thumb Code     2  startup_stm32f10x_md.o(.text)
    HardFault_Handler                        0x0800aadb   Thumb Code     2  startup_stm32f10x_md.o(.text)
    MemManage_Handler                        0x0800aadd   Thumb Code     2  startup_stm32f10x_md.o(.text)
    BusFault_Handler                         0x0800aadf   Thumb Code     2  startup_stm32f10x_md.o(.text)
    UsageFault_Handler                       0x0800aae1   Thumb Code     2  startup_stm32f10x_md.o(.text)
    SVC_Handler                              0x0800aae3   Thumb Code     2  startup_stm32f10x_md.o(.text)
    DebugMon_Handler                         0x0800aae5   Thumb Code     2  startup_stm32f10x_md.o(.text)
    ADC1_2_IRQHandler                        0x0800aaeb   Thumb Code     0  startup_stm32f10x_md.o(.text)
    CAN1_RX1_IRQHandler                      0x0800aaeb   Thumb Code     0  startup_stm32f10x_md.o(.text)
    CAN1_SCE_IRQHandler                      0x0800aaeb   Thumb Code     0  startup_stm32f10x_md.o(.text)
    DMA1_Channel1_IRQHandler                 0x0800aaeb   Thumb Code     0  startup_stm32f10x_md.o(.text)
    DMA1_Channel2_IRQHandler                 0x0800aaeb   Thumb Code     0  startup_stm32f10x_md.o(.text)
    DMA1_Channel3_IRQHandler                 0x0800aaeb   Thumb Code     0  startup_stm32f10x_md.o(.text)
    DMA1_Channel4_IRQHandler                 0x0800aaeb   Thumb Code     0  startup_stm32f10x_md.o(.text)
    DMA1_Channel5_IRQHandler                 0x0800aaeb   Thumb Code     0  startup_stm32f10x_md.o(.text)
    DMA1_Channel6_IRQHandler                 0x0800aaeb   Thumb Code     0  startup_stm32f10x_md.o(.text)
    DMA1_Channel7_IRQHandler                 0x0800aaeb   Thumb Code     0  startup_stm32f10x_md.o(.text)
    EXTI0_IRQHandler                         0x0800aaeb   Thumb Code     0  startup_stm32f10x_md.o(.text)
    EXTI15_10_IRQHandler                     0x0800aaeb   Thumb Code     0  startup_stm32f10x_md.o(.text)
    EXTI1_IRQHandler                         0x0800aaeb   Thumb Code     0  startup_stm32f10x_md.o(.text)
    EXTI2_IRQHandler                         0x0800aaeb   Thumb Code     0  startup_stm32f10x_md.o(.text)
    EXTI3_IRQHandler                         0x0800aaeb   Thumb Code     0  startup_stm32f10x_md.o(.text)
    EXTI4_IRQHandler                         0x0800aaeb   Thumb Code     0  startup_stm32f10x_md.o(.text)
    EXTI9_5_IRQHandler                       0x0800aaeb   Thumb Code     0  startup_stm32f10x_md.o(.text)
    FLASH_IRQHandler                         0x0800aaeb   Thumb Code     0  startup_stm32f10x_md.o(.text)
    I2C1_ER_IRQHandler                       0x0800aaeb   Thumb Code     0  startup_stm32f10x_md.o(.text)
    I2C1_EV_IRQHandler                       0x0800aaeb   Thumb Code     0  startup_stm32f10x_md.o(.text)
    I2C2_ER_IRQHandler                       0x0800aaeb   Thumb Code     0  startup_stm32f10x_md.o(.text)
    I2C2_EV_IRQHandler                       0x0800aaeb   Thumb Code     0  startup_stm32f10x_md.o(.text)
    PVD_IRQHandler                           0x0800aaeb   Thumb Code     0  startup_stm32f10x_md.o(.text)
    RCC_IRQHandler                           0x0800aaeb   Thumb Code     0  startup_stm32f10x_md.o(.text)
    RTCAlarm_IRQHandler                      0x0800aaeb   Thumb Code     0  startup_stm32f10x_md.o(.text)
    RTC_IRQHandler                           0x0800aaeb   Thumb Code     0  startup_stm32f10x_md.o(.text)
    SPI1_IRQHandler                          0x0800aaeb   Thumb Code     0  startup_stm32f10x_md.o(.text)
    SPI2_IRQHandler                          0x0800aaeb   Thumb Code     0  startup_stm32f10x_md.o(.text)
    TAMPER_IRQHandler                        0x0800aaeb   Thumb Code     0  startup_stm32f10x_md.o(.text)
    TIM1_BRK_IRQHandler                      0x0800aaeb   Thumb Code     0  startup_stm32f10x_md.o(.text)
    TIM1_CC_IRQHandler                       0x0800aaeb   Thumb Code     0  startup_stm32f10x_md.o(.text)
    TIM1_TRG_COM_IRQHandler                  0x0800aaeb   Thumb Code     0  startup_stm32f10x_md.o(.text)
    TIM1_UP_IRQHandler                       0x0800aaeb   Thumb Code     0  startup_stm32f10x_md.o(.text)
    TIM2_IRQHandler                          0x0800aaeb   Thumb Code     0  startup_stm32f10x_md.o(.text)
    TIM3_IRQHandler                          0x0800aaeb   Thumb Code     0  startup_stm32f10x_md.o(.text)
    TIM4_IRQHandler                          0x0800aaeb   Thumb Code     0  startup_stm32f10x_md.o(.text)
    USART1_IRQHandler                        0x0800aaeb   Thumb Code     0  startup_stm32f10x_md.o(.text)
    USART2_IRQHandler                        0x0800aaeb   Thumb Code     0  startup_stm32f10x_md.o(.text)
    USBWakeUp_IRQHandler                     0x0800aaeb   Thumb Code     0  startup_stm32f10x_md.o(.text)
    USB_HP_CAN1_TX_IRQHandler                0x0800aaeb   Thumb Code     0  startup_stm32f10x_md.o(.text)
    USB_LP_CAN1_RX0_IRQHandler               0x0800aaeb   Thumb Code     0  startup_stm32f10x_md.o(.text)
    WWDG_IRQHandler                          0x0800aaeb   Thumb Code     0  startup_stm32f10x_md.o(.text)
    SystemInit                               0x0800abd3   Thumb Code    78  system_stm32f10x.o(.text)
    SystemCoreClockUpdate                    0x0800ac21   Thumb Code   142  system_stm32f10x.o(.text)
    __aeabi_uldivmod                         0x0800acd5   Thumb Code    98  uldiv.o(.text)
    __aeabi_llsl                             0x0800ad37   Thumb Code    30  llshl.o(.text)
    _ll_shift_l                              0x0800ad37   Thumb Code     0  llshl.o(.text)
    __aeabi_llsr                             0x0800ad55   Thumb Code    32  llushr.o(.text)
    _ll_ushift_r                             0x0800ad55   Thumb Code     0  llushr.o(.text)
    __scatterload                            0x0800ad75   Thumb Code    28  init.o(.text)
    __scatterload_rt2                        0x0800ad75   Thumb Code     0  init.o(.text)
    OSStartHighRdy                           0x0800ad99   Thumb Code     0  os_cpu_a.o(CODE)
    PendSV_Handler                           0x0800adcf   Thumb Code     0  os_cpu_a.o(CODE)
    __0printf$5                              0x0800ae31   Thumb Code    22  printf5.o(i.__0printf$5)
    __1printf$5                              0x0800ae31   Thumb Code     0  printf5.o(i.__0printf$5)
    __2printf                                0x0800ae31   Thumb Code     0  printf5.o(i.__0printf$5)
    __scatterload_copy                       0x0800ae51   Thumb Code    14  handlers.o(i.__scatterload_copy)
    __scatterload_null                       0x0800ae5f   Thumb Code     2  handlers.o(i.__scatterload_null)
    __scatterload_zeroinit                   0x0800ae61   Thumb Code    14  handlers.o(i.__scatterload_zeroinit)
    CPU_EndiannessTest                       0x0800b230   Data           4  cpu_core.o(.constdata)
    OSCfg_IdleTaskStkBasePtr                 0x0800b2c8   Data           4  os_cfg_app.o(.constdata)
    OSCfg_IdleTaskStkLimit                   0x0800b2cc   Data           4  os_cfg_app.o(.constdata)
    OSCfg_IdleTaskStkSize                    0x0800b2d0   Data           4  os_cfg_app.o(.constdata)
    OSCfg_IdleTaskStkSizeRAM                 0x0800b2d4   Data           4  os_cfg_app.o(.constdata)
    OSCfg_IntQBasePtr                        0x0800b2d8   Data           4  os_cfg_app.o(.constdata)
    OSCfg_IntQSize                           0x0800b2dc   Data           2  os_cfg_app.o(.constdata)
    OSCfg_IntQSizeRAM                        0x0800b2e0   Data           4  os_cfg_app.o(.constdata)
    OSCfg_IntQTaskStkBasePtr                 0x0800b2e4   Data           4  os_cfg_app.o(.constdata)
    OSCfg_IntQTaskStkLimit                   0x0800b2e8   Data           4  os_cfg_app.o(.constdata)
    OSCfg_IntQTaskStkSize                    0x0800b2ec   Data           4  os_cfg_app.o(.constdata)
    OSCfg_IntQTaskStkSizeRAM                 0x0800b2f0   Data           4  os_cfg_app.o(.constdata)
    OSCfg_ISRStkBasePtr                      0x0800b2f4   Data           4  os_cfg_app.o(.constdata)
    OSCfg_ISRStkSize                         0x0800b2f8   Data           4  os_cfg_app.o(.constdata)
    OSCfg_ISRStkSizeRAM                      0x0800b2fc   Data           4  os_cfg_app.o(.constdata)
    OSCfg_MsgPoolSize                        0x0800b300   Data           2  os_cfg_app.o(.constdata)
    OSCfg_MsgPoolSizeRAM                     0x0800b304   Data           4  os_cfg_app.o(.constdata)
    OSCfg_MsgPoolBasePtr                     0x0800b308   Data           4  os_cfg_app.o(.constdata)
    OSCfg_StatTaskPrio                       0x0800b30c   Data           1  os_cfg_app.o(.constdata)
    OSCfg_StatTaskRate_Hz                    0x0800b310   Data           4  os_cfg_app.o(.constdata)
    OSCfg_StatTaskStkBasePtr                 0x0800b314   Data           4  os_cfg_app.o(.constdata)
    OSCfg_StatTaskStkLimit                   0x0800b318   Data           4  os_cfg_app.o(.constdata)
    OSCfg_StatTaskStkSize                    0x0800b31c   Data           4  os_cfg_app.o(.constdata)
    OSCfg_StatTaskStkSizeRAM                 0x0800b320   Data           4  os_cfg_app.o(.constdata)
    OSCfg_StkSizeMin                         0x0800b324   Data           4  os_cfg_app.o(.constdata)
    OSCfg_TickRate_Hz                        0x0800b328   Data           4  os_cfg_app.o(.constdata)
    OSCfg_TickTaskPrio                       0x0800b32c   Data           1  os_cfg_app.o(.constdata)
    OSCfg_TickTaskStkBasePtr                 0x0800b330   Data           4  os_cfg_app.o(.constdata)
    OSCfg_TickTaskStkLimit                   0x0800b334   Data           4  os_cfg_app.o(.constdata)
    OSCfg_TickTaskStkSize                    0x0800b338   Data           4  os_cfg_app.o(.constdata)
    OSCfg_TickTaskStkSizeRAM                 0x0800b33c   Data           4  os_cfg_app.o(.constdata)
    OSCfg_TickWheelSize                      0x0800b340   Data           2  os_cfg_app.o(.constdata)
    OSCfg_TickWheelSizeRAM                   0x0800b344   Data           4  os_cfg_app.o(.constdata)
    OSCfg_TmrTaskPrio                        0x0800b348   Data           1  os_cfg_app.o(.constdata)
    OSCfg_TmrTaskRate_Hz                     0x0800b34c   Data           4  os_cfg_app.o(.constdata)
    OSCfg_TmrTaskStkBasePtr                  0x0800b350   Data           4  os_cfg_app.o(.constdata)
    OSCfg_TmrTaskStkLimit                    0x0800b354   Data           4  os_cfg_app.o(.constdata)
    OSCfg_TmrTaskStkSize                     0x0800b358   Data           4  os_cfg_app.o(.constdata)
    OSCfg_TmrTaskStkSizeRAM                  0x0800b35c   Data           4  os_cfg_app.o(.constdata)
    OSCfg_TmrWheelSize                       0x0800b360   Data           2  os_cfg_app.o(.constdata)
    OSCfg_TmrWheelSizeRAM                    0x0800b364   Data           4  os_cfg_app.o(.constdata)
    OSCfg_DataSizeRAM                        0x0800b368   Data           4  os_cfg_app.o(.constdata)
    OSDbg_DbgEn                              0x0800b36c   Data           2  os_dbg.o(.constdata)
    OSDbg_ArgChkEn                           0x0800b36e   Data           1  os_dbg.o(.constdata)
    OSDbg_AppHooksEn                         0x0800b36f   Data           1  os_dbg.o(.constdata)
    OSDbg_EndiannessTest                     0x0800b370   Data           4  os_dbg.o(.constdata)
    OSDbg_CalledFromISRChkEn                 0x0800b374   Data           1  os_dbg.o(.constdata)
    OSDbg_FlagEn                             0x0800b375   Data           1  os_dbg.o(.constdata)
    OSDbg_FlagGrp                            0x0800b378   Data          40  os_dbg.o(.constdata)
    OSDbg_FlagDelEn                          0x0800b3a0   Data           1  os_dbg.o(.constdata)
    OSDbg_FlagModeClrEn                      0x0800b3a1   Data           1  os_dbg.o(.constdata)
    OSDbg_FlagPendAbortEn                    0x0800b3a2   Data           1  os_dbg.o(.constdata)
    OSDbg_FlagGrpSize                        0x0800b3a4   Data           2  os_dbg.o(.constdata)
    OSDbg_FlagWidth                          0x0800b3a6   Data           2  os_dbg.o(.constdata)
    OSDbg_IntQ                               0x0800b3a8   Data           2  os_dbg.o(.constdata)
    OSDbg_ISRPostDeferredEn                  0x0800b3aa   Data           1  os_dbg.o(.constdata)
    OSDbg_Mem                                0x0800b3ac   Data          32  os_dbg.o(.constdata)
    OSDbg_MemEn                              0x0800b3cc   Data           1  os_dbg.o(.constdata)
    OSDbg_MemSize                            0x0800b3ce   Data           2  os_dbg.o(.constdata)
    OSDbg_MsgEn                              0x0800b3d0   Data           1  os_dbg.o(.constdata)
    OSDbg_MsgSize                            0x0800b3d2   Data           2  os_dbg.o(.constdata)
    OSDbg_MsgPoolSize                        0x0800b3d4   Data           2  os_dbg.o(.constdata)
    OSDbg_MsgQSize                           0x0800b3d6   Data           2  os_dbg.o(.constdata)
    OSDbg_Mutex                              0x0800b3d8   Data          44  os_dbg.o(.constdata)
    OSDbg_MutexEn                            0x0800b404   Data           1  os_dbg.o(.constdata)
    OSDbg_MutexDelEn                         0x0800b405   Data           1  os_dbg.o(.constdata)
    OSDbg_MutexPendAbortEn                   0x0800b406   Data           1  os_dbg.o(.constdata)
    OSDbg_MutexSize                          0x0800b408   Data           2  os_dbg.o(.constdata)
    OSDbg_ObjTypeChkEn                       0x0800b40a   Data           1  os_dbg.o(.constdata)
    OSDbg_PendMultiEn                        0x0800b40b   Data           1  os_dbg.o(.constdata)
    OSDbg_PendDataSize                       0x0800b40c   Data           2  os_dbg.o(.constdata)
    OSDbg_PendListSize                       0x0800b40e   Data           2  os_dbg.o(.constdata)
    OSDbg_PendObjSize                        0x0800b410   Data           2  os_dbg.o(.constdata)
    OSDbg_PrioMax                            0x0800b412   Data           2  os_dbg.o(.constdata)
    OSDbg_PrioTblSize                        0x0800b414   Data           2  os_dbg.o(.constdata)
    OSDbg_PtrSize                            0x0800b416   Data           2  os_dbg.o(.constdata)
    OSDbg_Q                                  0x0800b418   Data          48  os_dbg.o(.constdata)
    OSDbg_QEn                                0x0800b448   Data           1  os_dbg.o(.constdata)
    OSDbg_QDelEn                             0x0800b449   Data           1  os_dbg.o(.constdata)
    OSDbg_QFlushEn                           0x0800b44a   Data           1  os_dbg.o(.constdata)
    OSDbg_QPendAbortEn                       0x0800b44b   Data           1  os_dbg.o(.constdata)
    OSDbg_QSize                              0x0800b44c   Data           2  os_dbg.o(.constdata)
    OSDbg_SchedRoundRobinEn                  0x0800b44e   Data           1  os_dbg.o(.constdata)
    OSDbg_Sem                                0x0800b450   Data          40  os_dbg.o(.constdata)
    OSDbg_SemEn                              0x0800b478   Data           1  os_dbg.o(.constdata)
    OSDbg_SemDelEn                           0x0800b479   Data           1  os_dbg.o(.constdata)
    OSDbg_SemPendAbortEn                     0x0800b47a   Data           1  os_dbg.o(.constdata)
    OSDbg_SemSetEn                           0x0800b47b   Data           1  os_dbg.o(.constdata)
    OSDbg_SemSize                            0x0800b47c   Data           2  os_dbg.o(.constdata)
    OSDbg_RdyList                            0x0800b47e   Data           2  os_dbg.o(.constdata)
    OSDbg_RdyListSize                        0x0800b480   Data           4  os_dbg.o(.constdata)
    OSDbg_StkWidth                           0x0800b484   Data           1  os_dbg.o(.constdata)
    OSDbg_StatTaskEn                         0x0800b485   Data           1  os_dbg.o(.constdata)
    OSDbg_StatTaskStkChkEn                   0x0800b486   Data           1  os_dbg.o(.constdata)
    OSDbg_TaskChangePrioEn                   0x0800b487   Data           1  os_dbg.o(.constdata)
    OSDbg_TaskDelEn                          0x0800b488   Data           1  os_dbg.o(.constdata)
    OSDbg_TaskQEn                            0x0800b489   Data           1  os_dbg.o(.constdata)
    OSDbg_TaskQPendAbortEn                   0x0800b48a   Data           1  os_dbg.o(.constdata)
    OSDbg_TaskProfileEn                      0x0800b48b   Data           1  os_dbg.o(.constdata)
    OSDbg_TaskRegTblSize                     0x0800b48c   Data           2  os_dbg.o(.constdata)
    OSDbg_TaskSemPendAbortEn                 0x0800b48e   Data           1  os_dbg.o(.constdata)
    OSDbg_TaskSuspendEn                      0x0800b48f   Data           1  os_dbg.o(.constdata)
    OSDbg_TCBSize                            0x0800b490   Data           2  os_dbg.o(.constdata)
    OSDbg_TickSpokeSize                      0x0800b492   Data           2  os_dbg.o(.constdata)
    OSDbg_TimeDlyHMSMEn                      0x0800b494   Data           1  os_dbg.o(.constdata)
    OSDbg_TimeDlyResumeEn                    0x0800b495   Data           1  os_dbg.o(.constdata)
    OSDbg_TLS_TblSize                        0x0800b496   Data           2  os_dbg.o(.constdata)
    OSDbg_Tmr                                0x0800b498   Data          52  os_dbg.o(.constdata)
    OSDbg_TmrEn                              0x0800b4cc   Data           1  os_dbg.o(.constdata)
    OSDbg_TmrDelEn                           0x0800b4cd   Data           1  os_dbg.o(.constdata)
    OSDbg_TmrSize                            0x0800b4ce   Data           2  os_dbg.o(.constdata)
    OSDbg_TmrSpokeSize                       0x0800b4d0   Data           2  os_dbg.o(.constdata)
    OSDbg_VersionNbr                         0x0800b4d2   Data           2  os_dbg.o(.constdata)
    OSDbg_DataSize                           0x0800b4d4   Data           4  os_dbg.o(.constdata)
    Region$$Table$$Base                      0x0800b4d8   Number         0  anon$$obj.o(Region$$Table)
    Region$$Table$$Limit                     0x0800b4f8   Number         0  anon$$obj.o(Region$$Table)
    Uart3_Recv_Count                         0x20000004   Data           1  uart.o(.data)
    Uart3_Recv_STA                           0x20000005   Data           1  uart.o(.data)
    CPU_TS_TmrFreq_Hz                        0x20000008   Data           4  cpu_core.o(.data)
    Mem_PoolTbl                              0x2000000c   Data           4  lib_mem.o(.data)
    OSPrioTbl                                0x20000010   Data           8  os_prio.o(.data)
    OS_AppTaskCreateHookPtr                  0x20000018   Data           4  os_var.o(.data)
    OS_AppTaskDelHookPtr                     0x2000001c   Data           4  os_var.o(.data)
    OS_AppTaskReturnHookPtr                  0x20000020   Data           4  os_var.o(.data)
    OS_AppIdleTaskHookPtr                    0x20000024   Data           4  os_var.o(.data)
    OS_AppStatTaskHookPtr                    0x20000028   Data           4  os_var.o(.data)
    OS_AppTaskSwHookPtr                      0x2000002c   Data           4  os_var.o(.data)
    OS_AppTimeTickHookPtr                    0x20000030   Data           4  os_var.o(.data)
    OSIdleTaskCtr                            0x20000034   Data           4  os_var.o(.data)
    OSIntNestingCtr                          0x20000038   Data           1  os_var.o(.data)
    OSRunning                                0x20000039   Data           1  os_var.o(.data)
    OSIntQInPtr                              0x2000003c   Data           4  os_var.o(.data)
    OSIntQOutPtr                             0x20000040   Data           4  os_var.o(.data)
    OSIntQNbrEntries                         0x20000044   Data           2  os_var.o(.data)
    OSIntQNbrEntriesMax                      0x20000046   Data           2  os_var.o(.data)
    OSIntQOvfCtr                             0x20000048   Data           2  os_var.o(.data)
    OSIntQTaskTimeMax                        0x2000004c   Data           4  os_var.o(.data)
    OSFlagDbgListPtr                         0x20000050   Data           4  os_var.o(.data)
    OSFlagQty                                0x20000054   Data           2  os_var.o(.data)
    OSMemDbgListPtr                          0x20000058   Data           4  os_var.o(.data)
    OSMemQty                                 0x2000005c   Data           2  os_var.o(.data)
    OSMutexDbgListPtr                        0x20000060   Data           4  os_var.o(.data)
    OSMutexQty                               0x20000064   Data           2  os_var.o(.data)
    OSPrioCur                                0x20000066   Data           1  os_var.o(.data)
    OSPrioHighRdy                            0x20000067   Data           1  os_var.o(.data)
    OSPrioSaved                              0x20000068   Data           1  os_var.o(.data)
    OSQDbgListPtr                            0x2000006c   Data           4  os_var.o(.data)
    OSQQty                                   0x20000070   Data           2  os_var.o(.data)
    OSSchedLockTimeBegin                     0x20000074   Data           4  os_var.o(.data)
    OSSchedLockTimeMax                       0x20000078   Data           4  os_var.o(.data)
    OSSchedLockTimeMaxCur                    0x2000007c   Data           4  os_var.o(.data)
    OSSchedLockNestingCtr                    0x20000080   Data           1  os_var.o(.data)
    OSSchedRoundRobinDfltTimeQuanta          0x20000084   Data           4  os_var.o(.data)
    OSSchedRoundRobinEn                      0x20000088   Data           1  os_var.o(.data)
    OSSemDbgListPtr                          0x2000008c   Data           4  os_var.o(.data)
    OSSemQty                                 0x20000090   Data           2  os_var.o(.data)
    OSStatResetFlag                          0x20000092   Data           1  os_var.o(.data)
    OSStatTaskCPUUsage                       0x20000094   Data           2  os_var.o(.data)
    OSStatTaskCPUUsageMax                    0x20000096   Data           2  os_var.o(.data)
    OSStatTaskCtr                            0x20000098   Data           4  os_var.o(.data)
    OSStatTaskCtrMax                         0x2000009c   Data           4  os_var.o(.data)
    OSStatTaskCtrRun                         0x200000a0   Data           4  os_var.o(.data)
    OSStatTaskRdy                            0x200000a4   Data           1  os_var.o(.data)
    OSStatTaskTimeMax                        0x200000a8   Data           4  os_var.o(.data)
    OSTaskCtxSwCtr                           0x200000ac   Data           4  os_var.o(.data)
    OSTaskDbgListPtr                         0x200000b0   Data           4  os_var.o(.data)
    OSTaskQty                                0x200000b4   Data           2  os_var.o(.data)
    OSTaskRegNextAvailID                     0x200000b6   Data           1  os_var.o(.data)
    OSTickCtr                                0x200000b8   Data           4  os_var.o(.data)
    OSTickTaskTimeMax                        0x200000bc   Data           4  os_var.o(.data)
    OSTmrDbgListPtr                          0x200000c0   Data           4  os_var.o(.data)
    OSTmrQty                                 0x200000c4   Data           2  os_var.o(.data)
    OSTmrTaskTimeMax                         0x200000c8   Data           4  os_var.o(.data)
    OSTmrTickCtr                             0x200000cc   Data           4  os_var.o(.data)
    OSTmrUpdateCnt                           0x200000d0   Data           4  os_var.o(.data)
    OSTmrUpdateCtr                           0x200000d4   Data           4  os_var.o(.data)
    OSTCBCurPtr                              0x200000d8   Data           4  os_var.o(.data)
    OSTCBHighRdyPtr                          0x200000dc   Data           4  os_var.o(.data)
    OS_CPU_ExceptStkBase                     0x200000e0   Data           4  os_cpu_c.o(.data)
    SystemCoreClock                          0x200000fc   Data           4  system_stm32f10x.o(.data)
    AHBPrescTable                            0x20000100   Data          16  system_stm32f10x.o(.data)
    __stdout                                 0x20000110   Data           4  stdout.o(.data)
    Hekr_Send_Buffer                         0x20000114   Data          20  hekr_protocol.o(.bss)
    Valid_Data                               0x20000128   Data          15  hekr_protocol.o(.bss)
    Module_Status                            0x20000137   Data          20  hekr_protocol.o(.bss)
    Uart3_Recv_Buffer                        0x2000014b   Data          20  uart.o(.bss)
    CPU_Name                                 0x2000015f   Data          16  cpu_core.o(.bss)
    Mem_PoolHeap                             0x20000170   Data          72  lib_mem.o(.bss)
    Mem_Heap                                 0x200001b8   Data        1024  lib_mem.o(.bss)
    OSCfg_IdleTaskStk                        0x200005b8   Data         512  os_cfg_app.o(.bss)
    OSCfg_IntQ                               0x200007b8   Data         320  os_cfg_app.o(.bss)
    OSCfg_IntQTaskStk                        0x200008f8   Data         512  os_cfg_app.o(.bss)
    OSCfg_ISRStk                             0x20000af8   Data         512  os_cfg_app.o(.bss)
    OSCfg_MsgPool                            0x20000cf8   Data        1600  os_cfg_app.o(.bss)
    OSCfg_StatTaskStk                        0x20001338   Data         512  os_cfg_app.o(.bss)
    OSCfg_TickTaskStk                        0x20001538   Data         512  os_cfg_app.o(.bss)
    OSCfg_TickWheel                          0x20001738   Data         136  os_cfg_app.o(.bss)
    OSCfg_TmrTaskStk                         0x200017c0   Data         512  os_cfg_app.o(.bss)
    OSCfg_TmrWheel                           0x200019c0   Data         136  os_cfg_app.o(.bss)
    OSIdleTaskTCB                            0x20001a48   Data         196  os_var.o(.bss)
    OSIntQTaskTCB                            0x20001b0c   Data         196  os_var.o(.bss)
    OSMsgPool                                0x20001bd0   Data          12  os_var.o(.bss)
    OSRdyList                                0x20001bdc   Data         768  os_var.o(.bss)
    OSStatTaskTCB                            0x20001edc   Data         196  os_var.o(.bss)
    OSTickTaskTCB                            0x20001fa0   Data         196  os_var.o(.bss)
    OSTmrTaskTCB                             0x20002064   Data         196  os_var.o(.bss)
    my_mem                                   0x20002128   Data          32  start_task.o(.bss)
    Internal_RamMemp                         0x20002148   Data         500  start_task.o(.bss)
    StartTaskTCB                             0x2000233c   Data         196  start_task.o(.bss)
    START_TASK_STK                           0x20002400   Data        2048  start_task.o(.bss)
    Led0TaskTCB                              0x20002c00   Data         196  led_task.o(.bss)
    LED0_TASK_STK                            0x20002cc4   Data         512  led_task.o(.bss)
    FloatTaskTCB                             0x20002ec8   Data         196  float_task.o(.bss)
    FLOAT_TASK_STK                           0x20002f90   Data         512  float_task.o(.bss)
    ProtocolTaskTCB                          0x20003190   Data         196  protocol_task.o(.bss)
    Protocol_TASK_STK                        0x20003254   Data         512  protocol_task.o(.bss)
    __initial_sp                             0x20003858   Data           0  startup_stm32f10x_md.o(STACK)



==============================================================================

Memory Map of the image

  Image Entry point : 0x080000ed

  Load Region LR_IROM1 (Base: 0x08000000, Size: 0x0000b60c, Max: 0x00010000, ABSOLUTE)

    Execution Region ER_IROM1 (Base: 0x08000000, Size: 0x0000b4f8, Max: 0x00010000, ABSOLUTE)

    Base Addr    Size         Type   Attr      Idx    E Section Name        Object

    0x08000000   0x000000ec   Data   RO         1010    RESET               startup_stm32f10x_md.o
    0x080000ec   0x00000000   Code   RO         1045  * .ARM.Collect$$$$00000000  mc_w.l(entry.o)
    0x080000ec   0x00000004   Code   RO         1311    .ARM.Collect$$$$00000001  mc_w.l(entry2.o)
    0x080000f0   0x00000004   Code   RO         1314    .ARM.Collect$$$$00000004  mc_w.l(entry5.o)
    0x080000f4   0x00000000   Code   RO         1316    .ARM.Collect$$$$00000008  mc_w.l(entry7b.o)
    0x080000f4   0x00000000   Code   RO         1318    .ARM.Collect$$$$0000000A  mc_w.l(entry8b.o)
    0x080000f4   0x00000008   Code   RO         1319    .ARM.Collect$$$$0000000B  mc_w.l(entry9a.o)
    0x080000fc   0x00000000   Code   RO         1321    .ARM.Collect$$$$0000000D  mc_w.l(entry10a.o)
    0x080000fc   0x00000000   Code   RO         1323    .ARM.Collect$$$$0000000F  mc_w.l(entry11a.o)
    0x080000fc   0x00000004   Code   RO         1312    .ARM.Collect$$$$00002712  mc_w.l(entry2.o)
    0x08000100   0x00000104   Code   RO            4    .text               main.o
    0x08000204   0x00000198   Code   RO          181    .text               hekr_protocol.o
    0x0800039c   0x0000002c   Code   RO          211    .text               led.o
    0x080003c8   0x0000014c   Code   RO          235    .text               delay.o
    0x08000514   0x00000164   Code   RO          289    .text               uart.o
    0x08000678   0x00000084   Code   RO          320    .text               bsp.o
    0x080006fc   0x000002a8   Code   RO          370    .text               cpu_core.o
    0x080009a4   0x00000034   Code   RO          396    .text               cpu_a.o
    0x080009d8   0x00000256   Code   RO          411    .text               lib_ascii.o
    0x08000c2e   0x00000002   PAD
    0x08000c30   0x000009c6   Code   RO          444    .text               lib_mem.o
    0x080015f6   0x00000002   PAD
    0x080015f8   0x0000092c   Code   RO          463    .text               lib_str.o
    0x08001f24   0x00000220   Code   RO          480    .text               lib_mem_a.o
    0x08002144   0x000000fc   Code   RO          483    .text               os_cfg_app.o
    0x08002240   0x00000e04   Code   RO          506    .text               os_core.o
    0x08003044   0x000001b0   Code   RO          518    .text               os_dbg.o
    0x080031f4   0x00000e28   Code   RO          533    .text               os_flag.o
    0x0800401c   0x00000444   Code   RO          545    .text               os_int.o
    0x08004460   0x00000238   Code   RO          557    .text               os_mem.o
    0x08004698   0x0000022c   Code   RO          569    .text               os_msg.o
    0x080048c4   0x00000ad4   Code   RO          581    .text               os_mutex.o
    0x08005398   0x0000007c   Code   RO          599    .text               os_prio.o
    0x08005414   0x000008d8   Code   RO          618    .text               os_q.o
    0x08005cec   0x00000830   Code   RO          630    .text               os_sem.o
    0x0800651c   0x00000638   Code   RO          642    .text               os_stat.o
    0x08006b54   0x00001bb4   Code   RO          654    .text               os_task.o
    0x08008708   0x000004fc   Code   RO          666    .text               os_tick.o
    0x08008c04   0x00000564   Code   RO          678    .text               os_time.o
    0x08009168   0x00000818   Code   RO          690    .text               os_tmr.o
    0x08009980   0x0000026c   Code   RO          716    .text               os_cpu_c.o
    0x08009bec   0x000001b4   Code   RO          755    .text               start_task.o
    0x08009da0   0x000000b4   Code   RO          788    .text               led_task.o
    0x08009e54   0x00000040   Code   RO          818    .text               float_task.o
    0x08009e94   0x00000058   Code   RO          848    .text               protocol_task.o
    0x08009eec   0x000000dc   Code   RO          913    .text               misc.o
    0x08009fc8   0x0000035c   Code   RO          937    .text               stm32f10x_gpio.o
    0x0800a324   0x000003a4   Code   RO          961    .text               stm32f10x_rcc.o
    0x0800a6c8   0x00000408   Code   RO          987    .text               stm32f10x_usart.o
    0x0800aad0   0x00000024   Code   RO         1011    .text               startup_stm32f10x_md.o
    0x0800aaf4   0x000001e0   Code   RO         1018    .text               system_stm32f10x.o
    0x0800acd4   0x00000062   Code   RO         1048    .text               mc_w.l(uldiv.o)
    0x0800ad36   0x0000001e   Code   RO         1328    .text               mc_w.l(llshl.o)
    0x0800ad54   0x00000020   Code   RO         1330    .text               mc_w.l(llushr.o)
    0x0800ad74   0x00000024   Code   RO         1343    .text               mc_w.l(init.o)
    0x0800ad98   0x00000098   Code   RO          734    CODE                os_cpu_a.o
    0x0800ae30   0x00000020   Code   RO         1183    i.__0printf$5       mc_w.l(printf5.o)
    0x0800ae50   0x0000000e   Code   RO         1351    i.__scatterload_copy  mc_w.l(handlers.o)
    0x0800ae5e   0x00000002   Code   RO         1352    i.__scatterload_null  mc_w.l(handlers.o)
    0x0800ae60   0x0000000e   Code   RO         1353    i.__scatterload_zeroinit  mc_w.l(handlers.o)
    0x0800ae6e   0x00000002   PAD
    0x0800ae70   0x000002c0   Code   RO         1190    i._printf_core      mc_w.l(printf5.o)
    0x0800b130   0x00000104   Data   RO          372    .constdata          cpu_core.o
    0x0800b234   0x00000094   Data   RO          464    .constdata          lib_str.o
    0x0800b2c8   0x000000a4   Data   RO          485    .constdata          os_cfg_app.o
    0x0800b36c   0x0000016c   Data   RO          519    .constdata          os_dbg.o
    0x0800b4d8   0x00000020   Data   RO         1349    Region$$Table       anon$$obj.o


    Execution Region RW_IRAM1 (Base: 0x20000000, Size: 0x00003858, Max: 0x00005000, ABSOLUTE)

    Base Addr    Size         Type   Attr      Idx    E Section Name        Object

    0x20000000   0x00000004   Data   RW          236    .data               delay.o
    0x20000004   0x00000003   Data   RW          291    .data               uart.o
    0x20000007   0x00000001   PAD
    0x20000008   0x00000004   Data   RW          373    .data               cpu_core.o
    0x2000000c   0x00000004   Data   RW          446    .data               lib_mem.o
    0x20000010   0x00000008   Data   RW          600    .data               os_prio.o
    0x20000018   0x000000c8   Data   RW          703    .data               os_var.o
    0x200000e0   0x00000004   Data   RW          717    .data               os_cpu_c.o
    0x200000e4   0x00000001   Data   RW          850    .data               protocol_task.o
    0x200000e5   0x00000014   Data   RW          962    .data               stm32f10x_rcc.o
    0x200000f9   0x00000003   PAD
    0x200000fc   0x00000014   Data   RW         1019    .data               system_stm32f10x.o
    0x20000110   0x00000004   Data   RW         1325    .data               mc_w.l(stdout.o)
    0x20000114   0x00000037   Zero   RW          182    .bss                hekr_protocol.o
    0x2000014b   0x00000014   Zero   RW          290    .bss                uart.o
    0x2000015f   0x00000010   Zero   RW          371    .bss                cpu_core.o
    0x2000016f   0x00000001   PAD
    0x20000170   0x00000448   Zero   RW          445    .bss                lib_mem.o
    0x200005b8   0x00001490   Zero   RW          484    .bss                os_cfg_app.o
    0x20001a48   0x000006e0   Zero   RW          702    .bss                os_var.o
    0x20002128   0x00000ad8   Zero   RW          756    .bss                start_task.o
    0x20002c00   0x000002c4   Zero   RW          789    .bss                led_task.o
    0x20002ec4   0x00000004   PAD
    0x20002ec8   0x000002c8   Zero   RW          819    .bss                float_task.o
    0x20003190   0x000002c4   Zero   RW          849    .bss                protocol_task.o
    0x20003454   0x00000004   PAD
    0x20003458   0x00000400   Zero   RW         1008    STACK               startup_stm32f10x_md.o


==============================================================================

Image component sizes


      Code (inc. data)   RO Data    RW Data    ZI Data      Debug   Object Name

       132         12          0          0          0       1127   bsp.o
        52          0          0          0          0        332   cpu_a.o
       680         14        260          4         16      14231   cpu_core.o
       332         28          0          4          0       1741   delay.o
        64         30          0          0        712       1135   float_task.o
       408         14          0          0         55       3025   hekr_protocol.o
        44          4          0          0          0        451   led.o
       180         76          0          0        708       1188   led_task.o
       598          0          0          0          0       3688   lib_ascii.o
      2502         32          0          4       1096      21708   lib_mem.o
       544          0          0          0          0        480   lib_mem_a.o
      2348          6        148          0          0      13034   lib_str.o
       260         32          0          0          0     273248   main.o
       220         22          0          0          0       1913   misc.o
       252        166        164          0       5264      20866   os_cfg_app.o
      3588        294          0          0          0      12017   os_core.o
       152         32          0          0          0        392   os_cpu_a.o
       620         66          0          4          0       3717   os_cpu_c.o
       432        286        364          0          0       4725   os_dbg.o
      3624        110          0          0          0       7679   os_flag.o
      1092        146          0          0          0       2252   os_int.o
       568         20          0          0          0       2652   os_mem.o
       556         12          0          0          0       2711   os_msg.o
      2772        114          0          0          0       5370   os_mutex.o
       124          4          0          8          0       1720   os_prio.o
      2264         76          0          0          0       6048   os_q.o
      2096         70          0          0          0       6064   os_sem.o
      1592        180          0          0          0       2753   os_stat.o
      7092        270          0          0          0      13426   os_task.o
      1276         90          0          0          0       3209   os_tick.o
      1380         46          0          0          0       3149   os_time.o
      2072        140          0          0          0       6250   os_tmr.o
         0          0          0        200       1760      19341   os_var.o
        88         10          0          1        708       1260   protocol_task.o
       436        104          0          0       2776       1343   start_task.o
        36          8        236          0       1024        812   startup_stm32f10x_md.o
       860         38          0          0          0       5753   stm32f10x_gpio.o
       932         36          0         20          0       8908   stm32f10x_rcc.o
      1032         22          0          0          0       8484   stm32f10x_usart.o
       480         38          0         20          0       1879   system_stm32f10x.o
       356         30          0          3         20       2146   uart.o

    ----------------------------------------------------------------------
     44140       2678       1204        272      14148     492227   Object Totals
         0          0         32          0          0          0   (incl. Generated)
         4          0          0          4          9          0   (incl. Padding)

    ----------------------------------------------------------------------

      Code (inc. data)   RO Data    RW Data    ZI Data      Debug   Library Member Name

         0          0          0          0          0          0   entry.o
         0          0          0          0          0          0   entry10a.o
         0          0          0          0          0          0   entry11a.o
         8          4          0          0          0          0   entry2.o
         4          0          0          0          0          0   entry5.o
         0          0          0          0          0          0   entry7b.o
         0          0          0          0          0          0   entry8b.o
         8          4          0          0          0          0   entry9a.o
        30          0          0          0          0          0   handlers.o
        36          8          0          0          0         68   init.o
        30          0          0          0          0         68   llshl.o
        32          0          0          0          0         68   llushr.o
       736         56          0          0          0        184   printf5.o
         0          0          0          4          0          0   stdout.o
        98          0          0          0          0         92   uldiv.o

    ----------------------------------------------------------------------
       984         72          0          4          0        480   Library Totals
         2          0          0          0          0          0   (incl. Padding)

    ----------------------------------------------------------------------

      Code (inc. data)   RO Data    RW Data    ZI Data      Debug   Library Name

       982         72          0          4          0        480   mc_w.l

    ----------------------------------------------------------------------
       984         72          0          4          0        480   Library Totals

    ----------------------------------------------------------------------

==============================================================================


      Code (inc. data)   RO Data    RW Data    ZI Data      Debug   

     45124       2750       1204        276      14148     489323   Grand Totals
     45124       2750       1204        276      14148     489323   ELF Image Totals
     45124       2750       1204        276          0          0   ROM Totals

==============================================================================

    Total RO  Size (Code + RO Data)                46328 (  45.24kB)
    Total RW  Size (RW Data + ZI Data)             14424 (  14.09kB)
    Total ROM Size (Code + RO Data + RW Data)      46604 (  45.51kB)

==============================================================================

