Component: ARM Compiler 5.05 update 1 (build 106) Tool: armlink [4d0efa]

==============================================================================

Section Cross References

    main.o(.text) refers to misc.o(.text) for NVIC_PriorityGroupConfig
    main.o(.text) refers to uart.o(.text) for Uart3_init
    main.o(.text) refers to delay.o(.text) for delay_init
    main.o(.text) refers to led.o(.text) for LED_init
    main.o(.text) refers to os_core.o(.text) for OSInit
    main.o(.text) refers to cpu_a.o(.text) for CPU_SR_Save
    main.o(.text) refers to os_task.o(.text) for OSTaskCreate
    main.o(.text) refers to os_var.o(.data) for OSSchedLockNestingCtr
    main.o(.text) refers to start_task.o(.bss) for START_TASK_STK
    main.o(.text) refers to start_task.o(.text) for start_task
    hekr_protocol.o(.text) refers to uart.o(.text) for UART3_SendChar
    hekr_protocol.o(.text) refers to hekr_protocol.o(.bss) for Hekr_Send_Buffer
    led.o(.text) refers to stm32f10x_rcc.o(.text) for RCC_APB2PeriphClockCmd
    led.o(.text) refers to stm32f10x_gpio.o(.text) for GPIO_Init
    delay.o(.text) refers to os_core.o(.text) for OSSchedLock
    delay.o(.text) refers to os_time.o(.text) for OSTimeDly
    delay.o(.text) refers to misc.o(.text) for SysTick_CLKSourceConfig
    delay.o(.text) refers to os_var.o(.data) for OSRunning
    delay.o(.text) refers to system_stm32f10x.o(.data) for SystemCoreClock
    delay.o(.text) refers to delay.o(.data) for fac_us
    delay.o(.text) refers to os_cfg_app.o(.constdata) for OSCfg_TickRate_Hz
    uart.o(.text) refers to stm32f10x_rcc.o(.text) for RCC_APB1PeriphClockCmd
    uart.o(.text) refers to stm32f10x_gpio.o(.text) for GPIO_Init
    uart.o(.text) refers to misc.o(.text) for NVIC_Init
    uart.o(.text) refers to stm32f10x_usart.o(.text) for USART_Init
    uart.o(.text) refers to uart.o(.data) for temp_flag
    uart.o(.text) refers to uart.o(.bss) for Uart3_Recv_Buffer
    bsp.o(.text) refers to stm32f10x_rcc.o(.text) for RCC_GetClocksFreq
    bsp.o(.text) refers to cpu_core.o(.text) for CPU_TS_TmrFreqSet
    bsp.o(.text) refers to uldiv.o(.text) for __aeabi_uldivmod
    cpu_core.o(.text) refers to cpu_a.o(.text) for CPU_SR_Save
    cpu_core.o(.text) refers to lib_mem.o(.text) for Mem_Clr
    cpu_core.o(.text) refers to bsp.o(.text) for CPU_TS_TmrInit
    cpu_core.o(.text) refers to lib_str.o(.text) for Str_Copy_N
    cpu_core.o(.text) refers to cpu_core.o(.bss) for CPU_Name
    cpu_core.o(.text) refers to cpu_core.o(.data) for CPU_TS_TmrFreq_Hz
    cpu_core.o(.text) refers to cpu_core.o(.constdata) for CPU_CntLeadZerosTbl
    cpu_c.o(.text) refers to cpu_a.o(.text) for CPU_SR_Save
    lib_math.o(.text) refers to cpu_a.o(.text) for CPU_SR_Save
    lib_math.o(.text) refers to lib_math.o(.data) for Math_RandSeedCur
    lib_mem.o(.text) refers to lib_mem_a.o(.text) for Mem_Copy
    lib_mem.o(.text) refers to cpu_a.o(.text) for CPU_SR_Save
    lib_mem.o(.text) refers to lib_mem.o(.bss) for Mem_PoolHeap
    lib_mem.o(.text) refers to lib_mem.o(.data) for Mem_PoolTbl
    lib_str.o(.text) refers to lib_ascii.o(.text) for ASCII_ToLower
    lib_str.o(.text) refers to lib_str.o(.constdata) for Str_MultOvfThTbl_Int32U
    os_cfg_app.o(.text) refers to os_cfg_app.o(.constdata) for OSCfg_DataSizeRAM
    os_cfg_app.o(.constdata) refers to os_cfg_app.o(.bss) for OSCfg_IdleTaskStk
    os_core.o(.text) refers to cpu_a.o(.text) for CPU_SR_Save
    os_core.o(.text) refers to os_cpu_c.o(.text) for OSIdleTaskHook
    os_core.o(.text) refers to os_task.o(.text) for OSTaskCreate
    os_core.o(.text) refers to os_prio.o(.text) for OS_PrioInit
    os_core.o(.text) refers to os_flag.o(.text) for OS_FlagInit
    os_core.o(.text) refers to os_mem.o(.text) for OS_MemInit
    os_core.o(.text) refers to os_msg.o(.text) for OS_MsgPoolInit
    os_core.o(.text) refers to os_mutex.o(.text) for OS_MutexInit
    os_core.o(.text) refers to os_q.o(.text) for OS_QInit
    os_core.o(.text) refers to os_sem.o(.text) for OS_SemInit
    os_core.o(.text) refers to os_int.o(.text) for OS_IntQTaskInit
    os_core.o(.text) refers to os_tick.o(.text) for OS_TickTaskInit
    os_core.o(.text) refers to os_stat.o(.text) for OS_StatTaskInit
    os_core.o(.text) refers to os_tmr.o(.text) for OS_TmrInit
    os_core.o(.text) refers to os_dbg.o(.text) for OS_Dbg_Init
    os_core.o(.text) refers to os_cfg_app.o(.text) for OSCfg_Init
    os_core.o(.text) refers to bsp.o(.text) for CPU_TS_TmrRd
    os_core.o(.text) refers to os_var.o(.data) for OSIdleTaskCtr
    os_core.o(.text) refers to os_cfg_app.o(.constdata) for OSCfg_IdleTaskStkSize
    os_core.o(.text) refers to os_var.o(.bss) for OSIdleTaskTCB
    os_core.o(.text) refers to os_cpu_a.o(CODE) for OSStartHighRdy
    os_dbg.o(.text) refers to os_dbg.o(.constdata) for OSDbg_DbgEn
    os_flag.o(.text) refers to cpu_a.o(.text) for CPU_SR_Save
    os_flag.o(.text) refers to os_core.o(.text) for OS_PendListInit
    os_flag.o(.text) refers to bsp.o(.text) for CPU_TS_TmrRd
[...]
    .text                                    0x08002e9c   Section        0  os_dbg.o(.text)
    .text                                    0x0800304c   Section        0  os_flag.o(.text)
    .text                                    0x08003e74   Section        0  os_int.o(.text)
    .text                                    0x080042b8   Section        0  os_mem.o(.text)
    .text                                    0x080044f0   Section        0  os_msg.o(.text)
    .text                                    0x0800471c   Section        0  os_mutex.o(.text)
    .text                                    0x080051f0   Section        0  os_prio.o(.text)
    .text                                    0x0800526c   Section        0  os_q.o(.text)
    .text                                    0x08005b44   Section        0  os_sem.o(.text)
    .text                                    0x08006374   Section        0  os_stat.o(.text)
    .text                                    0x080069ac   Section        0  os_task.o(.text)
    .text                                    0x08008560   Section        0  os_tick.o(.text)
    .text                                    0x08008a5c   Section        0  os_time.o(.text)
    .text                                    0x08008fc0   Section        0  os_tmr.o(.text)
    .text                                    0x080097d8   Section        0  os_cpu_c.o(.text)
    .text                                    0x08009a44   Section        0  start_task.o(.text)
    .text                                    0x08009b90   Section        0  led_task.o(.text)
    .text                                    0x08009bd8   Section        0  float_task.o(.text)
    .text                                    0x08009e08   Section        0  misc.o(.text)
    .text                                    0x08009ee4   Section        0  stm32f10x_gpio.o(.text)
    .text                                    0x0800a240   Section        0  stm32f10x_rcc.o(.text)
    .text                                    0x0800a5e4   Section        0  stm32f10x_usart.o(.text)
    .text                                    0x0800a9ec   Section       36  startup_stm32f10x_md.o(.text)
    .text                                    0x0800aa10   Section        0  system_stm32f10x.o(.text)
    SetSysClockTo72                          0x0800aa11   Thumb Code   214  system_stm32f10x.o(.text)
    SetSysClock                              0x0800aae7   Thumb Code     8  system_stm32f10x.o(.text)
    .text                                    0x0800abf0   Section        0  uldiv.o(.text)
    .text                                    0x0800ac52   Section        0  fadd.o(.text)
    .text                                    0x0800ad02   Section        0  f2d.o(.text)
    .text                                    0x0800ad28   Section       20  cfcmple.o(.text)
    .text                                    0x0800ad3c   Section       20  cfrcmple.o(.text)
    .text                                    0x0800ad50   Section        0  uidiv.o(.text)
    .text                                    0x0800ad7c   Section        0  llshl.o(.text)
    .text                                    0x0800ad9a   Section        0  llushr.o(.text)
    .text                                    0x0800adba   Section        0  fepilogue.o(.text)
    .text                                    0x0800adba   Section        0  iusefp.o(.text)
    .text                                    0x0800ae28   Section        0  dadd.o(.text)
    .text                                    0x0800af76   Section        0  dmul.o(.text)
    .text                                    0x0800b05a   Section        0  ddiv.o(.text)
    .text                                    0x0800b138   Section        0  dfixul.o(.text)
    .text                                    0x0800b168   Section       48  cdrcmple.o(.text)
    .text                                    0x0800b198   Section       36  init.o(.text)
    .text                                    0x0800b1bc   Section        0  llsshr.o(.text)
    .text                                    0x0800b1e0   Section        0  depilogue.o(.text)
    CODE                                     0x0800b29c   Section      152  os_cpu_a.o(CODE)
    i.__0printf                              0x0800b334   Section        0  printfa.o(i.__0printf)
    i.__scatterload_copy                     0x0800b354   Section       14  handlers.o(i.__scatterload_copy)
    i.__scatterload_null                     0x0800b362   Section        2  handlers.o(i.__scatterload_null)
    i.__scatterload_zeroinit                 0x0800b364   Section       14  handlers.o(i.__scatterload_zeroinit)
    i._fp_digits                             0x0800b374   Section        0  printfa.o(i._fp_digits)
    _fp_digits                               0x0800b375   Thumb Code   334  printfa.o(i._fp_digits)
    i._printf_core                           0x0800b4d8   Section        0  printfa.o(i._printf_core)
    _printf_core                             0x0800b4d9   Thumb Code  1744  printfa.o(i._printf_core)
    i._printf_post_padding                   0x0800bbb4   Section        0  printfa.o(i._printf_post_padding)
    _printf_post_padding                     0x0800bbb5   Thumb Code    36  printfa.o(i._printf_post_padding)
    i._printf_pre_padding                    0x0800bbd8   Section        0  printfa.o(i._printf_pre_padding)
    _printf_pre_padding                      0x0800bbd9   Thumb Code    46  printfa.o(i._printf_pre_padding)
    .constdata                               0x0800bc08   Section      260  cpu_core.o(.constdata)
    CPU_CntLeadZerosTbl                      0x0800bc08   Data         256  cpu_core.o(.constdata)
    .constdata                               0x0800bd0c   Section      148  lib_str.o(.constdata)
    Str_MultOvfThTbl_Int32U                  0x0800bd0c   Data         148  lib_str.o(.constdata)
    .constdata                               0x0800bda0   Section      164  os_cfg_app.o(.constdata)
    .constdata                               0x0800be44   Section      364  os_dbg.o(.constdata)
    .data                                    0x20000000   Section        4  delay.o(.data)
    fac_us                                   0x20000000   Data           1  delay.o(.data)
    fac_ms                                   0x20000002   Data           2  delay.o(.data)
    .data                                    0x20000004   Section        3  uart.o(.data)
    temp_flag                                0x20000006   Data           1  uart.o(.data)
    .data                                    0x20000008   Section        4  cpu_core.o(.data)
    .data                                    0x2000000c   Section        4  lib_mem.o(.data)
    .data                                    0x20000010   Section        8  os_prio.o(.data)
    .data                                    0x20000018   Section      200  os_var.o(.data)
    .data                                    0x200000e0   Section        4  os_cpu_c.o(.data)
    .data                                    0x200000e4   Section        4  float_task.o(.data)
    float_num                                0x200000e4   Data           4  float_task.o(.data)
    .data                                    0x200000e8   Section       20  stm32f10x_rcc.o(.data)
    APBAHBPrescTable                         0x200000e8   Data          16  stm32f10x_rcc.o(.data)
    ADCPrescTable                            0x200000f8   Data           4  stm32f10x_rcc.o(.data)
    .data                                    0x200000fc   Section       20  system_stm32f10x.o(.data)
    .data                                    0x20000110   Section        4  stdout.o(.data)
    .bss                                     0x20000114   Section       20  uart.o(.bss)
    .bss                                     0x20000128   Section       16  cpu_core.o(.bss)
    .bss                                     0x20000138   Section     1096  lib_mem.o(.bss)
    .bss                                     0x20000580   Section     5264  os_cfg_app.o(.bss)
    .bss                                     0x20001a10   Section     1760  os_var.o(.bss)
    .bss                                     0x200020f0   Section     2244  start_task.o(.bss)
    .bss                                     0x200029b4   Section      708  led_task.o(.bss)
    .bss                                     0x20002c78   Section      712  float_task.o(.bss)
    STACK                                    0x20002f40   Section     1024  startup_stm32f10x_md.o(STACK)

    Global Symbols

    Symbol Name                              Value     Ov Type        Size  Object(Section)

    BuildAttributes$$THM_ISAv4$P$D$K$B$S$PE$A:L22UL41UL21$X:L11$S22US41US21$IEEE1$IW$USESV6$~STKCKD$USESV7$~SHL$OTIME$ROPI$EBA8$MICROLIB$REQ8$PRES8$EABIv2 0x00000000   Number         0  anon$$obj.o ABSOLUTE
    __ARM_use_no_argv                        0x00000000   Number         0  main.o ABSOLUTE
    _printf_a                                0x00000000   Number         0  stubs.o ABSOLUTE
    _printf_c                                0x00000000   Number         0  stubs.o ABSOLUTE
    _printf_charcount                        0x00000000   Number         0  stubs.o ABSOLUTE
    _printf_d                                0x00000000   Number         0  stubs.o ABSOLUTE
    _printf_e                                0x00000000   Number         0  stubs.o ABSOLUTE
    _printf_f                                0x00000000   Number         0  stubs.o ABSOLUTE
    _printf_flags                            0x00000000   Number         0  stubs.o ABSOLUTE
    _printf_fp_dec                           0x00000000   Number         0  stubs.o ABSOLUTE
    _printf_fp_hex                           0x00000000   Number         0  stubs.o ABSOLUTE
    _printf_g                                0x00000000   Number         0  stubs.o ABSOLUTE
    _printf_i                                0x00000000   Number         0  stubs.o ABSOLUTE
    _printf_int_dec                          0x00000000   Number         0  stubs.o ABSOLUTE
    _printf_l                                0x00000000   Number         0  stubs.o ABSOLUTE
    _printf_lc                               0x00000000   Number         0  stubs.o ABSOLUTE
    _printf_ll                               0x00000000   Number         0  stubs.o ABSOLUTE
    _printf_lld                              0x00000000   Number         0  stubs.o ABSOLUTE
    _printf_lli                              0x00000000   Number         0  stubs.o ABSOLUTE
    _printf_llo                              0x00000000   Number         0  stubs.o ABSOLUTE
    _printf_llu                              0x00000000   Number         0  stubs.o ABSOLUTE
    _printf_llx                              0x00000000   Number         0  stubs.o ABSOLUTE
    _printf_longlong_dec                     0x00000000   Number         0  stubs.o ABSOLUTE
    _printf_longlong_hex                     0x00000000   Number         0  stubs.o ABSOLUTE
    _printf_longlong_oct                     0x00000000   Number         0  stubs.o ABSOLUTE
    _printf_ls                               0x00000000   Number         0  stubs.o ABSOLUTE
    _printf_mbtowc                           0x00000000   Number         0  stubs.o ABSOLUTE
    _printf_n                                0x00000000   Number         0  stubs.o ABSOLUTE
    _printf_o                                0x00000000   Number         0  stubs.o ABSOLUTE
    _printf_p                                0x00000000   Number         0  stubs.o ABSOLUTE
    _printf_percent                          0x00000000   Number         0  stubs.o ABSOLUTE
    _printf_pre_padding                      0x00000000   Number         0  stubs.o ABSOLUTE
    _printf_return_value                     0x00000000   Number         0  stubs.o ABSOLUTE
    _printf_s                                0x00000000   Number         0  stubs.o ABSOLUTE
    _printf_sizespec                         0x00000000   Number         0  stubs.o ABSOLUTE
    _printf_str                              0x00000000   Number         0  stubs.o ABSOLUTE
    _printf_truncate_signed                  0x00000000   Number         0  stubs.o ABSOLUTE
    _printf_truncate_unsigned                0x00000000   Number         0  stubs.o ABSOLUTE
    _printf_u                                0x00000000   Number         0  stubs.o ABSOLUTE
    _printf_wc                               0x00000000   Number         0  stubs.o ABSOLUTE
    _printf_wctomb                           0x00000000   Number         0  stubs.o ABSOLUTE
    _printf_widthprec                        0x00000000   Number         0  stubs.o ABSOLUTE
    _printf_x                                0x00000000   Number         0  stubs.o ABSOLUTE
    __cpp_initialize__aeabi_                  - Undefined Weak Reference
    __cxa_finalize                            - Undefined Weak Reference
    __decompress                              - Undefined Weak Reference
    _clock_init                               - Undefined Weak Reference
    _microlib_exit                            - Undefined Weak Reference
    __Vectors_Size                           0x000000ec   Number         0  startup_stm32f10x_md.o ABSOLUTE
    __Vectors                                0x08000000   Data           4  startup_stm32f10x_md.o(RESET)
    __Vectors_End                            0x080000ec   Data           0  startup_stm32f10x_md.o(RESET)
    __main                                   0x080000ed   Thumb Code     0  entry.o(.ARM.Collect$$$$00000000)
    _main_stk                                0x080000ed   Thumb Code     0  entry2.o(.ARM.Collect$$$$00000001)
    _main_scatterload                        0x080000f1   Thumb Code     0  entry5.o(.ARM.Collect$$$$00000004)
    __main_after_scatterload                 0x080000f5   Thumb Code     0  entry5.o(.ARM.Collect$$$$00000004)
    _main_clock                              0x080000f5   Thumb Code     0  entry7b.o(.ARM.Collect$$$$00000008)
    _main_cpp_init                           0x080000f5   Thumb Code     0  entry8b.o(.ARM.Collect$$$$0000000A)
    _main_init                               0x080000f5   Thumb Code     0  entry9a.o(.ARM.Collect$$$$0000000B)
    __rt_final_cpp                           0x080000fd   Thumb Code     0  entry10a.o(.ARM.Collect$$$$0000000D)
    __rt_final_exit                          0x080000fd   Thumb Code     0  entry11a.o(.ARM.Collect$$$$0000000F)
    BSP_init                                 0x08000101   Thumb Code    24  main.o(.text)
    main                                     0x08000119   Thumb Code   204  main.o(.text)
    LED_init                                 0x08000205   Thumb Code    40  led.o(.text)
    delay_osschedlock                        0x08000231   Thumb Code    10  delay.o(.text)
    delay_osschedunlock                      0x0800023b   Thumb Code    10  delay.o(.text)
    delay_ostimedly                          0x08000245   Thumb Code    16  delay.o(.text)
    SysTick_Handler                          0x08000255   Thumb Code    24  delay.o(.text)
    delay_init                               0x0800026d   Thumb Code    92  delay.o(.text)
    delay_us                                 0x080002c9   Thumb Code    86  delay.o(.text)
    delay_ms                                 0x0800031f   Thumb Code    66  delay.o(.text)
    Uart3_init                               0x0800037d   Thumb Code   160  uart.o(.text)
    USART3_IRQHandler                        0x0800041d   Thumb Code   118  uart.o(.text)
    UART3_SendChar                           0x08000493   Thumb Code    22  uart.o(.text)
    fputc                                    0x080004a9   Thumb Code    16  uart.o(.text)
    BSP_CPU_ClkFreq                          0x080004d1   Thumb Code    16  bsp.o(.text)
    CPU_TS_TmrInit                           0x080004e1   Thumb Code    44  bsp.o(.text)
    CPU_TS_TmrRd                             0x0800050d   Thumb Code     6  bsp.o(.text)
    CPU_TS32_to_uSec                         0x08000513   Thumb Code    54  bsp.o(.text)
    CPU_NameClr                              0x08000555   Thumb Code    42  cpu_core.o(.text)
    CPU_Init                                 0x08000595   Thumb Code    12  cpu_core.o(.text)
    CPU_SW_Exception                         0x080005a1   Thumb Code     4  cpu_core.o(.text)
    CPU_NameGet                              0x080005a5   Thumb Code    70  cpu_core.o(.text)
    CPU_NameSet                              0x080005eb   Thumb Code    96  cpu_core.o(.text)
    CPU_TS_Get32                             0x0800064b   Thumb Code    12  cpu_core.o(.text)
    CPU_TS_Update                            0x08000657   Thumb Code     2  cpu_core.o(.text)
    CPU_TS_TmrFreqGet                        0x08000659   Thumb Code    30  cpu_core.o(.text)
    CPU_TS_TmrFreqSet                        0x08000677   Thumb Code     6  cpu_core.o(.text)
    CPU_CntLeadZeros08                       0x0800067d   Thumb Code    18  cpu_core.o(.text)
    CPU_CntLeadZeros16                       0x0800068f   Thumb Code    18  cpu_core.o(.text)
    CPU_CntLeadZeros32                       0x080006a1   Thumb Code    18  cpu_core.o(.text)
    CPU_CntLeadZeros64                       0x080006b3   Thumb Code   188  cpu_core.o(.text)
    CPU_CntTrailZeros08                      0x0800076f   Thumb Code    22  cpu_core.o(.text)
    CPU_CntTrailZeros16                      0x08000785   Thumb Code    22  cpu_core.o(.text)
    CPU_CntTrailZeros32                      0x0800079b   Thumb Code    22  cpu_core.o(.text)
    CPU_CntTrailZeros64                      0x080007b1   Thumb Code    62  cpu_core.o(.text)
    CPU_IntDis                               0x080007fd   Thumb Code     0  cpu_a.o(.text)
    CPU_IntEn                                0x08000801   Thumb Code     0  cpu_a.o(.text)
    CPU_SR_Save                              0x08000805   Thumb Code     0  cpu_a.o(.text)
    CPU_SR_Restore                           0x0800080d   Thumb Code     0  cpu_a.o(.text)
    CPU_WaitForInt                           0x08000813   Thumb Code     0  cpu_a.o(.text)
    CPU_WaitForExcept                        0x08000817   Thumb Code     0  cpu_a.o(.text)
    CPU_CntLeadZeros                         0x0800081b   Thumb Code     0  cpu_a.o(.text)
    CPU_CntTrailZeros                        0x08000821   Thumb Code     0  cpu_a.o(.text)
    CPU_RevBits                              0x0800082b   Thumb Code     0  cpu_a.o(.text)
    ASCII_IsAlpha                            0x08000831   Thumb Code    48  lib_ascii.o(.text)
    ASCII_IsAlphaNum                         0x08000861   Thumb Code    76  lib_ascii.o(.text)
    ASCII_IsLower                            0x080008ad   Thumb Code    20  lib_ascii.o(.text)
    ASCII_IsUpper                            0x080008c1   Thumb Code    20  lib_ascii.o(.text)
    ASCII_IsDig                              0x080008d5   Thumb Code    20  lib_ascii.o(.text)
    ASCII_IsDigOct                           0x080008e9   Thumb Code    20  lib_ascii.o(.text)
    ASCII_IsDigHex                           0x080008fd   Thumb Code    36  lib_ascii.o(.text)
    ASCII_IsBlank                            0x08000921   Thumb Code    20  lib_ascii.o(.text)
    ASCII_IsSpace                            0x08000935   Thumb Code    36  lib_ascii.o(.text)
    ASCII_IsPrint                            0x08000959   Thumb Code    20  lib_ascii.o(.text)
    ASCII_IsGraph                            0x0800096d   Thumb Code    20  lib_ascii.o(.text)
    ASCII_IsPunct                            0x08000981   Thumb Code   134  lib_ascii.o(.text)
    ASCII_IsCtrl                             0x08000a07   Thumb Code    26  lib_ascii.o(.text)
    ASCII_ToLower                            0x08000a21   Thumb Code    32  lib_ascii.o(.text)
    ASCII_ToUpper                            0x08000a41   Thumb Code    32  lib_ascii.o(.text)
    ASCII_Cmp                                0x08000a61   Thumb Code    38  lib_ascii.o(.text)
    Mem_Init                                 0x08000a89   Thumb Code    54  lib_mem.o(.text)
    Mem_Set                                  0x08000abf   Thumb Code    84  lib_mem.o(.text)
    Mem_Clr                                  0x08000b13   Thumb Code    18  lib_mem.o(.text)
    Mem_Move                                 0x08000b25   Thumb Code   186  lib_mem.o(.text)
    Mem_Cmp                                  0x08000bdf   Thumb Code   192  lib_mem.o(.text)
    Mem_HeapAlloc                            0x08000d17   Thumb Code   168  lib_mem.o(.text)
    Mem_SegGetSizeRem                        0x08000dbf   Thumb Code   108  lib_mem.o(.text)
    Mem_HeapGetSizeRem                       0x08000e2b   Thumb Code    22  lib_mem.o(.text)
    Mem_PoolClr                              0x08000e41   Thumb Code    80  lib_mem.o(.text)
    Mem_PoolCreate                           0x08000e91   Thumb Code   838  lib_mem.o(.text)
    Mem_PoolBlkGetNbrAvail                   0x080011d7   Thumb Code    52  lib_mem.o(.text)
    Mem_PoolBlkGet                           0x0800120b   Thumb Code   126  lib_mem.o(.text)
    Mem_PoolBlkGetUsedAtIx                   0x08001289   Thumb Code   140  lib_mem.o(.text)
    Mem_PoolBlkFree                          0x08001315   Thumb Code   152  lib_mem.o(.text)
    Mem_PoolBlkIxGet                         0x080013ad   Thumb Code   162  lib_mem.o(.text)
    Str_Len_N                                0x08001451   Thumb Code    28  lib_str.o(.text)
    Str_Len                                  0x0800146d   Thumb Code    20  lib_str.o(.text)
    Str_Copy_N                               0x08001481   Thumb Code    70  lib_str.o(.text)
    Str_Copy                                 0x080014c7   Thumb Code    24  lib_str.o(.text)
    Str_Cat_N                                0x080014df   Thumb Code    90  lib_str.o(.text)
    Str_Cat                                  0x08001539   Thumb Code    24  lib_str.o(.text)
    Str_Cmp_N                                0x08001551   Thumb Code   156  lib_str.o(.text)
    Str_Cmp                                  0x080015ed   Thumb Code    24  lib_str.o(.text)
    Str_CmpIgnoreCase_N                      0x08001605   Thumb Code   264  lib_str.o(.text)
    Str_CmpIgnoreCase                        0x0800170d   Thumb Code    24  lib_str.o(.text)
    Str_Char_N                               0x08001725   Thumb Code    74  lib_str.o(.text)
    Str_Char                                 0x0800176f   Thumb Code    24  lib_str.o(.text)
    Str_Char_Last_N                          0x08001787   Thumb Code    76  lib_str.o(.text)
    Str_Char_Last                            0x080017d3   Thumb Code    24  lib_str.o(.text)
    Str_Char_Replace_N                       0x080017eb   Thumb Code    52  lib_str.o(.text)
    Str_Char_Replace                         0x0800181f   Thumb Code    28  lib_str.o(.text)
    Str_Str_N                                0x0800183b   Thumb Code   182  lib_str.o(.text)
    Str_Str                                  0x080018f1   Thumb Code    24  lib_str.o(.text)
    Str_FmtNbr_Int32U                        0x08001ae5   Thumb Code    46  lib_str.o(.text)
    Str_FmtNbr_Int32S                        0x08001b13   Thumb Code    62  lib_str.o(.text)
    Str_ParseNbr_Int32U                      0x08001d0f   Thumb Code    30  lib_str.o(.text)
    Str_ParseNbr_Int32S                      0x08001d2d   Thumb Code    74  lib_str.o(.text)
    Mem_Copy                                 0x08001d7d   Thumb Code     0  lib_mem_a.o(.text)
    OSCfg_Init                               0x08001f9d   Thumb Code    86  os_cfg_app.o(.text)
    OS_IdleTask                              0x08002099   Thumb Code    60  os_core.o(.text)
    OS_IdleTaskInit                          0x080020d5   Thumb Code    68  os_core.o(.text)
    OS_RdyListInit                           0x08002119   Thumb Code    32  os_core.o(.text)
    OSInit                                   0x08002139   Thumb Code   300  os_core.o(.text)
    OSIntEnter                               0x08002265   Thumb Code    34  os_core.o(.text)
    OSIntExit                                0x08002287   Thumb Code   192  os_core.o(.text)
    OSSched                                  0x08002347   Thumb Code   134  os_core.o(.text)
    OS_SchedLockTimeMeasStart                0x080023cd   Thumb Code    20  os_core.o(.text)
    OSSchedLock                              0x080023e1   Thumb Code   104  os_core.o(.text)
    OS_SchedLockTimeMeasStop                 0x08002449   Thumb Code    44  os_core.o(.text)
    OSSchedUnlock                            0x08002475   Thumb Code   290  os_core.o(.text)
    OSSchedRoundRobinCfg                     0x08002597   Thumb Code    88  os_core.o(.text)
    OS_RdyListMoveHeadToTail                 0x080025ef   Thumb Code    68  os_core.o(.text)
    OSSchedRoundRobinYield                   0x08002633   Thumb Code   164  os_core.o(.text)
    OSStart                                  0x080026d7   Thumb Code    78  os_core.o(.text)
    OSVersion                                0x08002725   Thumb Code    12  os_core.o(.text)
    OS_PendDbgNameAdd                        0x08002731   Thumb Code    66  os_core.o(.text)
    OS_PendListInsertPrio                    0x08002773   Thumb Code   102  os_core.o(.text)
    OS_PendDataInit                          0x080027d9   Thumb Code    38  os_core.o(.text)
    OS_RdyListRemove                         0x080027ff   Thumb Code    86  os_core.o(.text)
    OS_TaskBlock                             0x08002855   Thumb Code    56  os_core.o(.text)
    OS_Pend                                  0x0800288d   Thumb Code    98  os_core.o(.text)
    OS_PendListRemove1                       0x080028ef   Thumb Code   134  os_core.o(.text)
    OS_PendListRemove                        0x08002975   Thumb Code    48  os_core.o(.text)
    OS_PendAbort1                            0x080029a5   Thumb Code    36  os_core.o(.text)
    OS_RdyListInsertHead                     0x080029c9   Thumb Code    58  os_core.o(.text)
    OS_RdyListInsertTail                     0x08002a03   Thumb Code    56  os_core.o(.text)
    OS_RdyListInsert                         0x08002a3b   Thumb Code    40  os_core.o(.text)
    OS_TaskRdy                               0x08002a63   Thumb Code    28  os_core.o(.text)
    OS_PendAbort                             0x08002a7f   Thumb Code   166  os_core.o(.text)
    OS_PendDbgNameRemove                     0x08002b25   Thumb Code    34  os_core.o(.text)
    OS_PendListChangePrio                    0x08002b47   Thumb Code    70  os_core.o(.text)
    OS_PendListInit                          0x08002b8d   Thumb Code    10  os_core.o(.text)
    OS_PendListInsertHead                    0x08002b97   Thumb Code    32  os_core.o(.text)
    OS_PendObjDel1                           0x08002bb7   Thumb Code    36  os_core.o(.text)
    OS_PendObjDel                            0x08002bdb   Thumb Code   162  os_core.o(.text)
    OS_Post1                                 0x08002c7d   Thumb Code    42  os_core.o(.text)
    OS_Post                                  0x08002ca7   Thumb Code   192  os_core.o(.text)
    OS_Sched0                                0x08002d67   Thumb Code   102  os_core.o(.text)
    OS_SchedRoundRobin                       0x08002dcd   Thumb Code   190  os_core.o(.text)
    OS_Dbg_Init                              0x08002e9d   Thumb Code   146  os_dbg.o(.text)
    OS_FlagDbgListAdd                        0x0800304d   Thumb Code    38  os_flag.o(.text)
    OSFlagCreate                             0x08003073   Thumb Code   172  os_flag.o(.text)
    OS_FlagClr                               0x0800311f   Thumb Code    28  os_flag.o(.text)
    OS_FlagDbgListRemove                     0x0800313b   Thumb Code    44  os_flag.o(.text)
    OSFlagDel                                0x08003167   Thumb Code   594  os_flag.o(.text)
    OS_FlagBlock                             0x080033b9   Thumb Code    58  os_flag.o(.text)
    OSFlagPend                               0x080033f3   Thumb Code  1488  os_flag.o(.text)
    OSFlagPendAbort                          0x080039c3   Thumb Code   292  os_flag.o(.text)
    OSFlagPendGetFlagsRdy                    0x08003ae7   Thumb Code    68  os_flag.o(.text)
    OS_FlagTaskRdy                           0x08003b2b   Thumb Code    86  os_flag.o(.text)
    OS_FlagPost                              0x08003b81   Thumb Code   570  os_flag.o(.text)
    OSFlagPost                               0x08003dbb   Thumb Code   146  os_flag.o(.text)
    OS_FlagInit                              0x08003e4d   Thumb Code    14  os_flag.o(.text)
    OS_IntQPost                              0x08003e75   Thumb Code   216  os_int.o(.text)
    OS_IntQRePost                            0x08003f4d   Thumb Code   360  os_int.o(.text)
    OS_IntQTask                              0x080040b5   Thumb Code   162  os_int.o(.text)
    OS_IntQTaskInit                          0x08004157   Thumb Code   208  os_int.o(.text)
    OS_MemDbgListAdd                         0x080042b9   Thumb Code    34  os_mem.o(.text)
    OSMemCreate                              0x080042db   Thumb Code   288  os_mem.o(.text)
    OSMemGet                                 0x080043fb   Thumb Code   100  os_mem.o(.text)
    OSMemPut                                 0x0800445f   Thumb Code   112  os_mem.o(.text)
    OS_MemInit                               0x080044cf   Thumb Code    14  os_mem.o(.text)
    OS_MsgPoolCreate                         0x080044f1   Thumb Code    54  os_msg.o(.text)
    OS_MsgPoolInit                           0x08004527   Thumb Code    70  os_msg.o(.text)
    OS_MsgQFreeAll                           0x0800456d   Thumb Code    62  os_msg.o(.text)
    OS_MsgQInit                              0x080045ab   Thumb Code    14  os_msg.o(.text)
    OS_MsgQGet                               0x080045b9   Thumb Code    98  os_msg.o(.text)
    OS_MsgQPut                               0x0800461b   Thumb Code   246  os_msg.o(.text)
    OS_MutexDbgListAdd                       0x0800471d   Thumb Code    38  os_mutex.o(.text)
    OSMutexCreate                            0x08004743   Thumb Code   178  os_mutex.o(.text)
    OS_MutexClr                              0x080047f5   Thumb Code    38  os_mutex.o(.text)
    OS_MutexDbgListRemove                    0x0800481b   Thumb Code    44  os_mutex.o(.text)
    OSMutexDel                               0x08004847   Thumb Code   842  os_mutex.o(.text)
    OSMutexPend                              0x08004b91   Thumb Code   706  os_mutex.o(.text)
    OSMutexPendAbort                         0x08004e53   Thumb Code   314  os_mutex.o(.text)
    OSMutexPost                              0x08004f8d   Thumb Code   564  os_mutex.o(.text)
    OS_MutexInit                             0x080051c1   Thumb Code    14  os_mutex.o(.text)
    OS_PrioInit                              0x080051f1   Thumb Code    20  os_prio.o(.text)
    OS_PrioGetHighest                        0x08005205   Thumb Code    36  os_prio.o(.text)
    OS_PrioInsert                            0x08005229   Thumb Code    32  os_prio.o(.text)
    OS_PrioRemove                            0x08005249   Thumb Code    32  os_prio.o(.text)
    OS_QDbgListAdd                           0x0800526d   Thumb Code    38  os_q.o(.text)
    OSQCreate                                0x08005293   Thumb Code   186  os_q.o(.text)
    OS_QClr                                  0x0800534d   Thumb Code    40  os_q.o(.text)
    OS_QDbgListRemove                        0x08005375   Thumb Code    44  os_q.o(.text)
    OSQDel                                   0x080053a1   Thumb Code   362  os_q.o(.text)
    OSQFlush                                 0x0800550b   Thumb Code   210  os_q.o(.text)
    OSQPend                                  0x080055dd   Thumb Code   538  os_q.o(.text)
    OSQPendAbort                             0x080057f7   Thumb Code   292  os_q.o(.text)
    OS_QPost                                 0x0800591b   Thumb Code   324  os_q.o(.text)
    OSQPost                                  0x08005a5f   Thumb Code   198  os_q.o(.text)
    OS_QInit                                 0x08005b25   Thumb Code    14  os_q.o(.text)
    OS_SemDbgListAdd                         0x08005b45   Thumb Code    38  os_sem.o(.text)
    OSSemCreate                              0x08005b6b   Thumb Code   172  os_sem.o(.text)
    OS_SemClr                                0x08005c17   Thumb Code    28  os_sem.o(.text)
    OS_SemDbgListRemove                      0x08005c33   Thumb Code    44  os_sem.o(.text)
    OSSemDel                                 0x08005c5f   Thumb Code   362  os_sem.o(.text)
    OSSemPend                                0x08005dc9   Thumb Code   504  os_sem.o(.text)
    OSSemPendAbort                           0x08005fc1   Thumb Code   292  os_sem.o(.text)
    OS_SemPost                               0x080060e5   Thumb Code   350  os_sem.o(.text)
    OSSemPost                                0x08006243   Thumb Code   144  os_sem.o(.text)
    OSSemSet                                 0x080062d3   Thumb Code   138  os_sem.o(.text)
    OS_SemInit                               0x0800635d   Thumb Code    14  os_sem.o(.text)
    OSStatReset                              0x08006375   Thumb Code   270  os_stat.o(.text)
    OSStatTaskCPUUsageInit                   0x08006483   Thumb Code   212  os_stat.o(.text)
    OS_StatTask                              0x08006557   Thumb Code   888  os_stat.o(.text)
    OS_StatTaskInit                          0x080068cf   Thumb Code   138  os_stat.o(.text)
    OSTaskChangePrio                         0x080069ad   Thumb Code   416  os_task.o(.text)
    OS_TaskDbgListAdd                        0x08006b4d   Thumb Code    42  os_task.o(.text)
    OS_TaskInitTCB                           0x08006b77   Thumb Code   186  os_task.o(.text)
    OSTaskCreate                             0x08006c31   Thumb Code   616  os_task.o(.text)
    OS_TaskDbgListRemove                     0x08006e99   Thumb Code    64  os_task.o(.text)
    OSTaskDel                                0x08006ed9   Thumb Code   424  os_task.o(.text)
    OSTaskQFlush                             0x08007081   Thumb Code   214  os_task.o(.text)
    OSTaskQPend                              0x08007157   Thumb Code   554  os_task.o(.text)
    OSTaskQPendAbort                         0x08007381   Thumb Code   242  os_task.o(.text)
    OS_TaskQPost                             0x08007473   Thumb Code   526  os_task.o(.text)
    OSTaskQPost                              0x08007681   Thumb Code   114  os_task.o(.text)
    OSTaskRegGet                             0x080076f3   Thumb Code    78  os_task.o(.text)
    OSTaskRegGetID                           0x08007741   Thumb Code    84  os_task.o(.text)
    OSTaskRegSet                             0x08007795   Thumb Code    78  os_task.o(.text)
    OS_TaskResume                            0x080077e3   Thumb Code   314  os_task.o(.text)
    OSTaskResume                             0x0800791d   Thumb Code   112  os_task.o(.text)
    OSTaskSemPend                            0x0800798d   Thumb Code   550  os_task.o(.text)
    OSTaskSemPendAbort                       0x08007bb3   Thumb Code   270  os_task.o(.text)
    OS_TaskSemPost                           0x08007cc1   Thumb Code  1224  os_task.o(.text)
    OSTaskSemPost                            0x08008189   Thumb Code    98  os_task.o(.text)
    OSTaskSemSet                             0x080081eb   Thumb Code    80  os_task.o(.text)
    OSTaskStkChk                             0x0800823b   Thumb Code   224  os_task.o(.text)
    OS_TaskSuspend                           0x0800831b   Thumb Code   328  os_task.o(.text)
    OSTaskSuspend                            0x08008463   Thumb Code    78  os_task.o(.text)
    OSTaskTimeQuantaSet                      0x080084b1   Thumb Code    96  os_task.o(.text)
    OS_TaskInit                              0x08008511   Thumb Code    18  os_task.o(.text)
    OS_TaskReturn                            0x08008523   Thumb Code    20  os_task.o(.text)
    OS_TickListRemove                        0x08008561   Thumb Code    56  os_tick.o(.text)
    OS_TickListUpdate                        0x08008599   Thumb Code   480  os_tick.o(.text)
    OS_TickTask                              0x08008779   Thumb Code    38  os_tick.o(.text)
    OS_TickListInit                          0x0800879f   Thumb Code    32  os_tick.o(.text)
    OS_TickTaskInit                          0x080087bf   Thumb Code   130  os_tick.o(.text)
    OS_TickListInsert                        0x08008841   Thumb Code   502  os_tick.o(.text)
    OS_TickListResetPeak                     0x08008a37   Thumb Code    28  os_tick.o(.text)
    OSTimeDly                                0x08008a5d   Thumb Code   266  os_time.o(.text)
    OSTimeDlyHMSM                            0x08008b67   Thumb Code   480  os_time.o(.text)
    OSTimeDlyResume                          0x08008d47   Thumb Code   466  os_time.o(.text)
    OSTimeGet                                0x08008f19   Thumb Code    46  os_time.o(.text)
    OSTimeSet                                0x08008f47   Thumb Code    46  os_time.o(.text)
    OSTimeTick                               0x08008f75   Thumb Code    54  os_time.o(.text)
    OS_TmrDbgListAdd                         0x08008fc1   Thumb Code    34  os_tmr.o(.text)
    OSTmrCreate                              0x08008fe3   Thumb Code   248  os_tmr.o(.text)
    OS_TmrClr                                0x080090db   Thumb Code    36  os_tmr.o(.text)
    OS_TmrUnlink                             0x080090ff   Thumb Code    72  os_tmr.o(.text)
    OS_TmrDbgListRemove                      0x08009147   Thumb Code    44  os_tmr.o(.text)
    OSTmrDel                                 0x08009173   Thumb Code   176  os_tmr.o(.text)
    OSTmrRemainGet                           0x08009223   Thumb Code   184  os_tmr.o(.text)
    OS_TmrLink                               0x080092db   Thumb Code   196  os_tmr.o(.text)
    OSTmrStart                               0x0800939f   Thumb Code   210  os_tmr.o(.text)
    OSTmrStateGet                            0x08009471   Thumb Code   134  os_tmr.o(.text)
    OSTmrStop                                0x080094f7   Thumb Code   232  os_tmr.o(.text)
    OS_TmrTask                               0x080095df   Thumb Code   176  os_tmr.o(.text)
    OS_TmrInit                               0x0800968f   Thumb Code   208  os_tmr.o(.text)
    OS_TmrResetPeak                          0x0800975f   Thumb Code    28  os_tmr.o(.text)
    OSIdleTaskHook                           0x080097d9   Thumb Code    16  os_cpu_c.o(.text)
    OSInitHook                               0x080097e9   Thumb Code    42  os_cpu_c.o(.text)
    OSStatTaskHook                           0x08009813   Thumb Code    16  os_cpu_c.o(.text)
    OSTaskCreateHook                         0x08009823   Thumb Code    20  os_cpu_c.o(.text)
    OSTaskDelHook                            0x08009837   Thumb Code    20  os_cpu_c.o(.text)
    OSTaskReturnHook                         0x0800984b   Thumb Code    20  os_cpu_c.o(.text)
    OSTaskStkInit                            0x0800985f   Thumb Code   188  os_cpu_c.o(.text)
    OSTaskSwHook                             0x0800991b   Thumb Code   120  os_cpu_c.o(.text)
    OSTimeTickHook                           0x08009993   Thumb Code    16  os_cpu_c.o(.text)
    OS_CPU_SysTickHandler                    0x080099a3   Thumb Code    52  os_cpu_c.o(.text)
    OS_CPU_SysTickInit                       0x080099d7   Thumb Code    44  os_cpu_c.o(.text)
    start_task                               0x08009a45   Thumb Code   266  start_task.o(.text)
    led0_task                                0x08009b91   Thumb Code    62  led_task.o(.text)
    float_task                               0x08009bd9   Thumb Code   446  float_task.o(.text)
    NVIC_PriorityGroupConfig                 0x08009e09   Thumb Code    10  misc.o(.text)
    NVIC_Init                                0x08009e13   Thumb Code   100  misc.o(.text)
    NVIC_SetVectorTable                      0x08009e77   Thumb Code    14  misc.o(.text)
    NVIC_SystemLPConfig                      0x08009e85   Thumb Code    34  misc.o(.text)
    SysTick_CLKSourceConfig                  0x08009ea7   Thumb Code    40  misc.o(.text)
    GPIO_DeInit                              0x08009ee5   Thumb Code   172  stm32f10x_gpio.o(.text)
    GPIO_AFIODeInit                          0x08009f91   Thumb Code    20  stm32f10x_gpio.o(.text)
    GPIO_Init                                0x08009fa5   Thumb Code   278  stm32f10x_gpio.o(.text)
    GPIO_StructInit                          0x0800a0bb   Thumb Code    16  stm32f10x_gpio.o(.text)
    GPIO_ReadInputDataBit                    0x0800a0cb   Thumb Code    18  stm32f10x_gpio.o(.text)
    GPIO_ReadInputData                       0x0800a0dd   Thumb Code     8  stm32f10x_gpio.o(.text)
    GPIO_ReadOutputDataBit                   0x0800a0e5   Thumb Code    18  stm32f10x_gpio.o(.text)
    GPIO_ReadOutputData                      0x0800a0f7   Thumb Code     8  stm32f10x_gpio.o(.text)
    GPIO_SetBits                             0x0800a0ff   Thumb Code     4  stm32f10x_gpio.o(.text)
    GPIO_ResetBits                           0x0800a103   Thumb Code     4  stm32f10x_gpio.o(.text)
    GPIO_WriteBit                            0x0800a107   Thumb Code    10  stm32f10x_gpio.o(.text)
    GPIO_Write                               0x0800a111   Thumb Code     4  stm32f10x_gpio.o(.text)
    GPIO_PinLockConfig                       0x0800a115   Thumb Code    18  stm32f10x_gpio.o(.text)
    GPIO_EventOutputConfig                   0x0800a127   Thumb Code    26  stm32f10x_gpio.o(.text)
    GPIO_EventOutputCmd                      0x0800a141   Thumb Code     6  stm32f10x_gpio.o(.text)
    GPIO_PinRemapConfig                      0x0800a147   Thumb Code   138  stm32f10x_gpio.o(.text)
    GPIO_EXTILineConfig                      0x0800a1d1   Thumb Code    66  stm32f10x_gpio.o(.text)
    GPIO_ETH_MediaInterfaceConfig            0x0800a213   Thumb Code     8  stm32f10x_gpio.o(.text)
    RCC_DeInit                               0x0800a241   Thumb Code    64  stm32f10x_rcc.o(.text)
    RCC_HSEConfig                            0x0800a281   Thumb Code    70  stm32f10x_rcc.o(.text)
    RCC_GetFlagStatus                        0x0800a2c7   Thumb Code    56  stm32f10x_rcc.o(.text)
    RCC_WaitForHSEStartUp                    0x0800a2ff   Thumb Code    56  stm32f10x_rcc.o(.text)
    RCC_AdjustHSICalibrationValue            0x0800a337   Thumb Code    20  stm32f10x_rcc.o(.text)
    RCC_HSICmd                               0x0800a34b   Thumb Code     6  stm32f10x_rcc.o(.text)
    RCC_PLLConfig                            0x0800a351   Thumb Code    24  stm32f10x_rcc.o(.text)
    RCC_PLLCmd                               0x0800a369   Thumb Code     6  stm32f10x_rcc.o(.text)
    RCC_SYSCLKConfig                         0x0800a36f   Thumb Code    18  stm32f10x_rcc.o(.text)
    RCC_GetSYSCLKSource                      0x0800a381   Thumb Code    10  stm32f10x_rcc.o(.text)
    RCC_HCLKConfig                           0x0800a38b   Thumb Code    18  stm32f10x_rcc.o(.text)
    RCC_PCLK1Config                          0x0800a39d   Thumb Code    18  stm32f10x_rcc.o(.text)
    RCC_PCLK2Config                          0x0800a3af   Thumb Code    20  stm32f10x_rcc.o(.text)
    RCC_ITConfig                             0x0800a3c3   Thumb Code    26  stm32f10x_rcc.o(.text)
    RCC_USBCLKConfig                         0x0800a3dd   Thumb Code     8  stm32f10x_rcc.o(.text)
    RCC_ADCCLKConfig                         0x0800a3e5   Thumb Code    18  stm32f10x_rcc.o(.text)
    RCC_LSEConfig                            0x0800a3f7   Thumb Code    50  stm32f10x_rcc.o(.text)
    RCC_LSICmd                               0x0800a429   Thumb Code     6  stm32f10x_rcc.o(.text)
    RCC_RTCCLKConfig                         0x0800a42f   Thumb Code    12  stm32f10x_rcc.o(.text)
    RCC_RTCCLKCmd                            0x0800a43b   Thumb Code     8  stm32f10x_rcc.o(.text)
    RCC_GetClocksFreq                        0x0800a443   Thumb Code   192  stm32f10x_rcc.o(.text)
    RCC_AHBPeriphClockCmd                    0x0800a503   Thumb Code    26  stm32f10x_rcc.o(.text)
    RCC_APB2PeriphClockCmd                   0x0800a51d   Thumb Code    26  stm32f10x_rcc.o(.text)
    RCC_APB1PeriphClockCmd                   0x0800a537   Thumb Code    26  stm32f10x_rcc.o(.text)
    RCC_APB2PeriphResetCmd                   0x0800a551   Thumb Code    26  stm32f10x_rcc.o(.text)
    RCC_APB1PeriphResetCmd                   0x0800a56b   Thumb Code    26  stm32f10x_rcc.o(.text)
    RCC_BackupResetCmd                       0x0800a585   Thumb Code     8  stm32f10x_rcc.o(.text)
    RCC_ClockSecuritySystemCmd               0x0800a58d   Thumb Code     6  stm32f10x_rcc.o(.text)
    RCC_MCOConfig                            0x0800a593   Thumb Code     6  stm32f10x_rcc.o(.text)
    RCC_ClearFlag                            0x0800a599   Thumb Code    14  stm32f10x_rcc.o(.text)
    RCC_GetITStatus                          0x0800a5a7   Thumb Code    20  stm32f10x_rcc.o(.text)
    RCC_ClearITPendingBit                    0x0800a5bb   Thumb Code     6  stm32f10x_rcc.o(.text)
    USART_DeInit                             0x0800a5e5   Thumb Code   134  stm32f10x_usart.o(.text)
    USART_Init                               0x0800a66b   Thumb Code   210  stm32f10x_usart.o(.text)
    USART_StructInit                         0x0800a73d   Thumb Code    24  stm32f10x_usart.o(.text)
    USART_ClockInit                          0x0800a755   Thumb Code    34  stm32f10x_usart.o(.text)
    USART_ClockStructInit                    0x0800a777   Thumb Code    12  stm32f10x_usart.o(.text)
    USART_Cmd                                0x0800a783   Thumb Code    24  stm32f10x_usart.o(.text)
    USART_ITConfig                           0x0800a79b   Thumb Code    74  stm32f10x_usart.o(.text)
    USART_DMACmd                             0x0800a7e5   Thumb Code    18  stm32f10x_usart.o(.text)
    USART_SetAddress                         0x0800a7f7   Thumb Code    18  stm32f10x_usart.o(.text)
    USART_WakeUpConfig                       0x0800a809   Thumb Code    18  stm32f10x_usart.o(.text)
    USART_ReceiverWakeUpCmd                  0x0800a81b   Thumb Code    24  stm32f10x_usart.o(.text)
    USART_LINBreakDetectLengthConfig         0x0800a833   Thumb Code    18  stm32f10x_usart.o(.text)
    USART_LINCmd                             0x0800a845   Thumb Code    24  stm32f10x_usart.o(.text)
    USART_SendData                           0x0800a85d   Thumb Code     8  stm32f10x_usart.o(.text)
    USART_ReceiveData                        0x0800a865   Thumb Code    10  stm32f10x_usart.o(.text)
    USART_SendBreak                          0x0800a86f   Thumb Code    10  stm32f10x_usart.o(.text)
    USART_SetGuardTime                       0x0800a879   Thumb Code    16  stm32f10x_usart.o(.text)
    USART_SetPrescaler                       0x0800a889   Thumb Code    16  stm32f10x_usart.o(.text)
    USART_SmartCardCmd                       0x0800a899   Thumb Code    24  stm32f10x_usart.o(.text)
    USART_SmartCardNACKCmd                   0x0800a8b1   Thumb Code    24  stm32f10x_usart.o(.text)
    USART_HalfDuplexCmd                      0x0800a8c9   Thumb Code    24  stm32f10x_usart.o(.text)
    USART_OverSampling8Cmd                   0x0800a8e1   Thumb Code    22  stm32f10x_usart.o(.text)
    USART_OneBitMethodCmd                    0x0800a8f7   Thumb Code    24  stm32f10x_usart.o(.text)
    USART_IrDAConfig                         0x0800a90f   Thumb Code    18  stm32f10x_usart.o(.text)
    USART_IrDACmd                            0x0800a921   Thumb Code    24  stm32f10x_usart.o(.text)
    USART_GetFlagStatus                      0x0800a939   Thumb Code    26  stm32f10x_usart.o(.text)
    USART_ClearFlag                          0x0800a953   Thumb Code    18  stm32f10x_usart.o(.text)
    USART_GetITStatus                        0x0800a965   Thumb Code    84  stm32f10x_usart.o(.text)
    USART_ClearITPendingBit                  0x0800a9b9   Thumb Code    52  stm32f10x_usart.o(.text)
    Reset_Handler                            0x0800a9ed   Thumb Code     8  startup_stm32f10x_md.o(.text)
    NMI_Handler                              0x0800a9f5   Thumb Code     2  startup_stm32f10x_md.o(.text)
    HardFault_Handler                        0x0800a9f7   Thumb Code     2  startup_stm32f10x_md.o(.text)
    MemManage_Handler                        0x0800a9f9   Thumb Code     2  startup_stm32f10x_md.o(.text)
    BusFault_Handler                         0x0800a9fb   Thumb Code     2  startup_stm32f10x_md.o(.text)
    UsageFault_Handler                       0x0800a9fd   Thumb Code     2  startup_stm32f10x_md.o(.text)
    SVC_Handler                              0x0800a9ff   Thumb Code     2  startup_stm32f10x_md.o(.text)
    DebugMon_Handler                         0x0800aa01   Thumb Code     2  startup_stm32f10x_md.o(.text)
    ADC1_2_IRQHandler                        0x0800aa07   Thumb Code     0  startup_stm32f10x_md.o(.text)
    CAN1_RX1_IRQHandler                      0x0800aa07   Thumb Code     0  startup_stm32f10x_md.o(.text)
    CAN1_SCE_IRQHandler                      0x0800aa07   Thumb Code     0  startup_stm32f10x_md.o(.text)
    DMA1_Channel1_IRQHandler                 0x0800aa07   Thumb Code     0  startup_stm32f10x_md.o(.text)
    DMA1_Channel2_IRQHandler                 0x0800aa07   Thumb Code     0  startup_stm32f10x_md.o(.text)
    DMA1_Channel3_IRQHandler                 0x0800aa07   Thumb Code     0  startup_stm32f10x_md.o(.text)
    DMA1_Channel4_IRQHandler                 0x0800aa07   Thumb Code     0  startup_stm32f10x_md.o(.text)
    DMA1_Channel5_IRQHandler                 0x0800aa07   Thumb Code     0  startup_stm32f10x_md.o(.text)
    DMA1_Channel6_IRQHandler                 0x0800aa07   Thumb Code     0  startup_stm32f10x_md.o(.text)
    DMA1_Channel7_IRQHandler                 0x0800aa07   Thumb Code     0  startup_stm32f10x_md.o(.text)
    EXTI0_IRQHandler                         0x0800aa07   Thumb Code     0  startup_stm32f10x_md.o(.text)
    EXTI15_10_IRQHandler                     0x0800aa07   Thumb Code     0  startup_stm32f10x_md.o(.text)
    EXTI1_IRQHandler                         0x0800aa07   Thumb Code     0  startup_stm32f10x_md.o(.text)
    EXTI2_IRQHandler                         0x0800aa07   Thumb Code     0  startup_stm32f10x_md.o(.text)
    EXTI3_IRQHandler                         0x0800aa07   Thumb Code     0  startup_stm32f10x_md.o(.text)
    EXTI4_IRQHandler                         0x0800aa07   Thumb Code     0  startup_stm32f10x_md.o(.text)
    EXTI9_5_IRQHandler                       0x0800aa07   Thumb Code     0  startup_stm32f10x_md.o(.text)
    FLASH_IRQHandler                         0x0800aa07   Thumb Code     0  startup_stm32f10x_md.o(.text)
    I2C1_ER_IRQHandler                       0x0800aa07   Thumb Code     0  startup_stm32f10x_md.o(.text)
    I2C1_EV_IRQHandler                       0x0800aa07   Thumb Code     0  startup_stm32f10x_md.o(.text)
    I2C2_ER_IRQHandler                       0x0800aa07   Thumb Code     0  startup_stm32f10x_md.o(.text)
    I2C2_EV_IRQHandler                       0x0800aa07   Thumb Code     0  startup_stm32f10x_md.o(.text)
    PVD_IRQHandler                           0x0800aa07   Thumb Code     0  startup_stm32f10x_md.o(.text)
    RCC_IRQHandler                           0x0800aa07   Thumb Code     0  startup_stm32f10x_md.o(.text)
    RTCAlarm_IRQHandler                      0x0800aa07   Thumb Code     0  startup_stm32f10x_md.o(.text)
    RTC_IRQHandler                           0x0800aa07   Thumb Code     0  startup_stm32f10x_md.o(.text)
    SPI1_IRQHandler                          0x0800aa07   Thumb Code     0  startup_stm32f10x_md.o(.text)
    SPI2_IRQHandler                          0x0800aa07   Thumb Code     0  startup_stm32f10x_md.o(.text)
    TAMPER_IRQHandler                        0x0800aa07   Thumb Code     0  startup_stm32f10x_md.o(.text)
    TIM1_BRK_IRQHandler                      0x0800aa07   Thumb Code     0  startup_stm32f10x_md.o(.text)
    TIM1_CC_IRQHandler                       0x0800aa07   Thumb Code     0  startup_stm32f10x_md.o(.text)
    TIM1_TRG_COM_IRQHandler                  0x0800aa07   Thumb Code     0  startup_stm32f10x_md.o(.text)
    TIM1_UP_IRQHandler                       0x0800aa07   Thumb Code     0  startup_stm32f10x_md.o(.text)
    TIM2_IRQHandler                          0x0800aa07   Thumb Code     0  startup_stm32f10x_md.o(.text)
    TIM3_IRQHandler                          0x0800aa07   Thumb Code     0  startup_stm32f10x_md.o(.text)
    TIM4_IRQHandler                          0x0800aa07   Thumb Code     0  startup_stm32f10x_md.o(.text)
    USART1_IRQHandler                        0x0800aa07   Thumb Code     0  startup_stm32f10x_md.o(.text)
    USART2_IRQHandler                        0x0800aa07   Thumb Code     0  startup_stm32f10x_md.o(.text)
    USBWakeUp_IRQHandler                     0x0800aa07   Thumb Code     0  startup_stm32f10x_md.o(.text)
    USB_HP_CAN1_TX_IRQHandler                0x0800aa07   Thumb Code     0  startup_stm32f10x_md.o(.text)
    USB_LP_CAN1_RX0_IRQHandler               0x0800aa07   Thumb Code     0  startup_stm32f10x_md.o(.text)
    WWDG_IRQHandler                          0x0800aa07   Thumb Code     0  startup_stm32f10x_md.o(.text)
    SystemInit                               0x0800aaef   Thumb Code    78  system_stm32f10x.o(.text)
    SystemCoreClockUpdate                    0x0800ab3d   Thumb Code   142  system_stm32f10x.o(.text)
    __aeabi_uldivmod                         0x0800abf1   Thumb Code    98  uldiv.o(.text)
    __aeabi_fadd                             0x0800ac53   Thumb Code   164  fadd.o(.text)
    __aeabi_fsub                             0x0800acf7   Thumb Code     6  fadd.o(.text)
    __aeabi_frsub                            0x0800acfd   Thumb Code     6  fadd.o(.text)
    __aeabi_f2d                              0x0800ad03   Thumb Code    38  f2d.o(.text)
    __aeabi_cfcmpeq                          0x0800ad29   Thumb Code     0  cfcmple.o(.text)
    __aeabi_cfcmple                          0x0800ad29   Thumb Code    20  cfcmple.o(.text)
    __aeabi_cfrcmple                         0x0800ad3d   Thumb Code    20  cfrcmple.o(.text)
    __aeabi_uidiv                            0x0800ad51   Thumb Code     0  uidiv.o(.text)
    __aeabi_uidivmod                         0x0800ad51   Thumb Code    44  uidiv.o(.text)
    __aeabi_llsl                             0x0800ad7d   Thumb Code    30  llshl.o(.text)
    _ll_shift_l                              0x0800ad7d   Thumb Code     0  llshl.o(.text)
    __aeabi_llsr                             0x0800ad9b   Thumb Code    32  llushr.o(.text)
    _ll_ushift_r                             0x0800ad9b   Thumb Code     0  llushr.o(.text)
    __I$use$fp                               0x0800adbb   Thumb Code     0  iusefp.o(.text)
    _float_round                             0x0800adbb   Thumb Code    18  fepilogue.o(.text)
    _float_epilogue                          0x0800adcd   Thumb Code    92  fepilogue.o(.text)
    __aeabi_dadd                             0x0800ae29   Thumb Code   322  dadd.o(.text)
    __aeabi_dsub                             0x0800af6b   Thumb Code     6  dadd.o(.text)
    __aeabi_drsub                            0x0800af71   Thumb Code     6  dadd.o(.text)
    __aeabi_dmul                             0x0800af77   Thumb Code   228  dmul.o(.text)
    __aeabi_ddiv                             0x0800b05b   Thumb Code   222  ddiv.o(.text)
    __aeabi_d2ulz                            0x0800b139   Thumb Code    48  dfixul.o(.text)
    __aeabi_cdrcmple                         0x0800b169   Thumb Code    48  cdrcmple.o(.text)
    __scatterload                            0x0800b199   Thumb Code    28  init.o(.text)
    __scatterload_rt2                        0x0800b199   Thumb Code     0  init.o(.text)
    __aeabi_lasr                             0x0800b1bd   Thumb Code    36  llsshr.o(.text)
    _ll_sshift_r                             0x0800b1bd   Thumb Code     0  llsshr.o(.text)
    _double_round                            0x0800b1e1   Thumb Code    30  depilogue.o(.text)
    _double_epilogue                         0x0800b1ff   Thumb Code   156  depilogue.o(.text)
    OSStartHighRdy                           0x0800b29d   Thumb Code     0  os_cpu_a.o(CODE)
    PendSV_Handler                           0x0800b2d3   Thumb Code     0  os_cpu_a.o(CODE)
    __0printf                                0x0800b335   Thumb Code    22  printfa.o(i.__0printf)
    __1printf                                0x0800b335   Thumb Code     0  printfa.o(i.__0printf)
    __2printf                                0x0800b335   Thumb Code     0  printfa.o(i.__0printf)
    __c89printf                              0x0800b335   Thumb Code     0  printfa.o(i.__0printf)
    printf                                   0x0800b335   Thumb Code     0  printfa.o(i.__0printf)
    __scatterload_copy                       0x0800b355   Thumb Code    14  handlers.o(i.__scatterload_copy)
    __scatterload_null                       0x0800b363   Thumb Code     2  handlers.o(i.__scatterload_null)
    __scatterload_zeroinit                   0x0800b365   Thumb Code    14  handlers.o(i.__scatterload_zeroinit)
    CPU_EndiannessTest                       0x0800bd08   Data           4  cpu_core.o(.constdata)
    OSCfg_IdleTaskStkBasePtr                 0x0800bda0   Data           4  os_cfg_app.o(.constdata)
    OSCfg_IdleTaskStkLimit                   0x0800bda4   Data           4  os_cfg_app.o(.constdata)
    OSCfg_IdleTaskStkSize                    0x0800bda8   Data           4  os_cfg_app.o(.constdata)
    OSCfg_IdleTaskStkSizeRAM                 0x0800bdac   Data           4  os_cfg_app.o(.constdata)
    OSCfg_IntQBasePtr                        0x0800bdb0   Data           4  os_cfg_app.o(.constdata)
    OSCfg_IntQSize                           0x0800bdb4   Data           2  os_cfg_app.o(.constdata)
    OSCfg_IntQSizeRAM                        0x0800bdb8   Data           4  os_cfg_app.o(.constdata)
    OSCfg_IntQTaskStkBasePtr                 0x0800bdbc   Data           4  os_cfg_app.o(.constdata)
    OSCfg_IntQTaskStkLimit                   0x0800bdc0   Data           4  os_cfg_app.o(.constdata)
    OSCfg_IntQTaskStkSize                    0x0800bdc4   Data           4  os_cfg_app.o(.constdata)
    OSCfg_IntQTaskStkSizeRAM                 0x0800bdc8   Data           4  os_cfg_app.o(.constdata)
    OSCfg_ISRStkBasePtr                      0x0800bdcc   Data           4  os_cfg_app.o(.constdata)
    OSCfg_ISRStkSize                         0x0800bdd0   Data           4  os_cfg_app.o(.constdata)
    OSCfg_ISRStkSizeRAM                      0x0800bdd4   Data           4  os_cfg_app.o(.constdata)
    OSCfg_MsgPoolSize                        0x0800bdd8   Data           2  os_cfg_app.o(.constdata)
    OSCfg_MsgPoolSizeRAM                     0x0800bddc   Data           4  os_cfg_app.o(.constdata)
    OSCfg_MsgPoolBasePtr                     0x0800bde0   Data           4  os_cfg_app.o(.constdata)
    OSCfg_StatTaskPrio                       0x0800bde4   Data           1  os_cfg_app.o(.constdata)
    OSCfg_StatTaskRate_Hz                    0x0800bde8   Data           4  os_cfg_app.o(.constdata)
    OSCfg_StatTaskStkBasePtr                 0x0800bdec   Data           4  os_cfg_app.o(.constdata)
    OSCfg_StatTaskStkLimit                   0x0800bdf0   Data           4  os_cfg_app.o(.constdata)
    OSCfg_StatTaskStkSize                    0x0800bdf4   Data           4  os_cfg_app.o(.constdata)
    OSCfg_StatTaskStkSizeRAM                 0x0800bdf8   Data           4  os_cfg_app.o(.constdata)
    OSCfg_StkSizeMin                         0x0800bdfc   Data           4  os_cfg_app.o(.constdata)
    OSCfg_TickRate_Hz                        0x0800be00   Data           4  os_cfg_app.o(.constdata)
    OSCfg_TickTaskPrio                       0x0800be04   Data           1  os_cfg_app.o(.constdata)
    OSCfg_TickTaskStkBasePtr                 0x0800be08   Data           4  os_cfg_app.o(.constdata)
    OSCfg_TickTaskStkLimit                   0x0800be0c   Data           4  os_cfg_app.o(.constdata)
    OSCfg_TickTaskStkSize                    0x0800be10   Data           4  os_cfg_app.o(.constdata)
    OSCfg_TickTaskStkSizeRAM                 0x0800be14   Data           4  os_cfg_app.o(.constdata)
    OSCfg_TickWheelSize                      0x0800be18   Data           2  os_cfg_app.o(.constdata)
    OSCfg_TickWheelSizeRAM                   0x0800be1c   Data           4  os_cfg_app.o(.constdata)
    OSCfg_TmrTaskPrio                        0x0800be20   Data           1  os_cfg_app.o(.constdata)
    OSCfg_TmrTaskRate_Hz                     0x0800be24   Data           4  os_cfg_app.o(.constdata)
    OSCfg_TmrTaskStkBasePtr                  0x0800be28   Data           4  os_cfg_app.o(.constdata)
    OSCfg_TmrTaskStkLimit                    0x0800be2c   Data           4  os_cfg_app.o(.constdata)
    OSCfg_TmrTaskStkSize                     0x0800be30   Data           4  os_cfg_app.o(.constdata)
    OSCfg_TmrTaskStkSizeRAM                  0x0800be34   Data           4  os_cfg_app.o(.constdata)
    OSCfg_TmrWheelSize                       0x0800be38   Data           2  os_cfg_app.o(.constdata)
    OSCfg_TmrWheelSizeRAM                    0x0800be3c   Data           4  os_cfg_app.o(.constdata)
    OSCfg_DataSizeRAM                        0x0800be40   Data           4  os_cfg_app.o(.constdata)
    OSDbg_DbgEn                              0x0800be44   Data           2  os_dbg.o(.constdata)
    OSDbg_ArgChkEn                           0x0800be46   Data           1  os_dbg.o(.constdata)
    OSDbg_AppHooksEn                         0x0800be47   Data           1  os_dbg.o(.constdata)
    OSDbg_EndiannessTest                     0x0800be48   Data           4  os_dbg.o(.constdata)
    OSDbg_CalledFromISRChkEn                 0x0800be4c   Data           1  os_dbg.o(.constdata)
    OSDbg_FlagEn                             0x0800be4d   Data           1  os_dbg.o(.constdata)
    OSDbg_FlagGrp                            0x0800be50   Data          40  os_dbg.o(.constdata)
    OSDbg_FlagDelEn                          0x0800be78   Data           1  os_dbg.o(.constdata)
    OSDbg_FlagModeClrEn                      0x0800be79   Data           1  os_dbg.o(.constdata)
    OSDbg_FlagPendAbortEn                    0x0800be7a   Data           1  os_dbg.o(.constdata)
    OSDbg_FlagGrpSize                        0x0800be7c   Data           2  os_dbg.o(.constdata)
    OSDbg_FlagWidth                          0x0800be7e   Data           2  os_dbg.o(.constdata)
    OSDbg_IntQ                               0x0800be80   Data           2  os_dbg.o(.constdata)
    OSDbg_ISRPostDeferredEn                  0x0800be82   Data           1  os_dbg.o(.constdata)
    OSDbg_Mem                                0x0800be84   Data          32  os_dbg.o(.constdata)
    OSDbg_MemEn                              0x0800bea4   Data           1  os_dbg.o(.constdata)
    OSDbg_MemSize                            0x0800bea6   Data           2  os_dbg.o(.constdata)
    OSDbg_MsgEn                              0x0800bea8   Data           1  os_dbg.o(.constdata)
    OSDbg_MsgSize                            0x0800beaa   Data           2  os_dbg.o(.constdata)
    OSDbg_MsgPoolSize                        0x0800beac   Data           2  os_dbg.o(.constdata)
    OSDbg_MsgQSize                           0x0800beae   Data           2  os_dbg.o(.constdata)
    OSDbg_Mutex                              0x0800beb0   Data          44  os_dbg.o(.constdata)
    OSDbg_MutexEn                            0x0800bedc   Data           1  os_dbg.o(.constdata)
    OSDbg_MutexDelEn                         0x0800bedd   Data           1  os_dbg.o(.constdata)
    OSDbg_MutexPendAbortEn                   0x0800bede   Data           1  os_dbg.o(.constdata)
    OSDbg_MutexSize                          0x0800bee0   Data           2  os_dbg.o(.constdata)
    OSDbg_ObjTypeChkEn                       0x0800bee2   Data           1  os_dbg.o(.constdata)
    OSDbg_PendMultiEn                        0x0800bee3   Data           1  os_dbg.o(.constdata)
    OSDbg_PendDataSize                       0x0800bee4   Data           2  os_dbg.o(.constdata)
    OSDbg_PendListSize                       0x0800bee6   Data           2  os_dbg.o(.constdata)
    OSDbg_PendObjSize                        0x0800bee8   Data           2  os_dbg.o(.constdata)
    OSDbg_PrioMax                            0x0800beea   Data           2  os_dbg.o(.constdata)
    OSDbg_PrioTblSize                        0x0800beec   Data           2  os_dbg.o(.constdata)
    OSDbg_PtrSize                            0x0800beee   Data           2  os_dbg.o(.constdata)
    OSDbg_Q                                  0x0800bef0   Data          48  os_dbg.o(.constdata)
    OSDbg_QEn                                0x0800bf20   Data           1  os_dbg.o(.constdata)
    OSDbg_QDelEn                             0x0800bf21   Data           1  os_dbg.o(.constdata)
    OSDbg_QFlushEn                           0x0800bf22   Data           1  os_dbg.o(.constdata)
    OSDbg_QPendAbortEn                       0x0800bf23   Data           1  os_dbg.o(.constdata)
    OSDbg_QSize                              0x0800bf24   Data           2  os_dbg.o(.constdata)
    OSDbg_SchedRoundRobinEn                  0x0800bf26   Data           1  os_dbg.o(.constdata)
    OSDbg_Sem                                0x0800bf28   Data          40  os_dbg.o(.constdata)
    OSDbg_SemEn                              0x0800bf50   Data           1  os_dbg.o(.constdata)
    OSDbg_SemDelEn                           0x0800bf51   Data           1  os_dbg.o(.constdata)
    OSDbg_SemPendAbortEn                     0x0800bf52   Data           1  os_dbg.o(.constdata)
    OSDbg_SemSetEn                           0x0800bf53   Data           1  os_dbg.o(.constdata)
    OSDbg_SemSize                            0x0800bf54   Data           2  os_dbg.o(.constdata)
    OSDbg_RdyList                            0x0800bf56   Data           2  os_dbg.o(.constdata)
    OSDbg_RdyListSize                        0x0800bf58   Data           4  os_dbg.o(.constdata)
    OSDbg_StkWidth                           0x0800bf5c   Data           1  os_dbg.o(.constdata)
    OSDbg_StatTaskEn                         0x0800bf5d   Data           1  os_dbg.o(.constdata)
    OSDbg_StatTaskStkChkEn                   0x0800bf5e   Data           1  os_dbg.o(.constdata)
    OSDbg_TaskChangePrioEn                   0x0800bf5f   Data           1  os_dbg.o(.constdata)
    OSDbg_TaskDelEn                          0x0800bf60   Data           1  os_dbg.o(.constdata)
    OSDbg_TaskQEn                            0x0800bf61   Data           1  os_dbg.o(.constdata)
    OSDbg_TaskQPendAbortEn                   0x0800bf62   Data           1  os_dbg.o(.constdata)
    OSDbg_TaskProfileEn                      0x0800bf63   Data           1  os_dbg.o(.constdata)
    OSDbg_TaskRegTblSize                     0x0800bf64   Data           2  os_dbg.o(.constdata)
    OSDbg_TaskSemPendAbortEn                 0x0800bf66   Data           1  os_dbg.o(.constdata)
    OSDbg_TaskSuspendEn                      0x0800bf67   Data           1  os_dbg.o(.constdata)
    OSDbg_TCBSize                            0x0800bf68   Data           2  os_dbg.o(.constdata)
    OSDbg_TickSpokeSize                      0x0800bf6a   Data           2  os_dbg.o(.constdata)
    OSDbg_TimeDlyHMSMEn                      0x0800bf6c   Data           1  os_dbg.o(.constdata)
    OSDbg_TimeDlyResumeEn                    0x0800bf6d   Data           1  os_dbg.o(.constdata)
    OSDbg_TLS_TblSize                        0x0800bf6e   Data           2  os_dbg.o(.constdata)
    OSDbg_Tmr                                0x0800bf70   Data          52  os_dbg.o(.constdata)
    OSDbg_TmrEn                              0x0800bfa4   Data           1  os_dbg.o(.constdata)
    OSDbg_TmrDelEn                           0x0800bfa5   Data           1  os_dbg.o(.constdata)
    OSDbg_TmrSize                            0x0800bfa6   Data           2  os_dbg.o(.constdata)
    OSDbg_TmrSpokeSize                       0x0800bfa8   Data           2  os_dbg.o(.constdata)
    OSDbg_VersionNbr                         0x0800bfaa   Data           2  os_dbg.o(.constdata)
    OSDbg_DataSize                           0x0800bfac   Data           4  os_dbg.o(.constdata)
    Region$$Table$$Base                      0x0800bfb0   Number         0  anon$$obj.o(Region$$Table)
    Region$$Table$$Limit                     0x0800bfd0   Number         0  anon$$obj.o(Region$$Table)
    Uart3_Recv_Count                         0x20000004   Data           1  uart.o(.data)
    Uart3_Recv_STA                           0x20000005   Data           1  uart.o(.data)
    CPU_TS_TmrFreq_Hz                        0x20000008   Data           4  cpu_core.o(.data)
    Mem_PoolTbl                              0x2000000c   Data           4  lib_mem.o(.data)
    OSPrioTbl                                0x20000010   Data           8  os_prio.o(.data)
    OS_AppTaskCreateHookPtr                  0x20000018   Data           4  os_var.o(.data)
    OS_AppTaskDelHookPtr                     0x2000001c   Data           4  os_var.o(.data)
    OS_AppTaskReturnHookPtr                  0x20000020   Data           4  os_var.o(.data)
    OS_AppIdleTaskHookPtr                    0x20000024   Data           4  os_var.o(.data)
    OS_AppStatTaskHookPtr                    0x20000028   Data           4  os_var.o(.data)
    OS_AppTaskSwHookPtr                      0x2000002c   Data           4  os_var.o(.data)
    OS_AppTimeTickHookPtr                    0x20000030   Data           4  os_var.o(.data)
    OSIdleTaskCtr                            0x20000034   Data           4  os_var.o(.data)
    OSIntNestingCtr                          0x20000038   Data           1  os_var.o(.data)
    OSRunning                                0x20000039   Data           1  os_var.o(.data)
    OSIntQInPtr                              0x2000003c   Data           4  os_var.o(.data)
    OSIntQOutPtr                             0x20000040   Data           4  os_var.o(.data)
    OSIntQNbrEntries                         0x20000044   Data           2  os_var.o(.data)
    OSIntQNbrEntriesMax                      0x20000046   Data           2  os_var.o(.data)
    OSIntQOvfCtr                             0x20000048   Data           2  os_var.o(.data)
    OSIntQTaskTimeMax                        0x2000004c   Data           4  os_var.o(.data)
    OSFlagDbgListPtr                         0x20000050   Data           4  os_var.o(.data)
    OSFlagQty                                0x20000054   Data           2  os_var.o(.data)
    OSMemDbgListPtr                          0x20000058   Data           4  os_var.o(.data)
    OSMemQty                                 0x2000005c   Data           2  os_var.o(.data)
    OSMutexDbgListPtr                        0x20000060   Data           4  os_var.o(.data)
    OSMutexQty                               0x20000064   Data           2  os_var.o(.data)
    OSPrioCur                                0x20000066   Data           1  os_var.o(.data)
    OSPrioHighRdy                            0x20000067   Data           1  os_var.o(.data)
    OSPrioSaved                              0x20000068   Data           1  os_var.o(.data)
    OSQDbgListPtr                            0x2000006c   Data           4  os_var.o(.data)
    OSQQty                                   0x20000070   Data           2  os_var.o(.data)
    OSSchedLockTimeBegin                     0x20000074   Data           4  os_var.o(.data)
    OSSchedLockTimeMax                       0x20000078   Data           4  os_var.o(.data)
    OSSchedLockTimeMaxCur                    0x2000007c   Data           4  os_var.o(.data)
    OSSchedLockNestingCtr                    0x20000080   Data           1  os_var.o(.data)
    OSSchedRoundRobinDfltTimeQuanta          0x20000084   Data           4  os_var.o(.data)
    OSSchedRoundRobinEn                      0x20000088   Data           1  os_var.o(.data)
    OSSemDbgListPtr                          0x2000008c   Data           4  os_var.o(.data)
    OSSemQty                                 0x20000090   Data           2  os_var.o(.data)
    OSStatResetFlag                          0x20000092   Data           1  os_var.o(.data)
    OSStatTaskCPUUsage                       0x20000094   Data           2  os_var.o(.data)
    OSStatTaskCPUUsageMax                    0x20000096   Data           2  os_var.o(.data)
    OSStatTaskCtr                            0x20000098   Data           4  os_var.o(.data)
    OSStatTaskCtrMax                         0x2000009c   Data           4  os_var.o(.data)
    OSStatTaskCtrRun                         0x200000a0   Data           4  os_var.o(.data)
    OSStatTaskRdy                            0x200000a4   Data           1  os_var.o(.data)
    OSStatTaskTimeMax                        0x200000a8   Data           4  os_var.o(.data)
    OSTaskCtxSwCtr                           0x200000ac   Data           4  os_var.o(.data)
    OSTaskDbgListPtr                         0x200000b0   Data           4  os_var.o(.data)
    OSTaskQty                                0x200000b4   Data           2  os_var.o(.data)
    OSTaskRegNextAvailID                     0x200000b6   Data           1  os_var.o(.data)
    OSTickCtr                                0x200000b8   Data           4  os_var.o(.data)
    OSTickTaskTimeMax                        0x200000bc   Data           4  os_var.o(.data)
    OSTmrDbgListPtr                          0x200000c0   Data           4  os_var.o(.data)
    OSTmrQty                                 0x200000c4   Data           2  os_var.o(.data)
    OSTmrTaskTimeMax                         0x200000c8   Data           4  os_var.o(.data)
    OSTmrTickCtr                             0x200000cc   Data           4  os_var.o(.data)
    OSTmrUpdateCnt                           0x200000d0   Data           4  os_var.o(.data)
    OSTmrUpdateCtr                           0x200000d4   Data           4  os_var.o(.data)
    OSTCBCurPtr                              0x200000d8   Data           4  os_var.o(.data)
    OSTCBHighRdyPtr                          0x200000dc   Data           4  os_var.o(.data)
    OS_CPU_ExceptStkBase                     0x200000e0   Data           4  os_cpu_c.o(.data)
    SystemCoreClock                          0x200000fc   Data           4  system_stm32f10x.o(.data)
    AHBPrescTable                            0x20000100   Data          16  system_stm32f10x.o(.data)
    __stdout                                 0x20000110   Data           4  stdout.o(.data)
    Uart3_Recv_Buffer                        0x20000114   Data          20  uart.o(.bss)
    CPU_Name                                 0x20000128   Data          16  cpu_core.o(.bss)
    Mem_PoolHeap                             0x20000138   Data          72  lib_mem.o(.bss)
    Mem_Heap                                 0x20000180   Data        1024  lib_mem.o(.bss)
    OSCfg_IdleTaskStk                        0x20000580   Data         512  os_cfg_app.o(.bss)
    OSCfg_IntQ                               0x20000780   Data         320  os_cfg_app.o(.bss)
    OSCfg_IntQTaskStk                        0x200008c0   Data         512  os_cfg_app.o(.bss)
    OSCfg_ISRStk                             0x20000ac0   Data         512  os_cfg_app.o(.bss)
    OSCfg_MsgPool                            0x20000cc0   Data        1600  os_cfg_app.o(.bss)
    OSCfg_StatTaskStk                        0x20001300   Data         512  os_cfg_app.o(.bss)
    OSCfg_TickTaskStk                        0x20001500   Data         512  os_cfg_app.o(.bss)
    OSCfg_TickWheel                          0x20001700   Data         136  os_cfg_app.o(.bss)
    OSCfg_TmrTaskStk                         0x20001788   Data         512  os_cfg_app.o(.bss)
    OSCfg_TmrWheel                           0x20001988   Data         136  os_cfg_app.o(.bss)
    OSIdleTaskTCB                            0x20001a10   Data         196  os_var.o(.bss)
    OSIntQTaskTCB                            0x20001ad4   Data         196  os_var.o(.bss)
    OSMsgPool                                0x20001b98   Data          12  os_var.o(.bss)
    OSRdyList                                0x20001ba4   Data         768  os_var.o(.bss)
    OSStatTaskTCB                            0x20001ea4   Data         196  os_var.o(.bss)
    OSTickTaskTCB                            0x20001f68   Data         196  os_var.o(.bss)
    OSTmrTaskTCB                             0x2000202c   Data         196  os_var.o(.bss)
    StartTaskTCB                             0x200020f0   Data         196  start_task.o(.bss)
    START_TASK_STK                           0x200021b4   Data        2048  start_task.o(.bss)
    Led0TaskTCB                              0x200029b4   Data         196  led_task.o(.bss)
    LED0_TASK_STK                            0x20002a78   Data         512  led_task.o(.bss)
    FloatTaskTCB                             0x20002c78   Data         196  float_task.o(.bss)
    FLOAT_TASK_STK                           0x20002d40   Data         512  float_task.o(.bss)
    __initial_sp                             0x20003340   Data           0  startup_stm32f10x_md.o(STACK)



==============================================================================

Memory Map of the image

  Image Entry point : 0x080000ed

  Load Region LR_IROM1 (Base: 0x08000000, Size: 0x0000c0e4, Max: 0x00010000, ABSOLUTE)

    Execution Region ER_IROM1 (Base: 0x08000000, Size: 0x0000bfd0, Max: 0x00010000, ABSOLUTE)

    Base Addr    Size         Type   Attr      Idx    E Section Name        Object

    0x08000000   0x000000ec   Data   RO          916    RESET               startup_stm32f10x_md.o
    0x080000ec   0x00000000   Code   RO          951  * .ARM.Collect$$$$00000000  mc_w.l(entry.o)
    0x080000ec   0x00000004   Code   RO         1225    .ARM.Collect$$$$00000001  mc_w.l(entry2.o)
    0x080000f0   0x00000004   Code   RO         1228    .ARM.Collect$$$$00000004  mc_w.l(entry5.o)
    0x080000f4   0x00000000   Code   RO         1230    .ARM.Collect$$$$00000008  mc_w.l(entry7b.o)
    0x080000f4   0x00000000   Code   RO         1232    .ARM.Collect$$$$0000000A  mc_w.l(entry8b.o)
    0x080000f4   0x00000008   Code   RO         1233    .ARM.Collect$$$$0000000B  mc_w.l(entry9a.o)
    0x080000fc   0x00000000   Code   RO         1235    .ARM.Collect$$$$0000000D  mc_w.l(entry10a.o)
    0x080000fc   0x00000000   Code   RO         1237    .ARM.Collect$$$$0000000F  mc_w.l(entry11a.o)
    0x080000fc   0x00000004   Code   RO         1226    .ARM.Collect$$$$00002712  mc_w.l(entry2.o)
    0x08000100   0x00000104   Code   RO            4    .text               main.o
    0x08000204   0x0000002c   Code   RO          206    .text               led.o
    0x08000230   0x0000014c   Code   RO          230    .text               delay.o
    0x0800037c   0x00000154   Code   RO          284    .text               uart.o
    0x080004d0   0x00000084   Code   RO          319    .text               bsp.o
    0x08000554   0x000002a8   Code   RO          343    .text               cpu_core.o
    0x080007fc   0x00000034   Code   RO          369    .text               cpu_a.o
    0x08000830   0x00000256   Code   RO          384    .text               lib_ascii.o
    0x08000a86   0x00000002   PAD
    0x08000a88   0x000009c6   Code   RO          417    .text               lib_mem.o
    0x0800144e   0x00000002   PAD
    0x08001450   0x0000092c   Code   RO          436    .text               lib_str.o
    0x08001d7c   0x00000220   Code   RO          453    .text               lib_mem_a.o
    0x08001f9c   0x000000fc   Code   RO          456    .text               os_cfg_app.o
    0x08002098   0x00000e04   Code   RO          479    .text               os_core.o
    0x08002e9c   0x000001b0   Code   RO          491    .text               os_dbg.o
    0x0800304c   0x00000e28   Code   RO          506    .text               os_flag.o
    0x08003e74   0x00000444   Code   RO          518    .text               os_int.o
    0x080042b8   0x00000238   Code   RO          530    .text               os_mem.o
    0x080044f0   0x0000022c   Code   RO          542    .text               os_msg.o
    0x0800471c   0x00000ad4   Code   RO          554    .text               os_mutex.o
    0x080051f0   0x0000007c   Code   RO          572    .text               os_prio.o
    0x0800526c   0x000008d8   Code   RO          591    .text               os_q.o
    0x08005b44   0x00000830   Code   RO          603    .text               os_sem.o
    0x08006374   0x00000638   Code   RO          615    .text               os_stat.o
    0x080069ac   0x00001bb4   Code   RO          627    .text               os_task.o
    0x08008560   0x000004fc   Code   RO          639    .text               os_tick.o
    0x08008a5c   0x00000564   Code   RO          651    .text               os_time.o
    0x08008fc0   0x00000818   Code   RO          663    .text               os_tmr.o
    0x080097d8   0x0000026c   Code   RO          689    .text               os_cpu_c.o
    0x08009a44   0x0000014c   Code   RO          728    .text               start_task.o
    0x08009b90   0x00000048   Code   RO          758    .text               led_task.o
    0x08009bd8   0x00000230   Code   RO          788    .text               float_task.o
    0x08009e08   0x000000dc   Code   RO          819    .text               misc.o
    0x08009ee4   0x0000035c   Code   RO          843    .text               stm32f10x_gpio.o
    0x0800a240   0x000003a4   Code   RO          867    .text               stm32f10x_rcc.o
    0x0800a5e4   0x00000408   Code   RO          893    .text               stm32f10x_usart.o
    0x0800a9ec   0x00000024   Code   RO          917    .text               startup_stm32f10x_md.o
    0x0800aa10   0x000001e0   Code   RO          924    .text               system_stm32f10x.o
    0x0800abf0   0x00000062   Code   RO          954    .text               mc_w.l(uldiv.o)
    0x0800ac52   0x000000b0   Code   RO         1217    .text               mf_w.l(fadd.o)
    0x0800ad02   0x00000026   Code   RO         1219    .text               mf_w.l(f2d.o)
    0x0800ad28   0x00000014   Code   RO         1221    .text               mf_w.l(cfcmple.o)
    0x0800ad3c   0x00000014   Code   RO         1223    .text               mf_w.l(cfrcmple.o)
    0x0800ad50   0x0000002c   Code   RO         1240    .text               mc_w.l(uidiv.o)
    0x0800ad7c   0x0000001e   Code   RO         1242    .text               mc_w.l(llshl.o)
    0x0800ad9a   0x00000020   Code   RO         1244    .text               mc_w.l(llushr.o)
    0x0800adba   0x00000000   Code   RO         1246    .text               mc_w.l(iusefp.o)
    0x0800adba   0x0000006e   Code   RO         1247    .text               mf_w.l(fepilogue.o)
    0x0800ae28   0x0000014e   Code   RO         1249    .text               mf_w.l(dadd.o)
    0x0800af76   0x000000e4   Code   RO         1251    .text               mf_w.l(dmul.o)
    0x0800b05a   0x000000de   Code   RO         1253    .text               mf_w.l(ddiv.o)
    0x0800b138   0x00000030   Code   RO         1255    .text               mf_w.l(dfixul.o)
    0x0800b168   0x00000030   Code   RO         1257    .text               mf_w.l(cdrcmple.o)
    0x0800b198   0x00000024   Code   RO         1259    .text               mc_w.l(init.o)
    0x0800b1bc   0x00000024   Code   RO         1261    .text               mc_w.l(llsshr.o)
    0x0800b1e0   0x000000ba   Code   RO         1263    .text               mf_w.l(depilogue.o)
    0x0800b29a   0x00000002   PAD
    0x0800b29c   0x00000098   Code   RO          707    CODE                os_cpu_a.o
    0x0800b334   0x00000020   Code   RO         1189    i.__0printf         mc_w.l(printfa.o)
    0x0800b354   0x0000000e   Code   RO         1267    i.__scatterload_copy  mc_w.l(handlers.o)
    0x0800b362   0x00000002   Code   RO         1268    i.__scatterload_null  mc_w.l(handlers.o)
    0x0800b364   0x0000000e   Code   RO         1269    i.__scatterload_zeroinit  mc_w.l(handlers.o)
    0x0800b372   0x00000002   PAD
    0x0800b374   0x00000164   Code   RO         1196    i._fp_digits        mc_w.l(printfa.o)
    0x0800b4d8   0x000006dc   Code   RO         1197    i._printf_core      mc_w.l(printfa.o)
    0x0800bbb4   0x00000024   Code   RO         1198    i._printf_post_padding  mc_w.l(printfa.o)
    0x0800bbd8   0x0000002e   Code   RO         1199    i._printf_pre_padding  mc_w.l(printfa.o)
    0x0800bc06   0x00000002   PAD
    0x0800bc08   0x00000104   Data   RO          345    .constdata          cpu_core.o
    0x0800bd0c   0x00000094   Data   RO          437    .constdata          lib_str.o
    0x0800bda0   0x000000a4   Data   RO          458    .constdata          os_cfg_app.o
    0x0800be44   0x0000016c   Data   RO          492    .constdata          os_dbg.o
    0x0800bfb0   0x00000020   Data   RO         1265    Region$$Table       anon$$obj.o


    Execution Region RW_IRAM1 (Base: 0x20000000, Size: 0x00003340, Max: 0x00005000, ABSOLUTE)

    Base Addr    Size         Type   Attr      Idx    E Section Name        Object

    0x20000000   0x00000004   Data   RW          231    .data               delay.o
    0x20000004   0x00000003   Data   RW          286    .data               uart.o
    0x20000007   0x00000001   PAD
    0x20000008   0x00000004   Data   RW          346    .data               cpu_core.o
    0x2000000c   0x00000004   Data   RW          419    .data               lib_mem.o
    0x20000010   0x00000008   Data   RW          573    .data               os_prio.o
    0x20000018   0x000000c8   Data   RW          676    .data               os_var.o
    0x200000e0   0x00000004   Data   RW          690    .data               os_cpu_c.o
    0x200000e4   0x00000004   Data   RW          790    .data               float_task.o
    0x200000e8   0x00000014   Data   RW          868    .data               stm32f10x_rcc.o
    0x200000fc   0x00000014   Data   RW          925    .data               system_stm32f10x.o
    0x20000110   0x00000004   Data   RW         1239    .data               mc_w.l(stdout.o)
    0x20000114   0x00000014   Zero   RW          285    .bss                uart.o
    0x20000128   0x00000010   Zero   RW          344    .bss                cpu_core.o
    0x20000138   0x00000448   Zero   RW          418    .bss                lib_mem.o
    0x20000580   0x00001490   Zero   RW          457    .bss                os_cfg_app.o
    0x20001a10   0x000006e0   Zero   RW          675    .bss                os_var.o
    0x200020f0   0x000008c4   Zero   RW          729    .bss                start_task.o
    0x200029b4   0x000002c4   Zero   RW          759    .bss                led_task.o
    0x20002c78   0x000002c8   Zero   RW          789    .bss                float_task.o
    0x20002f40   0x00000400   Zero   RW          914    STACK               startup_stm32f10x_md.o


==============================================================================

Image component sizes


      Code (inc. data)   RO Data    RW Data    ZI Data      Debug   Object Name

       132         12          0          0          0       1127   bsp.o
        52          0          0          0          0        332   cpu_a.o
       680         14        260          4         16      14219   cpu_core.o
       332         28          0          4          0       1733   delay.o
       560        114          0          4        712       1335   float_task.o
        44          4          0          0          0        451   led.o
        72         10          0          0        708       1100   led_task.o
       598          0          0          0          0       3684   lib_ascii.o
      2502         32          0          4       1096      21700   lib_mem.o
       544          0          0          0          0        476   lib_mem_a.o
      2348          6        148          0          0      13022   lib_str.o
       260         32          0          0          0     271464   main.o
       220         22          0          0          0       1913   misc.o
       252        166        164          0       5264      20858   os_cfg_app.o
      3588        294          0          0          0      12009   os_core.o
       152         32          0          0          0        388   os_cpu_a.o
       620         66          0          4          0       3705   os_cpu_c.o
       432        286        364          0          0       4713   os_dbg.o
      3624        110          0          0          0       7671   os_flag.o
      1092        146          0          0          0       2244   os_int.o
       568         20          0          0          0       2644   os_mem.o
       556         12          0          0          0       2707   os_msg.o
      2772        114          0          0          0       5366   os_mutex.o
       124          4          0          8          0       1716   os_prio.o
      2264         76          0          0          0       6044   os_q.o
      2096         70          0          0          0       6056   os_sem.o
      1592        180          0          0          0       2749   os_stat.o
      7092        270          0          0          0      13418   os_task.o
      1276         90          0          0          0       3201   os_tick.o
      1380         46          0          0          0       3141   os_time.o
      2072        140          0          0          0       6242   os_tmr.o
         0          0          0        200       1760      19333   os_var.o
       332         66          0          0       2244       1207   start_task.o
        36          8        236          0       1024        812   startup_stm32f10x_md.o
       860         38          0          0          0       5753   stm32f10x_gpio.o
       932         36          0         20          0       8908   stm32f10x_rcc.o
      1032         22          0          0          0       8484   stm32f10x_usart.o
       480         38          0         20          0       1871   system_stm32f10x.o
       340         24          0          3         20       3136   uart.o

    ----------------------------------------------------------------------
     43912       2628       1204        272      12844     486932   Object Totals
         0          0         32          0          0          0   (incl. Generated)
         4          0          0          1          0          0   (incl. Padding)

    ----------------------------------------------------------------------

      Code (inc. data)   RO Data    RW Data    ZI Data      Debug   Library Member Name

         0          0          0          0          0          0   entry.o
         0          0          0          0          0          0   entry10a.o
         0          0          0          0          0          0   entry11a.o
         8          4          0          0          0          0   entry2.o
         4          0          0          0          0          0   entry5.o
         0          0          0          0          0          0   entry7b.o
         0          0          0          0          0          0   entry8b.o
         8          4          0          0          0          0   entry9a.o
        30          0          0          0          0          0   handlers.o
        36          8          0          0          0         68   init.o
         0          0          0          0          0          0   iusefp.o
        30          0          0          0          0         68   llshl.o
        36          0          0          0          0         68   llsshr.o
        32          0          0          0          0         68   llushr.o
      2226         90          0          0          0        444   printfa.o
         0          0          0          4          0          0   stdout.o
        44          0          0          0          0         80   uidiv.o
        98          0          0          0          0         92   uldiv.o
        48          0          0          0          0         68   cdrcmple.o
        20          0          0          0          0         68   cfcmple.o
        20          0          0          0          0         68   cfrcmple.o
       334          0          0          0          0        148   dadd.o
       222          0          0          0          0        100   ddiv.o
       186          0          0          0          0        176   depilogue.o
        48          0          0          0          0         68   dfixul.o
       228          0          0          0          0         96   dmul.o
        38          0          0          0          0         68   f2d.o
       176          0          0          0          0        140   fadd.o
       110          0          0          0          0        168   fepilogue.o

    ----------------------------------------------------------------------
      3988        106          0          4          0       2056   Library Totals
         6          0          0          0          0          0   (incl. Padding)

    ----------------------------------------------------------------------

      Code (inc. data)   RO Data    RW Data    ZI Data      Debug   Library Name

      2552        106          0          4          0        888   mc_w.l
      1430          0          0          0          0       1168   mf_w.l

    ----------------------------------------------------------------------
      3988        106          0          4          0       2056   Library Totals

    ----------------------------------------------------------------------

==============================================================================


      Code (inc. data)   RO Data    RW Data    ZI Data      Debug   

     47900       2734       1204        276      12844     484876   Grand Totals
     47900       2734       1204        276      12844     484876   ELF Image Totals
     47900       2734       1204        276          0          0   ROM Totals

==============================================================================

    Total RO  Size (Code + RO Data)                49104 (  47.95kB)
    Total RW  Size (RW Data + ZI Data)             13120 (  12.81kB)
    Total ROM Size (Code + RO Data + RW Data)      49380 (  48.22kB)

==============================================================================

