Component: ARM Compiler 5.05 update 1 (build 106) Tool: armlink [4d0efa]

==============================================================================

Section Cross References

    main.o(.text) refers to misc.o(.text) for NVIC_PriorityGroupConfig
    main.o(.text) refers to uart.o(.text) for Uart3_init
    main.o(.text) refers to delay.o(.text) for delay_init
    main.o(.text) refers to led.o(.text) for LED_init
    main.o(.text) refers to os_core.o(.text) for OSInit
    main.o(.text) refers to cpu_a.o(.text) for CPU_SR_Save
    main.o(.text) refers to os_task.o(.text) for OSTaskCreate
    main.o(.text) refers to os_var.o(.data) for OSSchedLockNestingCtr
    main.o(.text) refers to start_task.o(.bss) for START_TASK_STK
    main.o(.text) refers to start_task.o(.text) for start_task
    hekr_protocol.o(.text) refers to uart.o(.text) for UART3_SendChar
    hekr_protocol.o(.text) refers to hekr_protocol.o(.bss) for Hekr_Send_Buffer
    led.o(.text) refers to stm32f10x_rcc.o(.text) for RCC_APB2PeriphClockCmd
    led.o(.text) refers to stm32f10x_gpio.o(.text) for GPIO_Init
    delay.o(.text) refers to os_core.o(.text) for OSSchedLock
    delay.o(.text) refers to os_time.o(.text) for OSTimeDly
    delay.o(.text) refers to misc.o(.text) for SysTick_CLKSourceConfig
    delay.o(.text) refers to os_var.o(.data) for OSRunning
    delay.o(.text) refers to system_stm32f10x.o(.data) for SystemCoreClock
    delay.o(.text) refers to delay.o(.data) for fac_us
    delay.o(.text) refers to os_cfg_app.o(.constdata) for OSCfg_TickRate_Hz
    uart.o(.text) refers to stm32f10x_rcc.o(.text) for RCC_APB1PeriphClockCmd
    uart.o(.text) refers to stm32f10x_gpio.o(.text) for GPIO_Init
    uart.o(.text) refers to misc.o(.text) for NVIC_Init
    uart.o(.text) refers to stm32f10x_usart.o(.text) for USART_Init
    uart.o(.text) refers to os_core.o(.text) for OSIntEnter
    uart.o(.text) refers to uart.o(.data) for temp_flag
    uart.o(.text) refers to uart.o(.bss) for Uart3_Recv_Buffer
    uart.o(.text) refers to os_var.o(.data) for OSRunning
    bsp.o(.text) refers to stm32f10x_rcc.o(.text) for RCC_GetClocksFreq
    bsp.o(.text) refers to cpu_core.o(.text) for CPU_TS_TmrFreqSet
    bsp.o(.text) refers to uldiv.o(.text) for __aeabi_uldivmod
    bsp_int.o(.text) refers to cpu_c.o(.text) for CPU_IntSrcDis
    bsp_int.o(.text) refers to cpu_a.o(.text) for CPU_IntDis
    bsp_int.o(.text) refers to os_core.o(.text) for OSIntEnter
    bsp_int.o(.text) refers to bsp_int.o(.bss) for BSP_IntVectTbl
    cpu_core.o(.text) refers to cpu_a.o(.text) for CPU_SR_Save
    cpu_core.o(.text) refers to lib_mem.o(.text) for Mem_Clr
    cpu_core.o(.text) refers to bsp.o(.text) for CPU_TS_TmrInit
    cpu_core.o(.text) refers to lib_str.o(.text) for Str_Copy_N
    cpu_core.o(.text) refers to cpu_core.o(.bss) for CPU_Name
    cpu_core.o(.text) refers to cpu_core.o(.data) for CPU_TS_TmrFreq_Hz
    cpu_core.o(.text) refers to cpu_core.o(.constdata) for CPU_CntLeadZerosTbl
    cpu_c.o(.text) refers to cpu_a.o(.text) for CPU_SR_Save
    lib_math.o(.text) refers to cpu_a.o(.text) for CPU_SR_Save
    lib_math.o(.text) refers to lib_math.o(.data) for Math_RandSeedCur
    lib_mem.o(.text) refers to lib_mem_a.o(.text) for Mem_Copy
    lib_mem.o(.text) refers to cpu_a.o(.text) for CPU_SR_Save
    lib_mem.o(.text) refers to lib_mem.o(.bss) for Mem_PoolHeap
    lib_mem.o(.text) refers to lib_mem.o(.data) for Mem_PoolTbl
    lib_str.o(.text) refers to lib_ascii.o(.text) for ASCII_ToLower
    lib_str.o(.text) refers to lib_str.o(.constdata) for Str_MultOvfThTbl_Int32U
    os_cfg_app.o(.text) refers to os_cfg_app.o(.constdata) for OSCfg_DataSizeRAM
    os_cfg_app.o(.constdata) refers to os_cfg_app.o(.bss) for OSCfg_IdleTaskStk
    os_core.o(.text) refers to cpu_a.o(.text) for CPU_SR_Save
    os_core.o(.text) refers to os_cpu_c.o(.text) for OSIdleTaskHook
    os_core.o(.text) refers to os_task.o(.text) for OSTaskCreate
    os_core.o(.text) refers to os_prio.o(.text) for OS_PrioInit
    os_core.o(.text) refers to os_flag.o(.text) for OS_FlagInit
    os_core.o(.text) refers to os_mem.o(.text) for OS_MemInit
    os_core.o(.text) refers to os_msg.o(.text) for OS_MsgPoolInit
    os_core.o(.text) refers to os_mutex.o(.text) for OS_MutexInit
    os_core.o(.text) refers to os_q.o(.text) for OS_QInit
    os_core.o(.text) refers to os_sem.o(.text) for OS_SemInit
    os_core.o(.text) refers to os_int.o(.text) for OS_IntQTaskInit
    os_core.o(.text) refers to os_tick.o(.text) for OS_TickTaskInit
    os_core.o(.text) refers to os_stat.o(.text) for OS_StatTaskInit
    os_core.o(.text) refers to os_tmr.o(.text) for OS_TmrInit
    os_core.o(.text) refers to os_dbg.o(.text) for OS_Dbg_Init
    os_core.o(.text) refers to os_cfg_app.o(.text) for OSCfg_Init
    os_core.o(.text) refers to bsp.o(.text) for CPU_TS_TmrRd
    os_core.o(.text) refers to os_var.o(.data) for OSIdleTaskCtr
    os_core.o(.text) refers to os_cfg_app.o(.constdata) for OSCfg_IdleTaskStkSize
[...]
    .text                                    0x0800b21a   Section        0  llushr.o(.text)
    .text                                    0x0800b23a   Section        0  iusefp.o(.text)
    .text                                    0x0800b23a   Section        0  fepilogue.o(.text)
    .text                                    0x0800b2a8   Section        0  dadd.o(.text)
    .text                                    0x0800b3f6   Section        0  dmul.o(.text)
    .text                                    0x0800b4da   Section        0  ddiv.o(.text)
    .text                                    0x0800b5b8   Section        0  dfixul.o(.text)
    .text                                    0x0800b5e8   Section       48  cdrcmple.o(.text)
    .text                                    0x0800b618   Section       36  init.o(.text)
    .text                                    0x0800b63c   Section        0  llsshr.o(.text)
    .text                                    0x0800b660   Section        0  depilogue.o(.text)
    CODE                                     0x0800b71c   Section      152  os_cpu_a.o(CODE)
    i.__0printf                              0x0800b7b4   Section        0  printfa.o(i.__0printf)
    i.__scatterload_copy                     0x0800b7d4   Section       14  handlers.o(i.__scatterload_copy)
    i.__scatterload_null                     0x0800b7e2   Section        2  handlers.o(i.__scatterload_null)
    i.__scatterload_zeroinit                 0x0800b7e4   Section       14  handlers.o(i.__scatterload_zeroinit)
    i._fp_digits                             0x0800b7f4   Section        0  printfa.o(i._fp_digits)
    _fp_digits                               0x0800b7f5   Thumb Code   334  printfa.o(i._fp_digits)
    i._printf_core                           0x0800b958   Section        0  printfa.o(i._printf_core)
    _printf_core                             0x0800b959   Thumb Code  1744  printfa.o(i._printf_core)
    i._printf_post_padding                   0x0800c034   Section        0  printfa.o(i._printf_post_padding)
    _printf_post_padding                     0x0800c035   Thumb Code    36  printfa.o(i._printf_post_padding)
    i._printf_pre_padding                    0x0800c058   Section        0  printfa.o(i._printf_pre_padding)
    _printf_pre_padding                      0x0800c059   Thumb Code    46  printfa.o(i._printf_pre_padding)
    .constdata                               0x0800c088   Section      260  cpu_core.o(.constdata)
    CPU_CntLeadZerosTbl                      0x0800c088   Data         256  cpu_core.o(.constdata)
    .constdata                               0x0800c18c   Section      148  lib_str.o(.constdata)
    Str_MultOvfThTbl_Int32U                  0x0800c18c   Data         148  lib_str.o(.constdata)
    .constdata                               0x0800c220   Section      164  os_cfg_app.o(.constdata)
    .constdata                               0x0800c2c4   Section      364  os_dbg.o(.constdata)
    .data                                    0x20000000   Section        4  delay.o(.data)
    fac_us                                   0x20000000   Data           1  delay.o(.data)
    fac_ms                                   0x20000002   Data           2  delay.o(.data)
    .data                                    0x20000004   Section        3  uart.o(.data)
    temp_flag                                0x20000006   Data           1  uart.o(.data)
    .data                                    0x20000008   Section        4  cpu_core.o(.data)
    .data                                    0x2000000c   Section        4  lib_mem.o(.data)
    .data                                    0x20000010   Section        8  os_prio.o(.data)
    .data                                    0x20000018   Section      200  os_var.o(.data)
    .data                                    0x200000e0   Section        4  os_cpu_c.o(.data)
    .data                                    0x200000e4   Section        4  float_task.o(.data)
    float_num                                0x200000e4   Data           4  float_task.o(.data)
    .data                                    0x200000e8   Section        1  protocol_task.o(.data)
    Date_Handle_Flag                         0x200000e8   Data           1  protocol_task.o(.data)
    .data                                    0x200000e9   Section        1  tim.o(.data)
    flag                                     0x200000e9   Data           1  tim.o(.data)
    .data                                    0x200000ea   Section       20  stm32f10x_rcc.o(.data)
    APBAHBPrescTable                         0x200000ea   Data          16  stm32f10x_rcc.o(.data)
    ADCPrescTable                            0x200000fa   Data           4  stm32f10x_rcc.o(.data)
    .data                                    0x20000100   Section       20  system_stm32f10x.o(.data)
    .data                                    0x20000114   Section        4  stdout.o(.data)
    .bss                                     0x20000118   Section       55  hekr_protocol.o(.bss)
    .bss                                     0x2000014f   Section       20  uart.o(.bss)
    .bss                                     0x20000163   Section       16  cpu_core.o(.bss)
    .bss                                     0x20000174   Section     1096  lib_mem.o(.bss)
    .bss                                     0x200005bc   Section     5264  os_cfg_app.o(.bss)
    .bss                                     0x20001a4c   Section     1760  os_var.o(.bss)
    .bss                                     0x2000212c   Section     2244  start_task.o(.bss)
    .bss                                     0x200029f0   Section      708  led_task.o(.bss)
    .bss                                     0x20002cb8   Section      712  float_task.o(.bss)
    .bss                                     0x20002f80   Section      708  protocol_task.o(.bss)
    .bss                                     0x20003244   Section      104  tim.o(.bss)
    STACK                                    0x200032b0   Section     1024  startup_stm32f10x_md.o(STACK)

    Global Symbols

    Symbol Name                              Value     Ov Type        Size  Object(Section)

    BuildAttributes$$THM_ISAv4$P$D$K$B$S$PE$A:L22UL41UL21$X:L11$S22US41US21$IEEE1$IW$USESV6$~STKCKD$USESV7$~SHL$OTIME$ROPI$EBA8$MICROLIB$REQ8$PRES8$EABIv2 0x00000000   Number         0  anon$$obj.o ABSOLUTE
    __ARM_use_no_argv                        0x00000000   Number         0  main.o ABSOLUTE
    _printf_a                                0x00000000   Number         0  stubs.o ABSOLUTE
    _printf_c                                0x00000000   Number         0  stubs.o ABSOLUTE
    _printf_charcount                        0x00000000   Number         0  stubs.o ABSOLUTE
    _printf_d                                0x00000000   Number         0  stubs.o ABSOLUTE
    _printf_e                                0x00000000   Number         0  stubs.o ABSOLUTE
    _printf_f                                0x00000000   Number         0  stubs.o ABSOLUTE
    _printf_flags                            0x00000000   Number         0  stubs.o ABSOLUTE
    _printf_fp_dec                           0x00000000   Number         0  stubs.o ABSOLUTE
    _printf_fp_hex                           0x00000000   Number         0  stubs.o ABSOLUTE
    _printf_g                                0x00000000   Number         0  stubs.o ABSOLUTE
    _printf_i                                0x00000000   Number         0  stubs.o ABSOLUTE
    _printf_int_dec                          0x00000000   Number         0  stubs.o ABSOLUTE
    _printf_l                                0x00000000   Number         0  stubs.o ABSOLUTE
    _printf_lc                               0x00000000   Number         0  stubs.o ABSOLUTE
    _printf_ll                               0x00000000   Number         0  stubs.o ABSOLUTE
    _printf_lld                              0x00000000   Number         0  stubs.o ABSOLUTE
    _printf_lli                              0x00000000   Number         0  stubs.o ABSOLUTE
    _printf_llo                              0x00000000   Number         0  stubs.o ABSOLUTE
    _printf_llu                              0x00000000   Number         0  stubs.o ABSOLUTE
    _printf_llx                              0x00000000   Number         0  stubs.o ABSOLUTE
    _printf_longlong_dec                     0x00000000   Number         0  stubs.o ABSOLUTE
    _printf_longlong_hex                     0x00000000   Number         0  stubs.o ABSOLUTE
    _printf_longlong_oct                     0x00000000   Number         0  stubs.o ABSOLUTE
    _printf_ls                               0x00000000   Number         0  stubs.o ABSOLUTE
    _printf_mbtowc                           0x00000000   Number         0  stubs.o ABSOLUTE
    _printf_n                                0x00000000   Number         0  stubs.o ABSOLUTE
    _printf_o                                0x00000000   Number         0  stubs.o ABSOLUTE
    _printf_p                                0x00000000   Number         0  stubs.o ABSOLUTE
    _printf_percent                          0x00000000   Number         0  stubs.o ABSOLUTE
    _printf_pre_padding                      0x00000000   Number         0  stubs.o ABSOLUTE
    _printf_return_value                     0x00000000   Number         0  stubs.o ABSOLUTE
    _printf_s                                0x00000000   Number         0  stubs.o ABSOLUTE
    _printf_sizespec                         0x00000000   Number         0  stubs.o ABSOLUTE
    _printf_str                              0x00000000   Number         0  stubs.o ABSOLUTE
    _printf_truncate_signed                  0x00000000   Number         0  stubs.o ABSOLUTE
    _printf_truncate_unsigned                0x00000000   Number         0  stubs.o ABSOLUTE
    _printf_u                                0x00000000   Number         0  stubs.o ABSOLUTE
    _printf_wc                               0x00000000   Number         0  stubs.o ABSOLUTE
    _printf_wctomb                           0x00000000   Number         0  stubs.o ABSOLUTE
    _printf_widthprec                        0x00000000   Number         0  stubs.o ABSOLUTE
    _printf_x                                0x00000000   Number         0  stubs.o ABSOLUTE
    __cpp_initialize__aeabi_                  - Undefined Weak Reference
    __cxa_finalize                            - Undefined Weak Reference
    __decompress                              - Undefined Weak Reference
    _clock_init                               - Undefined Weak Reference
    _microlib_exit                            - Undefined Weak Reference
    __Vectors_Size                           0x000000ec   Number         0  startup_stm32f10x_md.o ABSOLUTE
    __Vectors                                0x08000000   Data           4  startup_stm32f10x_md.o(RESET)
    __Vectors_End                            0x080000ec   Data           0  startup_stm32f10x_md.o(RESET)
    __main                                   0x080000ed   Thumb Code     0  entry.o(.ARM.Collect$$$$00000000)
    _main_stk                                0x080000ed   Thumb Code     0  entry2.o(.ARM.Collect$$$$00000001)
    _main_scatterload                        0x080000f1   Thumb Code     0  entry5.o(.ARM.Collect$$$$00000004)
    __main_after_scatterload                 0x080000f5   Thumb Code     0  entry5.o(.ARM.Collect$$$$00000004)
    _main_clock                              0x080000f5   Thumb Code     0  entry7b.o(.ARM.Collect$$$$00000008)
    _main_cpp_init                           0x080000f5   Thumb Code     0  entry8b.o(.ARM.Collect$$$$0000000A)
    _main_init                               0x080000f5   Thumb Code     0  entry9a.o(.ARM.Collect$$$$0000000B)
    __rt_final_cpp                           0x080000fd   Thumb Code     0  entry10a.o(.ARM.Collect$$$$0000000D)
    __rt_final_exit                          0x080000fd   Thumb Code     0  entry11a.o(.ARM.Collect$$$$0000000F)
    BSP_init                                 0x08000101   Thumb Code    24  main.o(.text)
    main                                     0x08000119   Thumb Code   204  main.o(.text)
    Hekr_RecvData_Handle                     0x080002dd   Thumb Code    90  hekr_protocol.o(.text)
    Hekr_ValidData_Upload                    0x08000337   Thumb Code    50  hekr_protocol.o(.text)
    Hekr_Module_Control                      0x08000369   Thumb Code    38  hekr_protocol.o(.text)
    LED_init                                 0x0800039d   Thumb Code    40  led.o(.text)
    delay_osschedlock                        0x080003c9   Thumb Code    10  delay.o(.text)
    delay_osschedunlock                      0x080003d3   Thumb Code    10  delay.o(.text)
    delay_ostimedly                          0x080003dd   Thumb Code    16  delay.o(.text)
    SysTick_Handler                          0x080003ed   Thumb Code    24  delay.o(.text)
    delay_init                               0x08000405   Thumb Code    92  delay.o(.text)
    delay_us                                 0x08000461   Thumb Code    86  delay.o(.text)
    delay_ms                                 0x080004b7   Thumb Code    66  delay.o(.text)
    Uart3_init                               0x08000515   Thumb Code   160  uart.o(.text)
    Recv_Protocol                            0x080005b5   Thumb Code   118  uart.o(.text)
    USART3_IRQHandler                        0x0800062b   Thumb Code    26  uart.o(.text)
    UART3_SendChar                           0x08000645   Thumb Code    22  uart.o(.text)
    fputc                                    0x0800065b   Thumb Code    16  uart.o(.text)
    BSP_CPU_ClkFreq                          0x08000689   Thumb Code    16  bsp.o(.text)
    CPU_TS_TmrInit                           0x08000699   Thumb Code    44  bsp.o(.text)
    CPU_TS_TmrRd                             0x080006c5   Thumb Code     6  bsp.o(.text)
    CPU_TS32_to_uSec                         0x080006cb   Thumb Code    54  bsp.o(.text)
    CPU_NameClr                              0x0800070d   Thumb Code    42  cpu_core.o(.text)
    CPU_Init                                 0x0800074d   Thumb Code    12  cpu_core.o(.text)
    CPU_SW_Exception                         0x08000759   Thumb Code     4  cpu_core.o(.text)
    CPU_NameGet                              0x0800075d   Thumb Code    70  cpu_core.o(.text)
    CPU_NameSet                              0x080007a3   Thumb Code    96  cpu_core.o(.text)
    CPU_TS_Get32                             0x08000803   Thumb Code    12  cpu_core.o(.text)
    CPU_TS_Update                            0x0800080f   Thumb Code     2  cpu_core.o(.text)
    CPU_TS_TmrFreqGet                        0x08000811   Thumb Code    30  cpu_core.o(.text)
    CPU_TS_TmrFreqSet                        0x0800082f   Thumb Code     6  cpu_core.o(.text)
    CPU_CntLeadZeros08                       0x08000835   Thumb Code    18  cpu_core.o(.text)
    CPU_CntLeadZeros16                       0x08000847   Thumb Code    18  cpu_core.o(.text)
    CPU_CntLeadZeros32                       0x08000859   Thumb Code    18  cpu_core.o(.text)
    CPU_CntLeadZeros64                       0x0800086b   Thumb Code   188  cpu_core.o(.text)
    CPU_CntTrailZeros08                      0x08000927   Thumb Code    22  cpu_core.o(.text)
    CPU_CntTrailZeros16                      0x0800093d   Thumb Code    22  cpu_core.o(.text)
    CPU_CntTrailZeros32                      0x08000953   Thumb Code    22  cpu_core.o(.text)
    CPU_CntTrailZeros64                      0x08000969   Thumb Code    62  cpu_core.o(.text)
    CPU_IntDis                               0x080009b5   Thumb Code     0  cpu_a.o(.text)
    CPU_IntEn                                0x080009b9   Thumb Code     0  cpu_a.o(.text)
    CPU_SR_Save                              0x080009bd   Thumb Code     0  cpu_a.o(.text)
    CPU_SR_Restore                           0x080009c5   Thumb Code     0  cpu_a.o(.text)
    CPU_WaitForInt                           0x080009cb   Thumb Code     0  cpu_a.o(.text)
    CPU_WaitForExcept                        0x080009cf   Thumb Code     0  cpu_a.o(.text)
    CPU_CntLeadZeros                         0x080009d3   Thumb Code     0  cpu_a.o(.text)
    CPU_CntTrailZeros                        0x080009d9   Thumb Code     0  cpu_a.o(.text)
    CPU_RevBits                              0x080009e3   Thumb Code     0  cpu_a.o(.text)
    ASCII_IsAlpha                            0x080009e9   Thumb Code    48  lib_ascii.o(.text)
    ASCII_IsAlphaNum                         0x08000a19   Thumb Code    76  lib_ascii.o(.text)
    ASCII_IsLower                            0x08000a65   Thumb Code    20  lib_ascii.o(.text)
    ASCII_IsUpper                            0x08000a79   Thumb Code    20  lib_ascii.o(.text)
    ASCII_IsDig                              0x08000a8d   Thumb Code    20  lib_ascii.o(.text)
    ASCII_IsDigOct                           0x08000aa1   Thumb Code    20  lib_ascii.o(.text)
    ASCII_IsDigHex                           0x08000ab5   Thumb Code    36  lib_ascii.o(.text)
    ASCII_IsBlank                            0x08000ad9   Thumb Code    20  lib_ascii.o(.text)
    ASCII_IsSpace                            0x08000aed   Thumb Code    36  lib_ascii.o(.text)
    ASCII_IsPrint                            0x08000b11   Thumb Code    20  lib_ascii.o(.text)
    ASCII_IsGraph                            0x08000b25   Thumb Code    20  lib_ascii.o(.text)
    ASCII_IsPunct                            0x08000b39   Thumb Code   134  lib_ascii.o(.text)
    ASCII_IsCtrl                             0x08000bbf   Thumb Code    26  lib_ascii.o(.text)
    ASCII_ToLower                            0x08000bd9   Thumb Code    32  lib_ascii.o(.text)
    ASCII_ToUpper                            0x08000bf9   Thumb Code    32  lib_ascii.o(.text)
    ASCII_Cmp                                0x08000c19   Thumb Code    38  lib_ascii.o(.text)
    Mem_Init                                 0x08000c41   Thumb Code    54  lib_mem.o(.text)
    Mem_Set                                  0x08000c77   Thumb Code    84  lib_mem.o(.text)
    Mem_Clr                                  0x08000ccb   Thumb Code    18  lib_mem.o(.text)
    Mem_Move                                 0x08000cdd   Thumb Code   186  lib_mem.o(.text)
    Mem_Cmp                                  0x08000d97   Thumb Code   192  lib_mem.o(.text)
    Mem_HeapAlloc                            0x08000ecf   Thumb Code   168  lib_mem.o(.text)
    Mem_SegGetSizeRem                        0x08000f77   Thumb Code   108  lib_mem.o(.text)
    Mem_HeapGetSizeRem                       0x08000fe3   Thumb Code    22  lib_mem.o(.text)
    Mem_PoolClr                              0x08000ff9   Thumb Code    80  lib_mem.o(.text)
    Mem_PoolCreate                           0x08001049   Thumb Code   838  lib_mem.o(.text)
    Mem_PoolBlkGetNbrAvail                   0x0800138f   Thumb Code    52  lib_mem.o(.text)
    Mem_PoolBlkGet                           0x080013c3   Thumb Code   126  lib_mem.o(.text)
    Mem_PoolBlkGetUsedAtIx                   0x08001441   Thumb Code   140  lib_mem.o(.text)
    Mem_PoolBlkFree                          0x080014cd   Thumb Code   152  lib_mem.o(.text)
    Mem_PoolBlkIxGet                         0x08001565   Thumb Code   162  lib_mem.o(.text)
    Str_Len_N                                0x08001609   Thumb Code    28  lib_str.o(.text)
    Str_Len                                  0x08001625   Thumb Code    20  lib_str.o(.text)
    Str_Copy_N                               0x08001639   Thumb Code    70  lib_str.o(.text)
    Str_Copy                                 0x0800167f   Thumb Code    24  lib_str.o(.text)
    Str_Cat_N                                0x08001697   Thumb Code    90  lib_str.o(.text)
    Str_Cat                                  0x080016f1   Thumb Code    24  lib_str.o(.text)
    Str_Cmp_N                                0x08001709   Thumb Code   156  lib_str.o(.text)
    Str_Cmp                                  0x080017a5   Thumb Code    24  lib_str.o(.text)
    Str_CmpIgnoreCase_N                      0x080017bd   Thumb Code   264  lib_str.o(.text)
    Str_CmpIgnoreCase                        0x080018c5   Thumb Code    24  lib_str.o(.text)
    Str_Char_N                               0x080018dd   Thumb Code    74  lib_str.o(.text)
    Str_Char                                 0x08001927   Thumb Code    24  lib_str.o(.text)
    Str_Char_Last_N                          0x0800193f   Thumb Code    76  lib_str.o(.text)
    Str_Char_Last                            0x0800198b   Thumb Code    24  lib_str.o(.text)
    Str_Char_Replace_N                       0x080019a3   Thumb Code    52  lib_str.o(.text)
    Str_Char_Replace                         0x080019d7   Thumb Code    28  lib_str.o(.text)
    Str_Str_N                                0x080019f3   Thumb Code   182  lib_str.o(.text)
    Str_Str                                  0x08001aa9   Thumb Code    24  lib_str.o(.text)
    Str_FmtNbr_Int32U                        0x08001c9d   Thumb Code    46  lib_str.o(.text)
    Str_FmtNbr_Int32S                        0x08001ccb   Thumb Code    62  lib_str.o(.text)
    Str_ParseNbr_Int32U                      0x08001ec7   Thumb Code    30  lib_str.o(.text)
    Str_ParseNbr_Int32S                      0x08001ee5   Thumb Code    74  lib_str.o(.text)
    Mem_Copy                                 0x08001f35   Thumb Code     0  lib_mem_a.o(.text)
    OSCfg_Init                               0x08002155   Thumb Code    86  os_cfg_app.o(.text)
    OS_IdleTask                              0x08002251   Thumb Code    60  os_core.o(.text)
    OS_IdleTaskInit                          0x0800228d   Thumb Code    68  os_core.o(.text)
    OS_RdyListInit                           0x080022d1   Thumb Code    32  os_core.o(.text)
    OSInit                                   0x080022f1   Thumb Code   300  os_core.o(.text)
    OSIntEnter                               0x0800241d   Thumb Code    34  os_core.o(.text)
    OSIntExit                                0x0800243f   Thumb Code   192  os_core.o(.text)
    OSSched                                  0x080024ff   Thumb Code   134  os_core.o(.text)
    OS_SchedLockTimeMeasStart                0x08002585   Thumb Code    20  os_core.o(.text)
    OSSchedLock                              0x08002599   Thumb Code   104  os_core.o(.text)
    OS_SchedLockTimeMeasStop                 0x08002601   Thumb Code    44  os_core.o(.text)
    OSSchedUnlock                            0x0800262d   Thumb Code   290  os_core.o(.text)
    OSSchedRoundRobinCfg                     0x0800274f   Thumb Code    88  os_core.o(.text)
    OS_RdyListMoveHeadToTail                 0x080027a7   Thumb Code    68  os_core.o(.text)
    OSSchedRoundRobinYield                   0x080027eb   Thumb Code   164  os_core.o(.text)
    OSStart                                  0x0800288f   Thumb Code    78  os_core.o(.text)
    OSVersion                                0x080028dd   Thumb Code    12  os_core.o(.text)
    OS_PendDbgNameAdd                        0x080028e9   Thumb Code    66  os_core.o(.text)
    OS_PendListInsertPrio                    0x0800292b   Thumb Code   102  os_core.o(.text)
    OS_PendDataInit                          0x08002991   Thumb Code    38  os_core.o(.text)
    OS_RdyListRemove                         0x080029b7   Thumb Code    86  os_core.o(.text)
    OS_TaskBlock                             0x08002a0d   Thumb Code    56  os_core.o(.text)
    OS_Pend                                  0x08002a45   Thumb Code    98  os_core.o(.text)
    OS_PendListRemove1                       0x08002aa7   Thumb Code   134  os_core.o(.text)
    OS_PendListRemove                        0x08002b2d   Thumb Code    48  os_core.o(.text)
    OS_PendAbort1                            0x08002b5d   Thumb Code    36  os_core.o(.text)
    OS_RdyListInsertHead                     0x08002b81   Thumb Code    58  os_core.o(.text)
    OS_RdyListInsertTail                     0x08002bbb   Thumb Code    56  os_core.o(.text)
    OS_RdyListInsert                         0x08002bf3   Thumb Code    40  os_core.o(.text)
    OS_TaskRdy                               0x08002c1b   Thumb Code    28  os_core.o(.text)
    OS_PendAbort                             0x08002c37   Thumb Code   166  os_core.o(.text)
    OS_PendDbgNameRemove                     0x08002cdd   Thumb Code    34  os_core.o(.text)
    OS_PendListChangePrio                    0x08002cff   Thumb Code    70  os_core.o(.text)
    OS_PendListInit                          0x08002d45   Thumb Code    10  os_core.o(.text)
    OS_PendListInsertHead                    0x08002d4f   Thumb Code    32  os_core.o(.text)
    OS_PendObjDel1                           0x08002d6f   Thumb Code    36  os_core.o(.text)
    OS_PendObjDel                            0x08002d93   Thumb Code   162  os_core.o(.text)
    OS_Post1                                 0x08002e35   Thumb Code    42  os_core.o(.text)
    OS_Post                                  0x08002e5f   Thumb Code   192  os_core.o(.text)
    OS_Sched0                                0x08002f1f   Thumb Code   102  os_core.o(.text)
    OS_SchedRoundRobin                       0x08002f85   Thumb Code   190  os_core.o(.text)
    OS_Dbg_Init                              0x08003055   Thumb Code   146  os_dbg.o(.text)
    OS_FlagDbgListAdd                        0x08003205   Thumb Code    38  os_flag.o(.text)
    OSFlagCreate                             0x0800322b   Thumb Code   172  os_flag.o(.text)
    OS_FlagClr                               0x080032d7   Thumb Code    28  os_flag.o(.text)
    OS_FlagDbgListRemove                     0x080032f3   Thumb Code    44  os_flag.o(.text)
    OSFlagDel                                0x0800331f   Thumb Code   594  os_flag.o(.text)
    OS_FlagBlock                             0x08003571   Thumb Code    58  os_flag.o(.text)
    OSFlagPend                               0x080035ab   Thumb Code  1488  os_flag.o(.text)
    OSFlagPendAbort                          0x08003b7b   Thumb Code   292  os_flag.o(.text)
    OSFlagPendGetFlagsRdy                    0x08003c9f   Thumb Code    68  os_flag.o(.text)
    OS_FlagTaskRdy                           0x08003ce3   Thumb Code    86  os_flag.o(.text)
    OS_FlagPost                              0x08003d39   Thumb Code   570  os_flag.o(.text)
    OSFlagPost                               0x08003f73   Thumb Code   146  os_flag.o(.text)
    OS_FlagInit                              0x08004005   Thumb Code    14  os_flag.o(.text)
    OS_IntQPost                              0x0800402d   Thumb Code   216  os_int.o(.text)
    OS_IntQRePost                            0x08004105   Thumb Code   360  os_int.o(.text)
    OS_IntQTask                              0x0800426d   Thumb Code   162  os_int.o(.text)
    OS_IntQTaskInit                          0x0800430f   Thumb Code   208  os_int.o(.text)
    OS_MemDbgListAdd                         0x08004471   Thumb Code    34  os_mem.o(.text)
    OSMemCreate                              0x08004493   Thumb Code   288  os_mem.o(.text)
    OSMemGet                                 0x080045b3   Thumb Code   100  os_mem.o(.text)
    OSMemPut                                 0x08004617   Thumb Code   112  os_mem.o(.text)
    OS_MemInit                               0x08004687   Thumb Code    14  os_mem.o(.text)
    OS_MsgPoolCreate                         0x080046a9   Thumb Code    54  os_msg.o(.text)
    OS_MsgPoolInit                           0x080046df   Thumb Code    70  os_msg.o(.text)
    OS_MsgQFreeAll                           0x08004725   Thumb Code    62  os_msg.o(.text)
    OS_MsgQInit                              0x08004763   Thumb Code    14  os_msg.o(.text)
    OS_MsgQGet                               0x08004771   Thumb Code    98  os_msg.o(.text)
    OS_MsgQPut                               0x080047d3   Thumb Code   246  os_msg.o(.text)
    OS_MutexDbgListAdd                       0x080048d5   Thumb Code    38  os_mutex.o(.text)
    OSMutexCreate                            0x080048fb   Thumb Code   178  os_mutex.o(.text)
    OS_MutexClr                              0x080049ad   Thumb Code    38  os_mutex.o(.text)
    OS_MutexDbgListRemove                    0x080049d3   Thumb Code    44  os_mutex.o(.text)
    OSMutexDel                               0x080049ff   Thumb Code   842  os_mutex.o(.text)
    OSMutexPend                              0x08004d49   Thumb Code   706  os_mutex.o(.text)
    OSMutexPendAbort                         0x0800500b   Thumb Code   314  os_mutex.o(.text)
    OSMutexPost                              0x08005145   Thumb Code   564  os_mutex.o(.text)
    OS_MutexInit                             0x08005379   Thumb Code    14  os_mutex.o(.text)
    OS_PrioInit                              0x080053a9   Thumb Code    20  os_prio.o(.text)
    OS_PrioGetHighest                        0x080053bd   Thumb Code    36  os_prio.o(.text)
    OS_PrioInsert                            0x080053e1   Thumb Code    32  os_prio.o(.text)
    OS_PrioRemove                            0x08005401   Thumb Code    32  os_prio.o(.text)
    OS_QDbgListAdd                           0x08005425   Thumb Code    38  os_q.o(.text)
    OSQCreate                                0x0800544b   Thumb Code   186  os_q.o(.text)
    OS_QClr                                  0x08005505   Thumb Code    40  os_q.o(.text)
    OS_QDbgListRemove                        0x0800552d   Thumb Code    44  os_q.o(.text)
    OSQDel                                   0x08005559   Thumb Code   362  os_q.o(.text)
    OSQFlush                                 0x080056c3   Thumb Code   210  os_q.o(.text)
    OSQPend                                  0x08005795   Thumb Code   538  os_q.o(.text)
    OSQPendAbort                             0x080059af   Thumb Code   292  os_q.o(.text)
    OS_QPost                                 0x08005ad3   Thumb Code   324  os_q.o(.text)
    OSQPost                                  0x08005c17   Thumb Code   198  os_q.o(.text)
    OS_QInit                                 0x08005cdd   Thumb Code    14  os_q.o(.text)
    OS_SemDbgListAdd                         0x08005cfd   Thumb Code    38  os_sem.o(.text)
    OSSemCreate                              0x08005d23   Thumb Code   172  os_sem.o(.text)
    OS_SemClr                                0x08005dcf   Thumb Code    28  os_sem.o(.text)
    OS_SemDbgListRemove                      0x08005deb   Thumb Code    44  os_sem.o(.text)
    OSSemDel                                 0x08005e17   Thumb Code   362  os_sem.o(.text)
    OSSemPend                                0x08005f81   Thumb Code   504  os_sem.o(.text)
    OSSemPendAbort                           0x08006179   Thumb Code   292  os_sem.o(.text)
    OS_SemPost                               0x0800629d   Thumb Code   350  os_sem.o(.text)
    OSSemPost                                0x080063fb   Thumb Code   144  os_sem.o(.text)
    OSSemSet                                 0x0800648b   Thumb Code   138  os_sem.o(.text)
    OS_SemInit                               0x08006515   Thumb Code    14  os_sem.o(.text)
    OSStatReset                              0x0800652d   Thumb Code   270  os_stat.o(.text)
    OSStatTaskCPUUsageInit                   0x0800663b   Thumb Code   212  os_stat.o(.text)
    OS_StatTask                              0x0800670f   Thumb Code   888  os_stat.o(.text)
    OS_StatTaskInit                          0x08006a87   Thumb Code   138  os_stat.o(.text)
    OSTaskChangePrio                         0x08006b65   Thumb Code   416  os_task.o(.text)
    OS_TaskDbgListAdd                        0x08006d05   Thumb Code    42  os_task.o(.text)
    OS_TaskInitTCB                           0x08006d2f   Thumb Code   186  os_task.o(.text)
    OSTaskCreate                             0x08006de9   Thumb Code   616  os_task.o(.text)
    OS_TaskDbgListRemove                     0x08007051   Thumb Code    64  os_task.o(.text)
    OSTaskDel                                0x08007091   Thumb Code   424  os_task.o(.text)
    OSTaskQFlush                             0x08007239   Thumb Code   214  os_task.o(.text)
    OSTaskQPend                              0x0800730f   Thumb Code   554  os_task.o(.text)
    OSTaskQPendAbort                         0x08007539   Thumb Code   242  os_task.o(.text)
    OS_TaskQPost                             0x0800762b   Thumb Code   526  os_task.o(.text)
    OSTaskQPost                              0x08007839   Thumb Code   114  os_task.o(.text)
    OSTaskRegGet                             0x080078ab   Thumb Code    78  os_task.o(.text)
    OSTaskRegGetID                           0x080078f9   Thumb Code    84  os_task.o(.text)
    OSTaskRegSet                             0x0800794d   Thumb Code    78  os_task.o(.text)
    OS_TaskResume                            0x0800799b   Thumb Code   314  os_task.o(.text)
    OSTaskResume                             0x08007ad5   Thumb Code   112  os_task.o(.text)
    OSTaskSemPend                            0x08007b45   Thumb Code   550  os_task.o(.text)
    OSTaskSemPendAbort                       0x08007d6b   Thumb Code   270  os_task.o(.text)
    OS_TaskSemPost                           0x08007e79   Thumb Code  1224  os_task.o(.text)
    OSTaskSemPost                            0x08008341   Thumb Code    98  os_task.o(.text)
    OSTaskSemSet                             0x080083a3   Thumb Code    80  os_task.o(.text)
    OSTaskStkChk                             0x080083f3   Thumb Code   224  os_task.o(.text)
    OS_TaskSuspend                           0x080084d3   Thumb Code   328  os_task.o(.text)
    OSTaskSuspend                            0x0800861b   Thumb Code    78  os_task.o(.text)
    OSTaskTimeQuantaSet                      0x08008669   Thumb Code    96  os_task.o(.text)
    OS_TaskInit                              0x080086c9   Thumb Code    18  os_task.o(.text)
    OS_TaskReturn                            0x080086db   Thumb Code    20  os_task.o(.text)
    OS_TickListRemove                        0x08008719   Thumb Code    56  os_tick.o(.text)
    OS_TickListUpdate                        0x08008751   Thumb Code   480  os_tick.o(.text)
    OS_TickTask                              0x08008931   Thumb Code    38  os_tick.o(.text)
    OS_TickListInit                          0x08008957   Thumb Code    32  os_tick.o(.text)
    OS_TickTaskInit                          0x08008977   Thumb Code   130  os_tick.o(.text)
    OS_TickListInsert                        0x080089f9   Thumb Code   502  os_tick.o(.text)
    OS_TickListResetPeak                     0x08008bef   Thumb Code    28  os_tick.o(.text)
    OSTimeDly                                0x08008c15   Thumb Code   266  os_time.o(.text)
    OSTimeDlyHMSM                            0x08008d1f   Thumb Code   480  os_time.o(.text)
    OSTimeDlyResume                          0x08008eff   Thumb Code   466  os_time.o(.text)
    OSTimeGet                                0x080090d1   Thumb Code    46  os_time.o(.text)
    OSTimeSet                                0x080090ff   Thumb Code    46  os_time.o(.text)
    OSTimeTick                               0x0800912d   Thumb Code    54  os_time.o(.text)
    OS_TmrDbgListAdd                         0x08009179   Thumb Code    34  os_tmr.o(.text)
    OSTmrCreate                              0x0800919b   Thumb Code   248  os_tmr.o(.text)
    OS_TmrClr                                0x08009293   Thumb Code    36  os_tmr.o(.text)
    OS_TmrUnlink                             0x080092b7   Thumb Code    72  os_tmr.o(.text)
    OS_TmrDbgListRemove                      0x080092ff   Thumb Code    44  os_tmr.o(.text)
    OSTmrDel                                 0x0800932b   Thumb Code   176  os_tmr.o(.text)
    OSTmrRemainGet                           0x080093db   Thumb Code   184  os_tmr.o(.text)
    OS_TmrLink                               0x08009493   Thumb Code   196  os_tmr.o(.text)
    OSTmrStart                               0x08009557   Thumb Code   210  os_tmr.o(.text)
    OSTmrStateGet                            0x08009629   Thumb Code   134  os_tmr.o(.text)
    OSTmrStop                                0x080096af   Thumb Code   232  os_tmr.o(.text)
    OS_TmrTask                               0x08009797   Thumb Code   176  os_tmr.o(.text)
    OS_TmrInit                               0x08009847   Thumb Code   208  os_tmr.o(.text)
    OS_TmrResetPeak                          0x08009917   Thumb Code    28  os_tmr.o(.text)
    OSIdleTaskHook                           0x08009991   Thumb Code    16  os_cpu_c.o(.text)
    OSInitHook                               0x080099a1   Thumb Code    42  os_cpu_c.o(.text)
    OSStatTaskHook                           0x080099cb   Thumb Code    16  os_cpu_c.o(.text)
    OSTaskCreateHook                         0x080099db   Thumb Code    20  os_cpu_c.o(.text)
    OSTaskDelHook                            0x080099ef   Thumb Code    20  os_cpu_c.o(.text)
    OSTaskReturnHook                         0x08009a03   Thumb Code    20  os_cpu_c.o(.text)
    OSTaskStkInit                            0x08009a17   Thumb Code   188  os_cpu_c.o(.text)
    OSTaskSwHook                             0x08009ad3   Thumb Code   120  os_cpu_c.o(.text)
    OSTimeTickHook                           0x08009b4b   Thumb Code    16  os_cpu_c.o(.text)
    OS_CPU_SysTickHandler                    0x08009b5b   Thumb Code    52  os_cpu_c.o(.text)
    OS_CPU_SysTickInit                       0x08009b8f   Thumb Code    44  os_cpu_c.o(.text)
    start_task                               0x08009bfd   Thumb Code   292  start_task.o(.text)
    led0_task                                0x08009d65   Thumb Code    62  led_task.o(.text)
    float_task                               0x08009dad   Thumb Code   276  float_task.o(.text)
    protocol_task                            0x08009f1d   Thumb Code   196  protocol_task.o(.text)
    tmr1_callback                            0x0800a045   Thumb Code   242  tim.o(.text)
    tmr2_callback                            0x0800a137   Thumb Code   198  tim.o(.text)
    NVIC_PriorityGroupConfig                 0x0800a289   Thumb Code    10  misc.o(.text)
    NVIC_Init                                0x0800a293   Thumb Code   100  misc.o(.text)
    NVIC_SetVectorTable                      0x0800a2f7   Thumb Code    14  misc.o(.text)
    NVIC_SystemLPConfig                      0x0800a305   Thumb Code    34  misc.o(.text)
    SysTick_CLKSourceConfig                  0x0800a327   Thumb Code    40  misc.o(.text)
    GPIO_DeInit                              0x0800a365   Thumb Code   172  stm32f10x_gpio.o(.text)
    GPIO_AFIODeInit                          0x0800a411   Thumb Code    20  stm32f10x_gpio.o(.text)
    GPIO_Init                                0x0800a425   Thumb Code   278  stm32f10x_gpio.o(.text)
    GPIO_StructInit                          0x0800a53b   Thumb Code    16  stm32f10x_gpio.o(.text)
    GPIO_ReadInputDataBit                    0x0800a54b   Thumb Code    18  stm32f10x_gpio.o(.text)
    GPIO_ReadInputData                       0x0800a55d   Thumb Code     8  stm32f10x_gpio.o(.text)
    GPIO_ReadOutputDataBit                   0x0800a565   Thumb Code    18  stm32f10x_gpio.o(.text)
    GPIO_ReadOutputData                      0x0800a577   Thumb Code     8  stm32f10x_gpio.o(.text)
    GPIO_SetBits                             0x0800a57f   Thumb Code     4  stm32f10x_gpio.o(.text)
    GPIO_ResetBits                           0x0800a583   Thumb Code     4  stm32f10x_gpio.o(.text)
    GPIO_WriteBit                            0x0800a587   Thumb Code    10  stm32f10x_gpio.o(.text)
    GPIO_Write                               0x0800a591   Thumb Code     4  stm32f10x_gpio.o(.text)
    GPIO_PinLockConfig                       0x0800a595   Thumb Code    18  stm32f10x_gpio.o(.text)
    GPIO_EventOutputConfig                   0x0800a5a7   Thumb Code    26  stm32f10x_gpio.o(.text)
    GPIO_EventOutputCmd                      0x0800a5c1   Thumb Code     6  stm32f10x_gpio.o(.text)
    GPIO_PinRemapConfig                      0x0800a5c7   Thumb Code   138  stm32f10x_gpio.o(.text)
    GPIO_EXTILineConfig                      0x0800a651   Thumb Code    66  stm32f10x_gpio.o(.text)
    GPIO_ETH_MediaInterfaceConfig            0x0800a693   Thumb Code     8  stm32f10x_gpio.o(.text)
    RCC_DeInit                               0x0800a6c1   Thumb Code    64  stm32f10x_rcc.o(.text)
    RCC_HSEConfig                            0x0800a701   Thumb Code    70  stm32f10x_rcc.o(.text)
    RCC_GetFlagStatus                        0x0800a747   Thumb Code    56  stm32f10x_rcc.o(.text)
    RCC_WaitForHSEStartUp                    0x0800a77f   Thumb Code    56  stm32f10x_rcc.o(.text)
    RCC_AdjustHSICalibrationValue            0x0800a7b7   Thumb Code    20  stm32f10x_rcc.o(.text)
    RCC_HSICmd                               0x0800a7cb   Thumb Code     6  stm32f10x_rcc.o(.text)
    RCC_PLLConfig                            0x0800a7d1   Thumb Code    24  stm32f10x_rcc.o(.text)
    RCC_PLLCmd                               0x0800a7e9   Thumb Code     6  stm32f10x_rcc.o(.text)
    RCC_SYSCLKConfig                         0x0800a7ef   Thumb Code    18  stm32f10x_rcc.o(.text)
    RCC_GetSYSCLKSource                      0x0800a801   Thumb Code    10  stm32f10x_rcc.o(.text)
    RCC_HCLKConfig                           0x0800a80b   Thumb Code    18  stm32f10x_rcc.o(.text)
    RCC_PCLK1Config                          0x0800a81d   Thumb Code    18  stm32f10x_rcc.o(.text)
    RCC_PCLK2Config                          0x0800a82f   Thumb Code    20  stm32f10x_rcc.o(.text)
    RCC_ITConfig                             0x0800a843   Thumb Code    26  stm32f10x_rcc.o(.text)
    RCC_USBCLKConfig                         0x0800a85d   Thumb Code     8  stm32f10x_rcc.o(.text)
    RCC_ADCCLKConfig                         0x0800a865   Thumb Code    18  stm32f10x_rcc.o(.text)
    RCC_LSEConfig                            0x0800a877   Thumb Code    50  stm32f10x_rcc.o(.text)
    RCC_LSICmd                               0x0800a8a9   Thumb Code     6  stm32f10x_rcc.o(.text)
    RCC_RTCCLKConfig                         0x0800a8af   Thumb Code    12  stm32f10x_rcc.o(.text)
    RCC_RTCCLKCmd                            0x0800a8bb   Thumb Code     8  stm32f10x_rcc.o(.text)
    RCC_GetClocksFreq                        0x0800a8c3   Thumb Code   192  stm32f10x_rcc.o(.text)
    RCC_AHBPeriphClockCmd                    0x0800a983   Thumb Code    26  stm32f10x_rcc.o(.text)
    RCC_APB2PeriphClockCmd                   0x0800a99d   Thumb Code    26  stm32f10x_rcc.o(.text)
    RCC_APB1PeriphClockCmd                   0x0800a9b7   Thumb Code    26  stm32f10x_rcc.o(.text)
    RCC_APB2PeriphResetCmd                   0x0800a9d1   Thumb Code    26  stm32f10x_rcc.o(.text)
    RCC_APB1PeriphResetCmd                   0x0800a9eb   Thumb Code    26  stm32f10x_rcc.o(.text)
    RCC_BackupResetCmd                       0x0800aa05   Thumb Code     8  stm32f10x_rcc.o(.text)
    RCC_ClockSecuritySystemCmd               0x0800aa0d   Thumb Code     6  stm32f10x_rcc.o(.text)
    RCC_MCOConfig                            0x0800aa13   Thumb Code     6  stm32f10x_rcc.o(.text)
    RCC_ClearFlag                            0x0800aa19   Thumb Code    14  stm32f10x_rcc.o(.text)
    RCC_GetITStatus                          0x0800aa27   Thumb Code    20  stm32f10x_rcc.o(.text)
    RCC_ClearITPendingBit                    0x0800aa3b   Thumb Code     6  stm32f10x_rcc.o(.text)
    USART_DeInit                             0x0800aa65   Thumb Code   134  stm32f10x_usart.o(.text)
    USART_Init                               0x0800aaeb   Thumb Code   210  stm32f10x_usart.o(.text)
    USART_StructInit                         0x0800abbd   Thumb Code    24  stm32f10x_usart.o(.text)
    USART_ClockInit                          0x0800abd5   Thumb Code    34  stm32f10x_usart.o(.text)
    USART_ClockStructInit                    0x0800abf7   Thumb Code    12  stm32f10x_usart.o(.text)
    USART_Cmd                                0x0800ac03   Thumb Code    24  stm32f10x_usart.o(.text)
    USART_ITConfig                           0x0800ac1b   Thumb Code    74  stm32f10x_usart.o(.text)
    USART_DMACmd                             0x0800ac65   Thumb Code    18  stm32f10x_usart.o(.text)
    USART_SetAddress                         0x0800ac77   Thumb Code    18  stm32f10x_usart.o(.text)
    USART_WakeUpConfig                       0x0800ac89   Thumb Code    18  stm32f10x_usart.o(.text)
    USART_ReceiverWakeUpCmd                  0x0800ac9b   Thumb Code    24  stm32f10x_usart.o(.text)
    USART_LINBreakDetectLengthConfig         0x0800acb3   Thumb Code    18  stm32f10x_usart.o(.text)
    USART_LINCmd                             0x0800acc5   Thumb Code    24  stm32f10x_usart.o(.text)
    USART_SendData                           0x0800acdd   Thumb Code     8  stm32f10x_usart.o(.text)
    USART_ReceiveData                        0x0800ace5   Thumb Code    10  stm32f10x_usart.o(.text)
    USART_SendBreak                          0x0800acef   Thumb Code    10  stm32f10x_usart.o(.text)
    USART_SetGuardTime                       0x0800acf9   Thumb Code    16  stm32f10x_usart.o(.text)
    USART_SetPrescaler                       0x0800ad09   Thumb Code    16  stm32f10x_usart.o(.text)
    USART_SmartCardCmd                       0x0800ad19   Thumb Code    24  stm32f10x_usart.o(.text)
    USART_SmartCardNACKCmd                   0x0800ad31   Thumb Code    24  stm32f10x_usart.o(.text)
    USART_HalfDuplexCmd                      0x0800ad49   Thumb Code    24  stm32f10x_usart.o(.text)
    USART_OverSampling8Cmd                   0x0800ad61   Thumb Code    22  stm32f10x_usart.o(.text)
    USART_OneBitMethodCmd                    0x0800ad77   Thumb Code    24  stm32f10x_usart.o(.text)
    USART_IrDAConfig                         0x0800ad8f   Thumb Code    18  stm32f10x_usart.o(.text)
    USART_IrDACmd                            0x0800ada1   Thumb Code    24  stm32f10x_usart.o(.text)
    USART_GetFlagStatus                      0x0800adb9   Thumb Code    26  stm32f10x_usart.o(.text)
    USART_ClearFlag                          0x0800add3   Thumb Code    18  stm32f10x_usart.o(.text)
    USART_GetITStatus                        0x0800ade5   Thumb Code    84  stm32f10x_usart.o(.text)
    USART_ClearITPendingBit                  0x0800ae39   Thumb Code    52  stm32f10x_usart.o(.text)
    Reset_Handler                            0x0800ae6d   Thumb Code     8  startup_stm32f10x_md.o(.text)
    NMI_Handler                              0x0800ae75   Thumb Code     2  startup_stm32f10x_md.o(.text)
    HardFault_Handler                        0x0800ae77   Thumb Code     2  startup_stm32f10x_md.o(.text)
    MemManage_Handler                        0x0800ae79   Thumb Code     2  startup_stm32f10x_md.o(.text)
    BusFault_Handler                         0x0800ae7b   Thumb Code     2  startup_stm32f10x_md.o(.text)
    UsageFault_Handler                       0x0800ae7d   Thumb Code     2  startup_stm32f10x_md.o(.text)
    SVC_Handler                              0x0800ae7f   Thumb Code     2  startup_stm32f10x_md.o(.text)
    DebugMon_Handler                         0x0800ae81   Thumb Code     2  startup_stm32f10x_md.o(.text)
    ADC1_2_IRQHandler                        0x0800ae87   Thumb Code     0  startup_stm32f10x_md.o(.text)
    CAN1_RX1_IRQHandler                      0x0800ae87   Thumb Code     0  startup_stm32f10x_md.o(.text)
    CAN1_SCE_IRQHandler                      0x0800ae87   Thumb Code     0  startup_stm32f10x_md.o(.text)
    DMA1_Channel1_IRQHandler                 0x0800ae87   Thumb Code     0  startup_stm32f10x_md.o(.text)
    DMA1_Channel2_IRQHandler                 0x0800ae87   Thumb Code     0  startup_stm32f10x_md.o(.text)
    DMA1_Channel3_IRQHandler                 0x0800ae87   Thumb Code     0  startup_stm32f10x_md.o(.text)
    DMA1_Channel4_IRQHandler                 0x0800ae87   Thumb Code     0  startup_stm32f10x_md.o(.text)
    DMA1_Channel5_IRQHandler                 0x0800ae87   Thumb Code     0  startup_stm32f10x_md.o(.text)
    DMA1_Channel6_IRQHandler                 0x0800ae87   Thumb Code     0  startup_stm32f10x_md.o(.text)
    DMA1_Channel7_IRQHandler                 0x0800ae87   Thumb Code     0  startup_stm32f10x_md.o(.text)
    EXTI0_IRQHandler                         0x0800ae87   Thumb Code     0  startup_stm32f10x_md.o(.text)
    EXTI15_10_IRQHandler                     0x0800ae87   Thumb Code     0  startup_stm32f10x_md.o(.text)
    EXTI1_IRQHandler                         0x0800ae87   Thumb Code     0  startup_stm32f10x_md.o(.text)
    EXTI2_IRQHandler                         0x0800ae87   Thumb Code     0  startup_stm32f10x_md.o(.text)
    EXTI3_IRQHandler                         0x0800ae87   Thumb Code     0  startup_stm32f10x_md.o(.text)
    EXTI4_IRQHandler                         0x0800ae87   Thumb Code     0  startup_stm32f10x_md.o(.text)
    EXTI9_5_IRQHandler                       0x0800ae87   Thumb Code     0  startup_stm32f10x_md.o(.text)
    FLASH_IRQHandler                         0x0800ae87   Thumb Code     0  startup_stm32f10x_md.o(.text)
    I2C1_ER_IRQHandler                       0x0800ae87   Thumb Code     0  startup_stm32f10x_md.o(.text)
    I2C1_EV_IRQHandler                       0x0800ae87   Thumb Code     0  startup_stm32f10x_md.o(.text)
    I2C2_ER_IRQHandler                       0x0800ae87   Thumb Code     0  startup_stm32f10x_md.o(.text)
    I2C2_EV_IRQHandler                       0x0800ae87   Thumb Code     0  startup_stm32f10x_md.o(.text)
    PVD_IRQHandler                           0x0800ae87   Thumb Code     0  startup_stm32f10x_md.o(.text)
    RCC_IRQHandler                           0x0800ae87   Thumb Code     0  startup_stm32f10x_md.o(.text)
    RTCAlarm_IRQHandler                      0x0800ae87   Thumb Code     0  startup_stm32f10x_md.o(.text)
    RTC_IRQHandler                           0x0800ae87   Thumb Code     0  startup_stm32f10x_md.o(.text)
    SPI1_IRQHandler                          0x0800ae87   Thumb Code     0  startup_stm32f10x_md.o(.text)
    SPI2_IRQHandler                          0x0800ae87   Thumb Code     0  startup_stm32f10x_md.o(.text)
    TAMPER_IRQHandler                        0x0800ae87   Thumb Code     0  startup_stm32f10x_md.o(.text)
    TIM1_BRK_IRQHandler                      0x0800ae87   Thumb Code     0  startup_stm32f10x_md.o(.text)
    TIM1_CC_IRQHandler                       0x0800ae87   Thumb Code     0  startup_stm32f10x_md.o(.text)
    TIM1_TRG_COM_IRQHandler                  0x0800ae87   Thumb Code     0  startup_stm32f10x_md.o(.text)
    TIM1_UP_IRQHandler                       0x0800ae87   Thumb Code     0  startup_stm32f10x_md.o(.text)
    TIM2_IRQHandler                          0x0800ae87   Thumb Code     0  startup_stm32f10x_md.o(.text)
    TIM3_IRQHandler                          0x0800ae87   Thumb Code     0  startup_stm32f10x_md.o(.text)
    TIM4_IRQHandler                          0x0800ae87   Thumb Code     0  startup_stm32f10x_md.o(.text)
    USART1_IRQHandler                        0x0800ae87   Thumb Code     0  startup_stm32f10x_md.o(.text)
    USART2_IRQHandler                        0x0800ae87   Thumb Code     0  startup_stm32f10x_md.o(.text)
    USBWakeUp_IRQHandler                     0x0800ae87   Thumb Code     0  startup_stm32f10x_md.o(.text)
    USB_HP_CAN1_TX_IRQHandler                0x0800ae87   Thumb Code     0  startup_stm32f10x_md.o(.text)
    USB_LP_CAN1_RX0_IRQHandler               0x0800ae87   Thumb Code     0  startup_stm32f10x_md.o(.text)
    WWDG_IRQHandler                          0x0800ae87   Thumb Code     0  startup_stm32f10x_md.o(.text)
    SystemInit                               0x0800af6f   Thumb Code    78  system_stm32f10x.o(.text)
    SystemCoreClockUpdate                    0x0800afbd   Thumb Code   142  system_stm32f10x.o(.text)
    __aeabi_uldivmod                         0x0800b071   Thumb Code    98  uldiv.o(.text)
    __aeabi_fadd                             0x0800b0d3   Thumb Code   164  fadd.o(.text)
    __aeabi_fsub                             0x0800b177   Thumb Code     6  fadd.o(.text)
    __aeabi_frsub                            0x0800b17d   Thumb Code     6  fadd.o(.text)
    __aeabi_f2d                              0x0800b183   Thumb Code    38  f2d.o(.text)
    __aeabi_cfcmpeq                          0x0800b1a9   Thumb Code     0  cfcmple.o(.text)
    __aeabi_cfcmple                          0x0800b1a9   Thumb Code    20  cfcmple.o(.text)
    __aeabi_cfrcmple                         0x0800b1bd   Thumb Code    20  cfrcmple.o(.text)
    __aeabi_uidiv                            0x0800b1d1   Thumb Code     0  uidiv.o(.text)
    __aeabi_uidivmod                         0x0800b1d1   Thumb Code    44  uidiv.o(.text)
    __aeabi_llsl                             0x0800b1fd   Thumb Code    30  llshl.o(.text)
    _ll_shift_l                              0x0800b1fd   Thumb Code     0  llshl.o(.text)
    __aeabi_llsr                             0x0800b21b   Thumb Code    32  llushr.o(.text)
    _ll_ushift_r                             0x0800b21b   Thumb Code     0  llushr.o(.text)
    __I$use$fp                               0x0800b23b   Thumb Code     0  iusefp.o(.text)
    _float_round                             0x0800b23b   Thumb Code    18  fepilogue.o(.text)
    _float_epilogue                          0x0800b24d   Thumb Code    92  fepilogue.o(.text)
    __aeabi_dadd                             0x0800b2a9   Thumb Code   322  dadd.o(.text)
    __aeabi_dsub                             0x0800b3eb   Thumb Code     6  dadd.o(.text)
    __aeabi_drsub                            0x0800b3f1   Thumb Code     6  dadd.o(.text)
    __aeabi_dmul                             0x0800b3f7   Thumb Code   228  dmul.o(.text)
    __aeabi_ddiv                             0x0800b4db   Thumb Code   222  ddiv.o(.text)
    __aeabi_d2ulz                            0x0800b5b9   Thumb Code    48  dfixul.o(.text)
    __aeabi_cdrcmple                         0x0800b5e9   Thumb Code    48  cdrcmple.o(.text)
    __scatterload                            0x0800b619   Thumb Code    28  init.o(.text)
    __scatterload_rt2                        0x0800b619   Thumb Code     0  init.o(.text)
    __aeabi_lasr                             0x0800b63d   Thumb Code    36  llsshr.o(.text)
    _ll_sshift_r                             0x0800b63d   Thumb Code     0  llsshr.o(.text)
    _double_round                            0x0800b661   Thumb Code    30  depilogue.o(.text)
    _double_epilogue                         0x0800b67f   Thumb Code   156  depilogue.o(.text)
    OSStartHighRdy                           0x0800b71d   Thumb Code     0  os_cpu_a.o(CODE)
    PendSV_Handler                           0x0800b753   Thumb Code     0  os_cpu_a.o(CODE)
    __0printf                                0x0800b7b5   Thumb Code    22  printfa.o(i.__0printf)
    __1printf                                0x0800b7b5   Thumb Code     0  printfa.o(i.__0printf)
    __2printf                                0x0800b7b5   Thumb Code     0  printfa.o(i.__0printf)
    __c89printf                              0x0800b7b5   Thumb Code     0  printfa.o(i.__0printf)
    printf                                   0x0800b7b5   Thumb Code     0  printfa.o(i.__0printf)
    __scatterload_copy                       0x0800b7d5   Thumb Code    14  handlers.o(i.__scatterload_copy)
    __scatterload_null                       0x0800b7e3   Thumb Code     2  handlers.o(i.__scatterload_null)
    __scatterload_zeroinit                   0x0800b7e5   Thumb Code    14  handlers.o(i.__scatterload_zeroinit)
    CPU_EndiannessTest                       0x0800c188   Data           4  cpu_core.o(.constdata)
    OSCfg_IdleTaskStkBasePtr                 0x0800c220   Data           4  os_cfg_app.o(.constdata)
    OSCfg_IdleTaskStkLimit                   0x0800c224   Data           4  os_cfg_app.o(.constdata)
    OSCfg_IdleTaskStkSize                    0x0800c228   Data           4  os_cfg_app.o(.constdata)
    OSCfg_IdleTaskStkSizeRAM                 0x0800c22c   Data           4  os_cfg_app.o(.constdata)
    OSCfg_IntQBasePtr                        0x0800c230   Data           4  os_cfg_app.o(.constdata)
    OSCfg_IntQSize                           0x0800c234   Data           2  os_cfg_app.o(.constdata)
    OSCfg_IntQSizeRAM                        0x0800c238   Data           4  os_cfg_app.o(.constdata)
    OSCfg_IntQTaskStkBasePtr                 0x0800c23c   Data           4  os_cfg_app.o(.constdata)
    OSCfg_IntQTaskStkLimit                   0x0800c240   Data           4  os_cfg_app.o(.constdata)
    OSCfg_IntQTaskStkSize                    0x0800c244   Data           4  os_cfg_app.o(.constdata)
    OSCfg_IntQTaskStkSizeRAM                 0x0800c248   Data           4  os_cfg_app.o(.constdata)
    OSCfg_ISRStkBasePtr                      0x0800c24c   Data           4  os_cfg_app.o(.constdata)
    OSCfg_ISRStkSize                         0x0800c250   Data           4  os_cfg_app.o(.constdata)
    OSCfg_ISRStkSizeRAM                      0x0800c254   Data           4  os_cfg_app.o(.constdata)
    OSCfg_MsgPoolSize                        0x0800c258   Data           2  os_cfg_app.o(.constdata)
    OSCfg_MsgPoolSizeRAM                     0x0800c25c   Data           4  os_cfg_app.o(.constdata)
    OSCfg_MsgPoolBasePtr                     0x0800c260   Data           4  os_cfg_app.o(.constdata)
    OSCfg_StatTaskPrio                       0x0800c264   Data           1  os_cfg_app.o(.constdata)
    OSCfg_StatTaskRate_Hz                    0x0800c268   Data           4  os_cfg_app.o(.constdata)
    OSCfg_StatTaskStkBasePtr                 0x0800c26c   Data           4  os_cfg_app.o(.constdata)
    OSCfg_StatTaskStkLimit                   0x0800c270   Data           4  os_cfg_app.o(.constdata)
    OSCfg_StatTaskStkSize                    0x0800c274   Data           4  os_cfg_app.o(.constdata)
    OSCfg_StatTaskStkSizeRAM                 0x0800c278   Data           4  os_cfg_app.o(.constdata)
    OSCfg_StkSizeMin                         0x0800c27c   Data           4  os_cfg_app.o(.constdata)
    OSCfg_TickRate_Hz                        0x0800c280   Data           4  os_cfg_app.o(.constdata)
    OSCfg_TickTaskPrio                       0x0800c284   Data           1  os_cfg_app.o(.constdata)
    OSCfg_TickTaskStkBasePtr                 0x0800c288   Data           4  os_cfg_app.o(.constdata)
    OSCfg_TickTaskStkLimit                   0x0800c28c   Data           4  os_cfg_app.o(.constdata)
    OSCfg_TickTaskStkSize                    0x0800c290   Data           4  os_cfg_app.o(.constdata)
    OSCfg_TickTaskStkSizeRAM                 0x0800c294   Data           4  os_cfg_app.o(.constdata)
    OSCfg_TickWheelSize                      0x0800c298   Data           2  os_cfg_app.o(.constdata)
    OSCfg_TickWheelSizeRAM                   0x0800c29c   Data           4  os_cfg_app.o(.constdata)
    OSCfg_TmrTaskPrio                        0x0800c2a0   Data           1  os_cfg_app.o(.constdata)
    OSCfg_TmrTaskRate_Hz                     0x0800c2a4   Data           4  os_cfg_app.o(.constdata)
    OSCfg_TmrTaskStkBasePtr                  0x0800c2a8   Data           4  os_cfg_app.o(.constdata)
    OSCfg_TmrTaskStkLimit                    0x0800c2ac   Data           4  os_cfg_app.o(.constdata)
    OSCfg_TmrTaskStkSize                     0x0800c2b0   Data           4  os_cfg_app.o(.constdata)
    OSCfg_TmrTaskStkSizeRAM                  0x0800c2b4   Data           4  os_cfg_app.o(.constdata)
    OSCfg_TmrWheelSize                       0x0800c2b8   Data           2  os_cfg_app.o(.constdata)
    OSCfg_TmrWheelSizeRAM                    0x0800c2bc   Data           4  os_cfg_app.o(.constdata)
    OSCfg_DataSizeRAM                        0x0800c2c0   Data           4  os_cfg_app.o(.constdata)
    OSDbg_DbgEn                              0x0800c2c4   Data           2  os_dbg.o(.constdata)
    OSDbg_ArgChkEn                           0x0800c2c6   Data           1  os_dbg.o(.constdata)
    OSDbg_AppHooksEn                         0x0800c2c7   Data           1  os_dbg.o(.constdata)
    OSDbg_EndiannessTest                     0x0800c2c8   Data           4  os_dbg.o(.constdata)
    OSDbg_CalledFromISRChkEn                 0x0800c2cc   Data           1  os_dbg.o(.constdata)
    OSDbg_FlagEn                             0x0800c2cd   Data           1  os_dbg.o(.constdata)
    OSDbg_FlagGrp                            0x0800c2d0   Data          40  os_dbg.o(.constdata)
    OSDbg_FlagDelEn                          0x0800c2f8   Data           1  os_dbg.o(.constdata)
    OSDbg_FlagModeClrEn                      0x0800c2f9   Data           1  os_dbg.o(.constdata)
    OSDbg_FlagPendAbortEn                    0x0800c2fa   Data           1  os_dbg.o(.constdata)
    OSDbg_FlagGrpSize                        0x0800c2fc   Data           2  os_dbg.o(.constdata)
    OSDbg_FlagWidth                          0x0800c2fe   Data           2  os_dbg.o(.constdata)
    OSDbg_IntQ                               0x0800c300   Data           2  os_dbg.o(.constdata)
    OSDbg_ISRPostDeferredEn                  0x0800c302   Data           1  os_dbg.o(.constdata)
    OSDbg_Mem                                0x0800c304   Data          32  os_dbg.o(.constdata)
    OSDbg_MemEn                              0x0800c324   Data           1  os_dbg.o(.constdata)
    OSDbg_MemSize                            0x0800c326   Data           2  os_dbg.o(.constdata)
    OSDbg_MsgEn                              0x0800c328   Data           1  os_dbg.o(.constdata)
    OSDbg_MsgSize                            0x0800c32a   Data           2  os_dbg.o(.constdata)
    OSDbg_MsgPoolSize                        0x0800c32c   Data           2  os_dbg.o(.constdata)
    OSDbg_MsgQSize                           0x0800c32e   Data           2  os_dbg.o(.constdata)
    OSDbg_Mutex                              0x0800c330   Data          44  os_dbg.o(.constdata)
    OSDbg_MutexEn                            0x0800c35c   Data           1  os_dbg.o(.constdata)
    OSDbg_MutexDelEn                         0x0800c35d   Data           1  os_dbg.o(.constdata)
    OSDbg_MutexPendAbortEn                   0x0800c35e   Data           1  os_dbg.o(.constdata)
    OSDbg_MutexSize                          0x0800c360   Data           2  os_dbg.o(.constdata)
    OSDbg_ObjTypeChkEn                       0x0800c362   Data           1  os_dbg.o(.constdata)
    OSDbg_PendMultiEn                        0x0800c363   Data           1  os_dbg.o(.constdata)
    OSDbg_PendDataSize                       0x0800c364   Data           2  os_dbg.o(.constdata)
    OSDbg_PendListSize                       0x0800c366   Data           2  os_dbg.o(.constdata)
    OSDbg_PendObjSize                        0x0800c368   Data           2  os_dbg.o(.constdata)
    OSDbg_PrioMax                            0x0800c36a   Data           2  os_dbg.o(.constdata)
    OSDbg_PrioTblSize                        0x0800c36c   Data           2  os_dbg.o(.constdata)
    OSDbg_PtrSize                            0x0800c36e   Data           2  os_dbg.o(.constdata)
    OSDbg_Q                                  0x0800c370   Data          48  os_dbg.o(.constdata)
    OSDbg_QEn                                0x0800c3a0   Data           1  os_dbg.o(.constdata)
    OSDbg_QDelEn                             0x0800c3a1   Data           1  os_dbg.o(.constdata)
    OSDbg_QFlushEn                           0x0800c3a2   Data           1  os_dbg.o(.constdata)
    OSDbg_QPendAbortEn                       0x0800c3a3   Data           1  os_dbg.o(.constdata)
    OSDbg_QSize                              0x0800c3a4   Data           2  os_dbg.o(.constdata)
    OSDbg_SchedRoundRobinEn                  0x0800c3a6   Data           1  os_dbg.o(.constdata)
    OSDbg_Sem                                0x0800c3a8   Data          40  os_dbg.o(.constdata)
    OSDbg_SemEn                              0x0800c3d0   Data           1  os_dbg.o(.constdata)
    OSDbg_SemDelEn                           0x0800c3d1   Data           1  os_dbg.o(.constdata)
    OSDbg_SemPendAbortEn                     0x0800c3d2   Data           1  os_dbg.o(.constdata)
    OSDbg_SemSetEn                           0x0800c3d3   Data           1  os_dbg.o(.constdata)
    OSDbg_SemSize                            0x0800c3d4   Data           2  os_dbg.o(.constdata)
    OSDbg_RdyList                            0x0800c3d6   Data           2  os_dbg.o(.constdata)
    OSDbg_RdyListSize                        0x0800c3d8   Data           4  os_dbg.o(.constdata)
    OSDbg_StkWidth                           0x0800c3dc   Data           1  os_dbg.o(.constdata)
    OSDbg_StatTaskEn                         0x0800c3dd   Data           1  os_dbg.o(.constdata)
    OSDbg_StatTaskStkChkEn                   0x0800c3de   Data           1  os_dbg.o(.constdata)
    OSDbg_TaskChangePrioEn                   0x0800c3df   Data           1  os_dbg.o(.constdata)
    OSDbg_TaskDelEn                          0x0800c3e0   Data           1  os_dbg.o(.constdata)
    OSDbg_TaskQEn                            0x0800c3e1   Data           1  os_dbg.o(.constdata)
    OSDbg_TaskQPendAbortEn                   0x0800c3e2   Data           1  os_dbg.o(.constdata)
    OSDbg_TaskProfileEn                      0x0800c3e3   Data           1  os_dbg.o(.constdata)
    OSDbg_TaskRegTblSize                     0x0800c3e4   Data           2  os_dbg.o(.constdata)
    OSDbg_TaskSemPendAbortEn                 0x0800c3e6   Data           1  os_dbg.o(.constdata)
    OSDbg_TaskSuspendEn                      0x0800c3e7   Data           1  os_dbg.o(.constdata)
    OSDbg_TCBSize                            0x0800c3e8   Data           2  os_dbg.o(.constdata)
    OSDbg_TickSpokeSize                      0x0800c3ea   Data           2  os_dbg.o(.constdata)
    OSDbg_TimeDlyHMSMEn                      0x0800c3ec   Data           1  os_dbg.o(.constdata)
    OSDbg_TimeDlyResumeEn                    0x0800c3ed   Data           1  os_dbg.o(.constdata)
    OSDbg_TLS_TblSize                        0x0800c3ee   Data           2  os_dbg.o(.constdata)
    OSDbg_Tmr                                0x0800c3f0   Data          52  os_dbg.o(.constdata)
    OSDbg_TmrEn                              0x0800c424   Data           1  os_dbg.o(.constdata)
    OSDbg_TmrDelEn                           0x0800c425   Data           1  os_dbg.o(.constdata)
    OSDbg_TmrSize                            0x0800c426   Data           2  os_dbg.o(.constdata)
    OSDbg_TmrSpokeSize                       0x0800c428   Data           2  os_dbg.o(.constdata)
    OSDbg_VersionNbr                         0x0800c42a   Data           2  os_dbg.o(.constdata)
    OSDbg_DataSize                           0x0800c42c   Data           4  os_dbg.o(.constdata)
    Region$$Table$$Base                      0x0800c430   Number         0  anon$$obj.o(Region$$Table)
    Region$$Table$$Limit                     0x0800c450   Number         0  anon$$obj.o(Region$$Table)
    Uart3_Recv_Count                         0x20000004   Data           1  uart.o(.data)
    Uart3_Recv_STA                           0x20000005   Data           1  uart.o(.data)
    CPU_TS_TmrFreq_Hz                        0x20000008   Data           4  cpu_core.o(.data)
    Mem_PoolTbl                              0x2000000c   Data           4  lib_mem.o(.data)
    OSPrioTbl                                0x20000010   Data           8  os_prio.o(.data)
    OS_AppTaskCreateHookPtr                  0x20000018   Data           4  os_var.o(.data)
    OS_AppTaskDelHookPtr                     0x2000001c   Data           4  os_var.o(.data)
    OS_AppTaskReturnHookPtr                  0x20000020   Data           4  os_var.o(.data)
    OS_AppIdleTaskHookPtr                    0x20000024   Data           4  os_var.o(.data)
    OS_AppStatTaskHookPtr                    0x20000028   Data           4  os_var.o(.data)
    OS_AppTaskSwHookPtr                      0x2000002c   Data           4  os_var.o(.data)
    OS_AppTimeTickHookPtr                    0x20000030   Data           4  os_var.o(.data)
    OSIdleTaskCtr                            0x20000034   Data           4  os_var.o(.data)
    OSIntNestingCtr                          0x20000038   Data           1  os_var.o(.data)
    OSRunning                                0x20000039   Data           1  os_var.o(.data)
    OSIntQInPtr                              0x2000003c   Data           4  os_var.o(.data)
    OSIntQOutPtr                             0x20000040   Data           4  os_var.o(.data)
    OSIntQNbrEntries                         0x20000044   Data           2  os_var.o(.data)
    OSIntQNbrEntriesMax                      0x20000046   Data           2  os_var.o(.data)
    OSIntQOvfCtr                             0x20000048   Data           2  os_var.o(.data)
    OSIntQTaskTimeMax                        0x2000004c   Data           4  os_var.o(.data)
    OSFlagDbgListPtr                         0x20000050   Data           4  os_var.o(.data)
    OSFlagQty                                0x20000054   Data           2  os_var.o(.data)
    OSMemDbgListPtr                          0x20000058   Data           4  os_var.o(.data)
    OSMemQty                                 0x2000005c   Data           2  os_var.o(.data)
    OSMutexDbgListPtr                        0x20000060   Data           4  os_var.o(.data)
    OSMutexQty                               0x20000064   Data           2  os_var.o(.data)
    OSPrioCur                                0x20000066   Data           1  os_var.o(.data)
    OSPrioHighRdy                            0x20000067   Data           1  os_var.o(.data)
    OSPrioSaved                              0x20000068   Data           1  os_var.o(.data)
    OSQDbgListPtr                            0x2000006c   Data           4  os_var.o(.data)
    OSQQty                                   0x20000070   Data           2  os_var.o(.data)
    OSSchedLockTimeBegin                     0x20000074   Data           4  os_var.o(.data)
    OSSchedLockTimeMax                       0x20000078   Data           4  os_var.o(.data)
    OSSchedLockTimeMaxCur                    0x2000007c   Data           4  os_var.o(.data)
    OSSchedLockNestingCtr                    0x20000080   Data           1  os_var.o(.data)
    OSSchedRoundRobinDfltTimeQuanta          0x20000084   Data           4  os_var.o(.data)
    OSSchedRoundRobinEn                      0x20000088   Data           1  os_var.o(.data)
    OSSemDbgListPtr                          0x2000008c   Data           4  os_var.o(.data)
    OSSemQty                                 0x20000090   Data           2  os_var.o(.data)
    OSStatResetFlag                          0x20000092   Data           1  os_var.o(.data)
    OSStatTaskCPUUsage                       0x20000094   Data           2  os_var.o(.data)
    OSStatTaskCPUUsageMax                    0x20000096   Data           2  os_var.o(.data)
    OSStatTaskCtr                            0x20000098   Data           4  os_var.o(.data)
    OSStatTaskCtrMax                         0x2000009c   Data           4  os_var.o(.data)
    OSStatTaskCtrRun                         0x200000a0   Data           4  os_var.o(.data)
    OSStatTaskRdy                            0x200000a4   Data           1  os_var.o(.data)
    OSStatTaskTimeMax                        0x200000a8   Data           4  os_var.o(.data)
    OSTaskCtxSwCtr                           0x200000ac   Data           4  os_var.o(.data)
    OSTaskDbgListPtr                         0x200000b0   Data           4  os_var.o(.data)
    OSTaskQty                                0x200000b4   Data           2  os_var.o(.data)
    OSTaskRegNextAvailID                     0x200000b6   Data           1  os_var.o(.data)
    OSTickCtr                                0x200000b8   Data           4  os_var.o(.data)
    OSTickTaskTimeMax                        0x200000bc   Data           4  os_var.o(.data)
    OSTmrDbgListPtr                          0x200000c0   Data           4  os_var.o(.data)
    OSTmrQty                                 0x200000c4   Data           2  os_var.o(.data)
    OSTmrTaskTimeMax                         0x200000c8   Data           4  os_var.o(.data)
    OSTmrTickCtr                             0x200000cc   Data           4  os_var.o(.data)
    OSTmrUpdateCnt                           0x200000d0   Data           4  os_var.o(.data)
    OSTmrUpdateCtr                           0x200000d4   Data           4  os_var.o(.data)
    OSTCBCurPtr                              0x200000d8   Data           4  os_var.o(.data)
    OSTCBHighRdyPtr                          0x200000dc   Data           4  os_var.o(.data)
    OS_CPU_ExceptStkBase                     0x200000e0   Data           4  os_cpu_c.o(.data)
    SystemCoreClock                          0x20000100   Data           4  system_stm32f10x.o(.data)
    AHBPrescTable                            0x20000104   Data          16  system_stm32f10x.o(.data)
    __stdout                                 0x20000114   Data           4  stdout.o(.data)
    Hekr_Send_Buffer                         0x20000118   Data          20  hekr_protocol.o(.bss)
    Valid_Data                               0x2000012c   Data          15  hekr_protocol.o(.bss)
    Module_Status                            0x2000013b   Data          20  hekr_protocol.o(.bss)
    Uart3_Recv_Buffer                        0x2000014f   Data          20  uart.o(.bss)
    CPU_Name                                 0x20000163   Data          16  cpu_core.o(.bss)
    Mem_PoolHeap                             0x20000174   Data          72  lib_mem.o(.bss)
    Mem_Heap                                 0x200001bc   Data        1024  lib_mem.o(.bss)
    OSCfg_IdleTaskStk                        0x200005bc   Data         512  os_cfg_app.o(.bss)
    OSCfg_IntQ                               0x200007bc   Data         320  os_cfg_app.o(.bss)
    OSCfg_IntQTaskStk                        0x200008fc   Data         512  os_cfg_app.o(.bss)
    OSCfg_ISRStk                             0x20000afc   Data         512  os_cfg_app.o(.bss)
    OSCfg_MsgPool                            0x20000cfc   Data        1600  os_cfg_app.o(.bss)
    OSCfg_StatTaskStk                        0x2000133c   Data         512  os_cfg_app.o(.bss)
    OSCfg_TickTaskStk                        0x2000153c   Data         512  os_cfg_app.o(.bss)
    OSCfg_TickWheel                          0x2000173c   Data         136  os_cfg_app.o(.bss)
    OSCfg_TmrTaskStk                         0x200017c4   Data         512  os_cfg_app.o(.bss)
    OSCfg_TmrWheel                           0x200019c4   Data         136  os_cfg_app.o(.bss)
    OSIdleTaskTCB                            0x20001a4c   Data         196  os_var.o(.bss)
    OSIntQTaskTCB                            0x20001b10   Data         196  os_var.o(.bss)
    OSMsgPool                                0x20001bd4   Data          12  os_var.o(.bss)
    OSRdyList                                0x20001be0   Data         768  os_var.o(.bss)
    OSStatTaskTCB                            0x20001ee0   Data         196  os_var.o(.bss)
    OSTickTaskTCB                            0x20001fa4   Data         196  os_var.o(.bss)
    OSTmrTaskTCB                             0x20002068   Data         196  os_var.o(.bss)
    StartTaskTCB                             0x2000212c   Data         196  start_task.o(.bss)
    START_TASK_STK                           0x200021f0   Data        2048  start_task.o(.bss)
    Led0TaskTCB                              0x200029f0   Data         196  led_task.o(.bss)
    LED0_TASK_STK                            0x20002ab4   Data         512  led_task.o(.bss)
    FloatTaskTCB                             0x20002cb8   Data         196  float_task.o(.bss)
    FLOAT_TASK_STK                           0x20002d80   Data         512  float_task.o(.bss)
    ProtocolTaskTCB                          0x20002f80   Data         196  protocol_task.o(.bss)
    Protocol_TASK_STK                        0x20003044   Data         512  protocol_task.o(.bss)
    tmr1                                     0x20003244   Data          52  tim.o(.bss)
    tmr2                                     0x20003278   Data          52  tim.o(.bss)
    __initial_sp                             0x200036b0   Data           0  startup_stm32f10x_md.o(STACK)



==============================================================================

Memory Map of the image

  Image Entry point : 0x080000ed

  Load Region LR_IROM1 (Base: 0x08000000, Size: 0x0000c568, Max: 0x00010000, ABSOLUTE)

    Execution Region ER_IROM1 (Base: 0x08000000, Size: 0x0000c450, Max: 0x00010000, ABSOLUTE)

    Base Addr    Size         Type   Attr      Idx    E Section Name        Object

    0x08000000   0x000000ec   Data   RO         1011    RESET               startup_stm32f10x_md.o
    0x080000ec   0x00000000   Code   RO         1046  * .ARM.Collect$$$$00000000  mc_w.l(entry.o)
    0x080000ec   0x00000004   Code   RO         1320    .ARM.Collect$$$$00000001  mc_w.l(entry2.o)
    0x080000f0   0x00000004   Code   RO         1323    .ARM.Collect$$$$00000004  mc_w.l(entry5.o)
    0x080000f4   0x00000000   Code   RO         1325    .ARM.Collect$$$$00000008  mc_w.l(entry7b.o)
    0x080000f4   0x00000000   Code   RO         1327    .ARM.Collect$$$$0000000A  mc_w.l(entry8b.o)
    0x080000f4   0x00000008   Code   RO         1328    .ARM.Collect$$$$0000000B  mc_w.l(entry9a.o)
    0x080000fc   0x00000000   Code   RO         1330    .ARM.Collect$$$$0000000D  mc_w.l(entry10a.o)
    0x080000fc   0x00000000   Code   RO         1332    .ARM.Collect$$$$0000000F  mc_w.l(entry11a.o)
    0x080000fc   0x00000004   Code   RO         1321    .ARM.Collect$$$$00002712  mc_w.l(entry2.o)
    0x08000100   0x00000104   Code   RO            4    .text               main.o
    0x08000204   0x00000198   Code   RO          184    .text               hekr_protocol.o
    0x0800039c   0x0000002c   Code   RO          214    .text               led.o
    0x080003c8   0x0000014c   Code   RO          238    .text               delay.o
    0x08000514   0x00000174   Code   RO          292    .text               uart.o
    0x08000688   0x00000084   Code   RO          323    .text               bsp.o
    0x0800070c   0x000002a8   Code   RO          373    .text               cpu_core.o
    0x080009b4   0x00000034   Code   RO          399    .text               cpu_a.o
    0x080009e8   0x00000256   Code   RO          414    .text               lib_ascii.o
    0x08000c3e   0x00000002   PAD
    0x08000c40   0x000009c6   Code   RO          447    .text               lib_mem.o
    0x08001606   0x00000002   PAD
    0x08001608   0x0000092c   Code   RO          466    .text               lib_str.o
    0x08001f34   0x00000220   Code   RO          483    .text               lib_mem_a.o
    0x08002154   0x000000fc   Code   RO          486    .text               os_cfg_app.o
    0x08002250   0x00000e04   Code   RO          509    .text               os_core.o
    0x08003054   0x000001b0   Code   RO          521    .text               os_dbg.o
    0x08003204   0x00000e28   Code   RO          536    .text               os_flag.o
    0x0800402c   0x00000444   Code   RO          548    .text               os_int.o
    0x08004470   0x00000238   Code   RO          560    .text               os_mem.o
    0x080046a8   0x0000022c   Code   RO          572    .text               os_msg.o
    0x080048d4   0x00000ad4   Code   RO          584    .text               os_mutex.o
    0x080053a8   0x0000007c   Code   RO          602    .text               os_prio.o
    0x08005424   0x000008d8   Code   RO          621    .text               os_q.o
    0x08005cfc   0x00000830   Code   RO          633    .text               os_sem.o
    0x0800652c   0x00000638   Code   RO          645    .text               os_stat.o
    0x08006b64   0x00001bb4   Code   RO          657    .text               os_task.o
    0x08008718   0x000004fc   Code   RO          669    .text               os_tick.o
    0x08008c14   0x00000564   Code   RO          681    .text               os_time.o
    0x08009178   0x00000818   Code   RO          693    .text               os_tmr.o
    0x08009990   0x0000026c   Code   RO          719    .text               os_cpu_c.o
    0x08009bfc   0x00000168   Code   RO          758    .text               start_task.o
    0x08009d64   0x00000048   Code   RO          788    .text               led_task.o
    0x08009dac   0x00000170   Code   RO          818    .text               float_task.o
    0x08009f1c   0x00000128   Code   RO          849    .text               protocol_task.o
    0x0800a044   0x00000244   Code   RO          883    .text               tim.o
    0x0800a288   0x000000dc   Code   RO          914    .text               misc.o
    0x0800a364   0x0000035c   Code   RO          938    .text               stm32f10x_gpio.o
    0x0800a6c0   0x000003a4   Code   RO          962    .text               stm32f10x_rcc.o
    0x0800aa64   0x00000408   Code   RO          988    .text               stm32f10x_usart.o
    0x0800ae6c   0x00000024   Code   RO         1012    .text               startup_stm32f10x_md.o
    0x0800ae90   0x000001e0   Code   RO         1019    .text               system_stm32f10x.o
    0x0800b070   0x00000062   Code   RO         1049    .text               mc_w.l(uldiv.o)
    0x0800b0d2   0x000000b0   Code   RO         1312    .text               mf_w.l(fadd.o)
    0x0800b182   0x00000026   Code   RO         1314    .text               mf_w.l(f2d.o)
    0x0800b1a8   0x00000014   Code   RO         1316    .text               mf_w.l(cfcmple.o)
    0x0800b1bc   0x00000014   Code   RO         1318    .text               mf_w.l(cfrcmple.o)
    0x0800b1d0   0x0000002c   Code   RO         1335    .text               mc_w.l(uidiv.o)
    0x0800b1fc   0x0000001e   Code   RO         1337    .text               mc_w.l(llshl.o)
    0x0800b21a   0x00000020   Code   RO         1339    .text               mc_w.l(llushr.o)
    0x0800b23a   0x00000000   Code   RO         1341    .text               mc_w.l(iusefp.o)
    0x0800b23a   0x0000006e   Code   RO         1342    .text               mf_w.l(fepilogue.o)
    0x0800b2a8   0x0000014e   Code   RO         1344    .text               mf_w.l(dadd.o)
    0x0800b3f6   0x000000e4   Code   RO         1346    .text               mf_w.l(dmul.o)
    0x0800b4da   0x000000de   Code   RO         1348    .text               mf_w.l(ddiv.o)
    0x0800b5b8   0x00000030   Code   RO         1350    .text               mf_w.l(dfixul.o)
    0x0800b5e8   0x00000030   Code   RO         1352    .text               mf_w.l(cdrcmple.o)
    0x0800b618   0x00000024   Code   RO         1354    .text               mc_w.l(init.o)
    0x0800b63c   0x00000024   Code   RO         1356    .text               mc_w.l(llsshr.o)
    0x0800b660   0x000000ba   Code   RO         1358    .text               mf_w.l(depilogue.o)
    0x0800b71a   0x00000002   PAD
    0x0800b71c   0x00000098   Code   RO          737    CODE                os_cpu_a.o
    0x0800b7b4   0x00000020   Code   RO         1284    i.__0printf         mc_w.l(printfa.o)
    0x0800b7d4   0x0000000e   Code   RO         1362    i.__scatterload_copy  mc_w.l(handlers.o)
    0x0800b7e2   0x00000002   Code   RO         1363    i.__scatterload_null  mc_w.l(handlers.o)
    0x0800b7e4   0x0000000e   Code   RO         1364    i.__scatterload_zeroinit  mc_w.l(handlers.o)
    0x0800b7f2   0x00000002   PAD
    0x0800b7f4   0x00000164   Code   RO         1291    i._fp_digits        mc_w.l(printfa.o)
    0x0800b958   0x000006dc   Code   RO         1292    i._printf_core      mc_w.l(printfa.o)
    0x0800c034   0x00000024   Code   RO         1293    i._printf_post_padding  mc_w.l(printfa.o)
    0x0800c058   0x0000002e   Code   RO         1294    i._printf_pre_padding  mc_w.l(printfa.o)
    0x0800c086   0x00000002   PAD
    0x0800c088   0x00000104   Data   RO          375    .constdata          cpu_core.o
    0x0800c18c   0x00000094   Data   RO          467    .constdata          lib_str.o
    0x0800c220   0x000000a4   Data   RO          488    .constdata          os_cfg_app.o
    0x0800c2c4   0x0000016c   Data   RO          522    .constdata          os_dbg.o
    0x0800c430   0x00000020   Data   RO         1360    Region$$Table       anon$$obj.o


    Execution Region RW_IRAM1 (Base: 0x20000000, Size: 0x000036b0, Max: 0x00005000, ABSOLUTE)

    Base Addr    Size         Type   Attr      Idx    E Section Name        Object

    0x20000000   0x00000004   Data   RW          239    .data               delay.o
    0x20000004   0x00000003   Data   RW          294    .data               uart.o
    0x20000007   0x00000001   PAD
    0x20000008   0x00000004   Data   RW          376    .data               cpu_core.o
    0x2000000c   0x00000004   Data   RW          449    .data               lib_mem.o
    0x20000010   0x00000008   Data   RW          603    .data               os_prio.o
    0x20000018   0x000000c8   Data   RW          706    .data               os_var.o
    0x200000e0   0x00000004   Data   RW          720    .data               os_cpu_c.o
    0x200000e4   0x00000004   Data   RW          820    .data               float_task.o
    0x200000e8   0x00000001   Data   RW          851    .data               protocol_task.o
    0x200000e9   0x00000001   Data   RW          885    .data               tim.o
    0x200000ea   0x00000014   Data   RW          963    .data               stm32f10x_rcc.o
    0x200000fe   0x00000002   PAD
    0x20000100   0x00000014   Data   RW         1020    .data               system_stm32f10x.o
    0x20000114   0x00000004   Data   RW         1334    .data               mc_w.l(stdout.o)
    0x20000118   0x00000037   Zero   RW          185    .bss                hekr_protocol.o
    0x2000014f   0x00000014   Zero   RW          293    .bss                uart.o
    0x20000163   0x00000010   Zero   RW          374    .bss                cpu_core.o
    0x20000173   0x00000001   PAD
    0x20000174   0x00000448   Zero   RW          448    .bss                lib_mem.o
    0x200005bc   0x00001490   Zero   RW          487    .bss                os_cfg_app.o
    0x20001a4c   0x000006e0   Zero   RW          705    .bss                os_var.o
    0x2000212c   0x000008c4   Zero   RW          759    .bss                start_task.o
    0x200029f0   0x000002c4   Zero   RW          789    .bss                led_task.o
    0x20002cb4   0x00000004   PAD
    0x20002cb8   0x000002c8   Zero   RW          819    .bss                float_task.o
    0x20002f80   0x000002c4   Zero   RW          850    .bss                protocol_task.o
    0x20003244   0x00000068   Zero   RW          884    .bss                tim.o
    0x200032ac   0x00000004   PAD
    0x200032b0   0x00000400   Zero   RW         1009    STACK               startup_stm32f10x_md.o


==============================================================================

Image component sizes


      Code (inc. data)   RO Data    RW Data    ZI Data      Debug   Object Name

       132         12          0          0          0       1135   bsp.o
        52          0          0          0          0        340   cpu_a.o
       680         14        260          4         16      14263   cpu_core.o
       332         28          0          4          0       1753   delay.o
       368         92          0          4        712       1307   float_task.o
       408         14          0          0         55       3037   hekr_protocol.o
        44          4          0          0          0        459   led.o
        72         10          0          0        708       1124   led_task.o
       598          0          0          0          0       3692   lib_ascii.o
      2502         32          0          4       1096      21740   lib_mem.o
       544          0          0          0          0        484   lib_mem_a.o
      2348          6        148          0          0      13054   lib_str.o
       260         32          0          0          0     273296   main.o
       220         22          0          0          0       1913   misc.o
       252        166        164          0       5264      20890   os_cfg_app.o
      3588        294          0          0          0      12025   os_core.o
       152         32          0          0          0        396   os_cpu_a.o
       620         66          0          4          0       3737   os_cpu_c.o
       432        286        364          0          0       4745   os_dbg.o
      3624        110          0          0          0       7691   os_flag.o
      1092        146          0          0          0       2260   os_int.o
       568         20          0          0          0       2660   os_mem.o
       556         12          0          0          0       2723   os_msg.o
      2772        114          0          0          0       5382   os_mutex.o
       124          4          0          8          0       1740   os_prio.o
      2264         76          0          0          0       6064   os_q.o
      2096         70          0          0          0       6076   os_sem.o
      1592        180          0          0          0       2765   os_stat.o
      7092        270          0          0          0      13438   os_task.o
      1276         90          0          0          0       3221   os_tick.o
      1380         46          0          0          0       3157   os_time.o
      2072        140          0          0          0       6258   os_tmr.o
         0          0          0        200       1760      19353   os_var.o
       296        100          0          1        708       1332   protocol_task.o
       360         68          0          0       2244       1259   start_task.o
        36          8        236          0       1024        820   startup_stm32f10x_md.o
       860         38          0          0          0       5753   stm32f10x_gpio.o
       932         36          0         20          0       8908   stm32f10x_rcc.o
      1032         22          0          0          0       8484   stm32f10x_usart.o
       480         38          0         20          0       1895   system_stm32f10x.o
       580        140          0          1        104       1270   tim.o
       372         30          0          3         20       2130   uart.o

    ----------------------------------------------------------------------
     45064       2868       1204        276      13720     494029   Object Totals
         0          0         32          0          0          0   (incl. Generated)
         4          0          0          3          9          0   (incl. Padding)

    ----------------------------------------------------------------------

      Code (inc. data)   RO Data    RW Data    ZI Data      Debug   Library Member Name

         0          0          0          0          0          0   entry.o
         0          0          0          0          0          0   entry10a.o
         0          0          0          0          0          0   entry11a.o
         8          4          0          0          0          0   entry2.o
         4          0          0          0          0          0   entry5.o
         0          0          0          0          0          0   entry7b.o
         0          0          0          0          0          0   entry8b.o
         8          4          0          0          0          0   entry9a.o
        30          0          0          0          0          0   handlers.o
        36          8          0          0          0         68   init.o
         0          0          0          0          0          0   iusefp.o
        30          0          0          0          0         68   llshl.o
        36          0          0          0          0         68   llsshr.o
        32          0          0          0          0         68   llushr.o
      2226         90          0          0          0        444   printfa.o
         0          0          0          4          0          0   stdout.o
        44          0          0          0          0         80   uidiv.o
        98          0          0          0          0         92   uldiv.o
        48          0          0          0          0         68   cdrcmple.o
        20          0          0          0          0         68   cfcmple.o
        20          0          0          0          0         68   cfrcmple.o
       334          0          0          0          0        148   dadd.o
       222          0          0          0          0        100   ddiv.o
       186          0          0          0          0        176   depilogue.o
        48          0          0          0          0         68   dfixul.o
       228          0          0          0          0         96   dmul.o
        38          0          0          0          0         68   f2d.o
       176          0          0          0          0        140   fadd.o
       110          0          0          0          0        168   fepilogue.o

    ----------------------------------------------------------------------
      3988        106          0          4          0       2056   Library Totals
         6          0          0          0          0          0   (incl. Padding)

    ----------------------------------------------------------------------

      Code (inc. data)   RO Data    RW Data    ZI Data      Debug   Library Name

      2552        106          0          4          0        888   mc_w.l
      1430          0          0          0          0       1168   mf_w.l

    ----------------------------------------------------------------------
      3988        106          0          4          0       2056   Library Totals

    ----------------------------------------------------------------------

==============================================================================


      Code (inc. data)   RO Data    RW Data    ZI Data      Debug   

     49052       2974       1204        280      13720     491817   Grand Totals
     49052       2974       1204        280      13720     491817   ELF Image Totals
     49052       2974       1204        280          0          0   ROM Totals

==============================================================================

    Total RO  Size (Code + RO Data)                50256 (  49.08kB)
    Total RW  Size (RW Data + ZI Data)             14000 (  13.67kB)
    Total ROM Size (Code + RO Data + RW Data)      50536 (  49.35kB)

==============================================================================

