Component: ARM Compiler 5.05 update 1 (build 106) Tool: armlink [4d0efa]

==============================================================================

Section Cross References

    main.o(.text) refers to misc.o(.text) for NVIC_PriorityGroupConfig
    main.o(.text) refers to uart.o(.text) for Uart3_init
    main.o(.text) refers to delay.o(.text) for delay_init
    main.o(.text) refers to led.o(.text) for LED_init
    main.o(.text) refers to os_core.o(.text) for OSInit
    main.o(.text) refers to cpu_a.o(.text) for CPU_SR_Save
    main.o(.text) refers to os_task.o(.text) for OSTaskCreate
    main.o(.text) refers to os_var.o(.data) for OSSchedLockNestingCtr
    main.o(.text) refers to start_task.o(.bss) for START_TASK_STK
    main.o(.text) refers to start_task.o(.text) for start_task
    hekr_protocol.o(.text) refers to uart.o(.text) for UART3_SendChar
    hekr_protocol.o(.text) refers to hekr_protocol.o(.bss) for Hekr_Send_Buffer
    led.o(.text) refers to stm32f10x_rcc.o(.text) for RCC_APB2PeriphClockCmd
    led.o(.text) refers to stm32f10x_gpio.o(.text) for GPIO_Init
    delay.o(.text) refers to os_core.o(.text) for OSSchedLock
    delay.o(.text) refers to os_time.o(.text) for OSTimeDly
    delay.o(.text) refers to misc.o(.text) for SysTick_CLKSourceConfig
    delay.o(.text) refers to os_var.o(.data) for OSRunning
    delay.o(.text) refers to system_stm32f10x.o(.data) for SystemCoreClock
    delay.o(.text) refers to delay.o(.data) for fac_us
    delay.o(.text) refers to os_cfg_app.o(.constdata) for OSCfg_TickRate_Hz
    uart.o(.text) refers to stm32f10x_rcc.o(.text) for RCC_APB1PeriphClockCmd
    uart.o(.text) refers to stm32f10x_gpio.o(.text) for GPIO_Init
    uart.o(.text) refers to misc.o(.text) for NVIC_Init
    uart.o(.text) refers to stm32f10x_usart.o(.text) for USART_Init
    uart.o(.text) refers to uart.o(.data) for temp_flag
    uart.o(.text) refers to uart.o(.bss) for Uart3_Recv_Buffer
    bsp.o(.text) refers to stm32f10x_rcc.o(.text) for RCC_GetClocksFreq
    bsp.o(.text) refers to cpu_core.o(.text) for CPU_TS_TmrFreqSet
    bsp.o(.text) refers to lludivv7m.o(.text) for __aeabi_uldivmod
    cpu_core.o(.text) refers to cpu_a.o(.text) for CPU_SR_Save
    cpu_core.o(.text) refers to lib_mem.o(.text) for Mem_Clr
    cpu_core.o(.text) refers to bsp.o(.text) for CPU_TS_TmrInit
    cpu_core.o(.text) refers to lib_str.o(.text) for Str_Copy_N
    cpu_core.o(.text) refers to cpu_core.o(.bss) for CPU_Name
    cpu_core.o(.text) refers to cpu_core.o(.data) for CPU_TS_TmrFreq_Hz
    cpu_core.o(.text) refers to cpu_core.o(.constdata) for CPU_CntLeadZerosTbl
    cpu_c.o(.text) refers to cpu_a.o(.text) for CPU_SR_Save
    lib_math.o(.text) refers to cpu_a.o(.text) for CPU_SR_Save
    lib_math.o(.text) refers to lib_math.o(.data) for Math_RandSeedCur
    lib_mem.o(.text) refers to lib_mem_a.o(.text) for Mem_Copy
    lib_mem.o(.text) refers to cpu_a.o(.text) for CPU_SR_Save
    lib_mem.o(.text) refers to lib_mem.o(.bss) for Mem_PoolHeap
    lib_mem.o(.text) refers to lib_mem.o(.data) for Mem_PoolTbl
    lib_str.o(.text) refers to lib_ascii.o(.text) for ASCII_ToLower
    lib_str.o(.text) refers to lib_str.o(.constdata) for Str_MultOvfThTbl_Int32U
    os_cfg_app.o(.text) refers to os_cfg_app.o(.constdata) for OSCfg_DataSizeRAM
    os_cfg_app.o(.constdata) refers to os_cfg_app.o(.bss) for OSCfg_IdleTaskStk
    os_core.o(.text) refers to cpu_a.o(.text) for CPU_SR_Save
    os_core.o(.text) refers to os_cpu_c.o(.text) for OSIdleTaskHook
    os_core.o(.text) refers to os_task.o(.text) for OSTaskCreate
    os_core.o(.text) refers to os_prio.o(.text) for OS_PrioInit
    os_core.o(.text) refers to os_flag.o(.text) for OS_FlagInit
    os_core.o(.text) refers to os_mem.o(.text) for OS_MemInit
    os_core.o(.text) refers to os_msg.o(.text) for OS_MsgPoolInit
    os_core.o(.text) refers to os_mutex.o(.text) for OS_MutexInit
    os_core.o(.text) refers to os_q.o(.text) for OS_QInit
    os_core.o(.text) refers to os_sem.o(.text) for OS_SemInit
    os_core.o(.text) refers to os_int.o(.text) for OS_IntQTaskInit
    os_core.o(.text) refers to os_tick.o(.text) for OS_TickTaskInit
    os_core.o(.text) refers to os_stat.o(.text) for OS_StatTaskInit
    os_core.o(.text) refers to os_tmr.o(.text) for OS_TmrInit
    os_core.o(.text) refers to os_dbg.o(.text) for OS_Dbg_Init
    os_core.o(.text) refers to os_cfg_app.o(.text) for OSCfg_Init
    os_core.o(.text) refers to bsp.o(.text) for CPU_TS_TmrRd
    os_core.o(.text) refers to os_var.o(.data) for OSIdleTaskCtr
    os_core.o(.text) refers to os_cfg_app.o(.constdata) for OSCfg_IdleTaskStkSize
    os_core.o(.text) refers to os_var.o(.bss) for OSIdleTaskTCB
    os_core.o(.text) refers to os_cpu_a.o(CODE) for OSStartHighRdy
    os_dbg.o(.text) refers to os_dbg.o(.constdata) for OSDbg_DbgEn
    os_flag.o(.text) refers to cpu_a.o(.text) for CPU_SR_Save
    os_flag.o(.text) refers to os_core.o(.text) for OS_PendListInit
    os_flag.o(.text) refers to bsp.o(.text) for CPU_TS_TmrRd
[...]
    .text                                    0x08000b00   Section        0  lib_mem.o(.text)
    Mem_SegAlloc                             0x08000d17   Thumb Code    60  lib_mem.o(.text)
    Mem_SegCalcTotSize                       0x08000d53   Thumb Code    60  lib_mem.o(.text)
    .text                                    0x080014c8   Section        0  lib_str.o(.text)
    Str_FmtNbr_Int32                         0x08001981   Thumb Code   476  lib_str.o(.text)
    Str_ParseNbr_Int32                       0x08001bc9   Thumb Code   446  lib_str.o(.text)
    .text                                    0x08001df4   Section      544  lib_mem_a.o(.text)
    .text                                    0x08002014   Section        0  os_cfg_app.o(.text)
    .text                                    0x08002110   Section        0  os_core.o(.text)
    .text                                    0x08002f14   Section        0  os_dbg.o(.text)
    .text                                    0x080030c4   Section        0  os_flag.o(.text)
    .text                                    0x08003eec   Section        0  os_int.o(.text)
    .text                                    0x08004330   Section        0  os_mem.o(.text)
    .text                                    0x08004568   Section        0  os_msg.o(.text)
    .text                                    0x08004794   Section        0  os_mutex.o(.text)
    .text                                    0x08005268   Section        0  os_prio.o(.text)
    .text                                    0x080052e4   Section        0  os_q.o(.text)
    .text                                    0x08005bbc   Section        0  os_sem.o(.text)
    .text                                    0x080063ec   Section        0  os_stat.o(.text)
    .text                                    0x08006a24   Section        0  os_task.o(.text)
    .text                                    0x080085d8   Section        0  os_tick.o(.text)
    .text                                    0x08008ad4   Section        0  os_time.o(.text)
    .text                                    0x08009038   Section        0  os_tmr.o(.text)
    .text                                    0x08009850   Section        0  os_cpu_c.o(.text)
    .text                                    0x08009abc   Section        0  start_task.o(.text)
    .text                                    0x08009bbc   Section        0  led_task.o(.text)
    .text                                    0x08009c04   Section        0  misc.o(.text)
    .text                                    0x08009ce0   Section        0  stm32f10x_gpio.o(.text)
    .text                                    0x0800a03c   Section        0  stm32f10x_rcc.o(.text)
    .text                                    0x0800a3e0   Section        0  stm32f10x_usart.o(.text)
    .text                                    0x0800a7e8   Section       64  startup_stm32f10x_md.o(.text)
    .text                                    0x0800a828   Section        0  system_stm32f10x.o(.text)
    SetSysClockTo72                          0x0800a829   Thumb Code   214  system_stm32f10x.o(.text)
    SetSysClock                              0x0800a8ff   Thumb Code     8  system_stm32f10x.o(.text)
    .text                                    0x0800aa08   Section      238  lludivv7m.o(.text)
    .text                                    0x0800aaf6   Section        0  heapauxi.o(.text)
    .text                                    0x0800aafc   Section       74  sys_stackheap_outer.o(.text)
    .text                                    0x0800ab46   Section        0  exit.o(.text)
    .text                                    0x0800ab54   Section        8  libspace.o(.text)
    .text                                    0x0800ab5c   Section        0  sys_exit.o(.text)
    .text                                    0x0800ab68   Section        2  use_no_semi.o(.text)
    .text                                    0x0800ab6a   Section        0  indicate_semi.o(.text)
    CODE                                     0x0800ab6c   Section      152  os_cpu_a.o(CODE)
    .constdata                               0x0800ac04   Section      260  cpu_core.o(.constdata)
    CPU_CntLeadZerosTbl                      0x0800ac04   Data         256  cpu_core.o(.constdata)
    .constdata                               0x0800ad08   Section      148  lib_str.o(.constdata)
    Str_MultOvfThTbl_Int32U                  0x0800ad08   Data         148  lib_str.o(.constdata)
    .constdata                               0x0800ad9c   Section      164  os_cfg_app.o(.constdata)
    .constdata                               0x0800ae40   Section      364  os_dbg.o(.constdata)
    .data                                    0x20000000   Section        4  delay.o(.data)
    fac_us                                   0x20000000   Data           1  delay.o(.data)
    fac_ms                                   0x20000002   Data           2  delay.o(.data)
    .data                                    0x20000004   Section        3  uart.o(.data)
    temp_flag                                0x20000006   Data           1  uart.o(.data)
    .data                                    0x20000008   Section        4  cpu_core.o(.data)
    .data                                    0x2000000c   Section        4  lib_mem.o(.data)
    .data                                    0x20000010   Section        8  os_prio.o(.data)
    .data                                    0x20000018   Section      200  os_var.o(.data)
    .data                                    0x200000e0   Section        4  os_cpu_c.o(.data)
    .data                                    0x200000e4   Section       20  stm32f10x_rcc.o(.data)
    APBAHBPrescTable                         0x200000e4   Data          16  stm32f10x_rcc.o(.data)
    ADCPrescTable                            0x200000f4   Data           4  stm32f10x_rcc.o(.data)
    .data                                    0x200000f8   Section       20  system_stm32f10x.o(.data)
    .bss                                     0x2000010c   Section       20  uart.o(.bss)
    .bss                                     0x20000120   Section       16  cpu_core.o(.bss)
    .bss                                     0x20000130   Section     1096  lib_mem.o(.bss)
    .bss                                     0x20000578   Section     5264  os_cfg_app.o(.bss)
    .bss                                     0x20001a08   Section     1760  os_var.o(.bss)
    .bss                                     0x200020e8   Section     2244  start_task.o(.bss)
    .bss                                     0x200029ac   Section      708  led_task.o(.bss)
    .bss                                     0x20002c70   Section       96  libspace.o(.bss)
    HEAP                                     0x20002cd0   Section      512  startup_stm32f10x_md.o(HEAP)
    Heap_Mem                                 0x20002cd0   Data         512  startup_stm32f10x_md.o(HEAP)
    STACK                                    0x20002ed0   Section     1024  startup_stm32f10x_md.o(STACK)
    Stack_Mem                                0x20002ed0   Data        1024  startup_stm32f10x_md.o(STACK)
    __initial_sp                             0x200032d0   Data           0  startup_stm32f10x_md.o(STACK)

    Global Symbols

    Symbol Name                              Value     Ov Type        Size  Object(Section)

    BuildAttributes$$THM_ISAv4$P$D$K$B$S$PE$A:L22UL41UL21$X:L11$S22US41US21$IEEE1$IW$USESV6$~STKCKD$USESV7$~SHL$OSPACE$ROPI$EBA8$UX$STANDARDLIB$REQ8$PRES8$EABIv2 0x00000000   Number         0  anon$$obj.o ABSOLUTE
    __ARM_use_no_argv                        0x00000000   Number         0  main.o ABSOLUTE
    __ARM_exceptions_init                     - Undefined Weak Reference
    __alloca_initialize                       - Undefined Weak Reference
    __arm_preinit_                            - Undefined Weak Reference
    __cpp_initialize__aeabi_                  - Undefined Weak Reference
    __cxa_finalize                            - Undefined Weak Reference
    __rt_locale                               - Undefined Weak Reference
    __sigvec_lookup                           - Undefined Weak Reference
    _atexit_init                              - Undefined Weak Reference
    _call_atexit_fns                          - Undefined Weak Reference
    _clock_init                               - Undefined Weak Reference
    _fp_trap_init                             - Undefined Weak Reference
    _fp_trap_shutdown                         - Undefined Weak Reference
    _get_lc_collate                           - Undefined Weak Reference
    _get_lc_ctype                             - Undefined Weak Reference
    _get_lc_monetary                          - Undefined Weak Reference
    _get_lc_numeric                           - Undefined Weak Reference
    _get_lc_time                              - Undefined Weak Reference
    _getenv_init                              - Undefined Weak Reference
    _handle_redirection                       - Undefined Weak Reference
    _init_alloc                               - Undefined Weak Reference
    _init_user_alloc                          - Undefined Weak Reference
    _initio                                   - Undefined Weak Reference
    _rand_init                                - Undefined Weak Reference
    _signal_finish                            - Undefined Weak Reference
    _signal_init                              - Undefined Weak Reference
    _terminate_alloc                          - Undefined Weak Reference
    _terminate_user_alloc                     - Undefined Weak Reference
    _terminateio                              - Undefined Weak Reference
    __Vectors_Size                           0x000000ec   Number         0  startup_stm32f10x_md.o ABSOLUTE
    __Vectors                                0x08000000   Data           4  startup_stm32f10x_md.o(RESET)
    __Vectors_End                            0x080000ec   Data           0  startup_stm32f10x_md.o(RESET)
    __main                                   0x080000ed   Thumb Code     8  __main.o(!!!main)
    __scatterload                            0x080000f5   Thumb Code     0  __scatter.o(!!!scatter)
    __scatterload_rt2                        0x080000f5   Thumb Code    44  __scatter.o(!!!scatter)
    __scatterload_rt2_thumb_only             0x080000f5   Thumb Code     0  __scatter.o(!!!scatter)
    __scatterload_null                       0x08000103   Thumb Code     0  __scatter.o(!!!scatter)
    __scatterload_copy                       0x08000129   Thumb Code    26  __scatter_copy.o(!!handler_copy)
    __scatterload_zeroinit                   0x08000145   Thumb Code    28  __scatter_zi.o(!!handler_zi)
    __rt_lib_init                            0x08000161   Thumb Code     0  libinit.o(.ARM.Collect$$libinit$$00000000)
    __rt_lib_init_alloca_1                   0x08000163   Thumb Code     0  libinit2.o(.ARM.Collect$$libinit$$0000002E)
    __rt_lib_init_argv_1                     0x08000163   Thumb Code     0  libinit2.o(.ARM.Collect$$libinit$$0000002C)
    __rt_lib_init_atexit_1                   0x08000163   Thumb Code     0  libinit2.o(.ARM.Collect$$libinit$$0000001B)
    __rt_lib_init_clock_1                    0x08000163   Thumb Code     0  libinit2.o(.ARM.Collect$$libinit$$00000021)
    __rt_lib_init_cpp_1                      0x08000163   Thumb Code     0  libinit2.o(.ARM.Collect$$libinit$$00000032)
    __rt_lib_init_exceptions_1               0x08000163   Thumb Code     0  libinit2.o(.ARM.Collect$$libinit$$00000030)
    __rt_lib_init_fp_1                       0x08000163   Thumb Code     0  libinit2.o(.ARM.Collect$$libinit$$00000002)
    __rt_lib_init_fp_trap_1                  0x08000163   Thumb Code     0  libinit2.o(.ARM.Collect$$libinit$$0000001F)
    __rt_lib_init_getenv_1                   0x08000163   Thumb Code     0  libinit2.o(.ARM.Collect$$libinit$$00000023)
    __rt_lib_init_heap_1                     0x08000163   Thumb Code     0  libinit2.o(.ARM.Collect$$libinit$$0000000A)
    __rt_lib_init_lc_collate_1               0x08000163   Thumb Code     0  libinit2.o(.ARM.Collect$$libinit$$00000011)
    __rt_lib_init_lc_ctype_1                 0x08000163   Thumb Code     0  libinit2.o(.ARM.Collect$$libinit$$00000013)
    __rt_lib_init_lc_monetary_1              0x08000163   Thumb Code     0  libinit2.o(.ARM.Collect$$libinit$$00000015)
    __rt_lib_init_lc_numeric_1               0x08000163   Thumb Code     0  libinit2.o(.ARM.Collect$$libinit$$00000017)
    __rt_lib_init_lc_time_1                  0x08000163   Thumb Code     0  libinit2.o(.ARM.Collect$$libinit$$00000019)
    __rt_lib_init_preinit_1                  0x08000163   Thumb Code     0  libinit2.o(.ARM.Collect$$libinit$$00000004)
    __rt_lib_init_rand_1                     0x08000163   Thumb Code     0  libinit2.o(.ARM.Collect$$libinit$$0000000E)
    __rt_lib_init_return                     0x08000163   Thumb Code     0  libinit2.o(.ARM.Collect$$libinit$$00000033)
    __rt_lib_init_signal_1                   0x08000163   Thumb Code     0  libinit2.o(.ARM.Collect$$libinit$$0000001D)
    __rt_lib_init_stdio_1                    0x08000163   Thumb Code     0  libinit2.o(.ARM.Collect$$libinit$$00000025)
    __rt_lib_init_user_alloc_1               0x08000163   Thumb Code     0  libinit2.o(.ARM.Collect$$libinit$$0000000C)
    __rt_lib_shutdown                        0x08000165   Thumb Code     0  libshutdown.o(.ARM.Collect$$libshutdown$$00000000)
    __rt_lib_shutdown_fp_trap_1              0x08000167   Thumb Code     0  libshutdown2.o(.ARM.Collect$$libshutdown$$00000006)
    __rt_lib_shutdown_heap_1                 0x08000167   Thumb Code     0  libshutdown2.o(.ARM.Collect$$libshutdown$$0000000E)
    __rt_lib_shutdown_return                 0x08000167   Thumb Code     0  libshutdown2.o(.ARM.Collect$$libshutdown$$0000000F)
    __rt_lib_shutdown_signal_1               0x08000167   Thumb Code     0  libshutdown2.o(.ARM.Collect$$libshutdown$$00000009)
    __rt_lib_shutdown_stdio_1                0x08000167   Thumb Code     0  libshutdown2.o(.ARM.Collect$$libshutdown$$00000003)
    __rt_lib_shutdown_user_alloc_1           0x08000167   Thumb Code     0  libshutdown2.o(.ARM.Collect$$libshutdown$$0000000B)
    __rt_entry                               0x08000169   Thumb Code     0  __rtentry.o(.ARM.Collect$$rtentry$$00000000)
    __rt_entry_presh_1                       0x08000169   Thumb Code     0  __rtentry2.o(.ARM.Collect$$rtentry$$00000002)
    __rt_entry_sh                            0x08000169   Thumb Code     0  __rtentry4.o(.ARM.Collect$$rtentry$$00000004)
    __rt_entry_li                            0x0800016f   Thumb Code     0  __rtentry2.o(.ARM.Collect$$rtentry$$0000000A)
    __rt_entry_postsh_1                      0x0800016f   Thumb Code     0  __rtentry2.o(.ARM.Collect$$rtentry$$00000009)
    __rt_entry_main                          0x08000173   Thumb Code     0  __rtentry2.o(.ARM.Collect$$rtentry$$0000000D)
    __rt_entry_postli_1                      0x08000173   Thumb Code     0  __rtentry2.o(.ARM.Collect$$rtentry$$0000000C)
    __rt_exit                                0x0800017b   Thumb Code     0  rtexit.o(.ARM.Collect$$rtexit$$00000000)
    __rt_exit_ls                             0x0800017d   Thumb Code     0  rtexit2.o(.ARM.Collect$$rtexit$$00000003)
    __rt_exit_prels_1                        0x0800017d   Thumb Code     0  rtexit2.o(.ARM.Collect$$rtexit$$00000002)
    __rt_exit_exit                           0x08000181   Thumb Code     0  rtexit2.o(.ARM.Collect$$rtexit$$00000004)
    BSP_init                                 0x08000189   Thumb Code    24  main.o(.text)
    main                                     0x080001a1   Thumb Code   204  main.o(.text)
    LED_init                                 0x0800028d   Thumb Code    40  led.o(.text)
    delay_osschedlock                        0x080002b9   Thumb Code    10  delay.o(.text)
    delay_osschedunlock                      0x080002c3   Thumb Code    10  delay.o(.text)
    delay_ostimedly                          0x080002cd   Thumb Code    16  delay.o(.text)
    SysTick_Handler                          0x080002dd   Thumb Code    24  delay.o(.text)
    delay_init                               0x080002f5   Thumb Code    92  delay.o(.text)
    delay_us                                 0x08000351   Thumb Code    86  delay.o(.text)
    delay_ms                                 0x080003a7   Thumb Code    66  delay.o(.text)
    Uart3_init                               0x08000405   Thumb Code   160  uart.o(.text)
    USART3_IRQHandler                        0x080004a5   Thumb Code   118  uart.o(.text)
    UART3_SendChar                           0x0800051b   Thumb Code    22  uart.o(.text)
    BSP_CPU_ClkFreq                          0x08000549   Thumb Code    16  bsp.o(.text)
    CPU_TS_TmrInit                           0x08000559   Thumb Code    44  bsp.o(.text)
    CPU_TS_TmrRd                             0x08000585   Thumb Code     6  bsp.o(.text)
    CPU_TS32_to_uSec                         0x0800058b   Thumb Code    54  bsp.o(.text)
    CPU_NameClr                              0x080005cd   Thumb Code    42  cpu_core.o(.text)
    CPU_Init                                 0x0800060d   Thumb Code    12  cpu_core.o(.text)
    CPU_SW_Exception                         0x08000619   Thumb Code     4  cpu_core.o(.text)
    CPU_NameGet                              0x0800061d   Thumb Code    70  cpu_core.o(.text)
    CPU_NameSet                              0x08000663   Thumb Code    96  cpu_core.o(.text)
    CPU_TS_Get32                             0x080006c3   Thumb Code    12  cpu_core.o(.text)
    CPU_TS_Update                            0x080006cf   Thumb Code     2  cpu_core.o(.text)
    CPU_TS_TmrFreqGet                        0x080006d1   Thumb Code    30  cpu_core.o(.text)
    CPU_TS_TmrFreqSet                        0x080006ef   Thumb Code     6  cpu_core.o(.text)
    CPU_CntLeadZeros08                       0x080006f5   Thumb Code    18  cpu_core.o(.text)
    CPU_CntLeadZeros16                       0x08000707   Thumb Code    18  cpu_core.o(.text)
    CPU_CntLeadZeros32                       0x08000719   Thumb Code    18  cpu_core.o(.text)
    CPU_CntLeadZeros64                       0x0800072b   Thumb Code   188  cpu_core.o(.text)
    CPU_CntTrailZeros08                      0x080007e7   Thumb Code    22  cpu_core.o(.text)
    CPU_CntTrailZeros16                      0x080007fd   Thumb Code    22  cpu_core.o(.text)
    CPU_CntTrailZeros32                      0x08000813   Thumb Code    22  cpu_core.o(.text)
    CPU_CntTrailZeros64                      0x08000829   Thumb Code    62  cpu_core.o(.text)
    CPU_IntDis                               0x08000875   Thumb Code     0  cpu_a.o(.text)
    CPU_IntEn                                0x08000879   Thumb Code     0  cpu_a.o(.text)
    CPU_SR_Save                              0x0800087d   Thumb Code     0  cpu_a.o(.text)
    CPU_SR_Restore                           0x08000885   Thumb Code     0  cpu_a.o(.text)
    CPU_WaitForInt                           0x0800088b   Thumb Code     0  cpu_a.o(.text)
    CPU_WaitForExcept                        0x0800088f   Thumb Code     0  cpu_a.o(.text)
    CPU_CntLeadZeros                         0x08000893   Thumb Code     0  cpu_a.o(.text)
    CPU_CntTrailZeros                        0x08000899   Thumb Code     0  cpu_a.o(.text)
    CPU_RevBits                              0x080008a3   Thumb Code     0  cpu_a.o(.text)
    ASCII_IsAlpha                            0x080008a9   Thumb Code    48  lib_ascii.o(.text)
    ASCII_IsAlphaNum                         0x080008d9   Thumb Code    76  lib_ascii.o(.text)
    ASCII_IsLower                            0x08000925   Thumb Code    20  lib_ascii.o(.text)
    ASCII_IsUpper                            0x08000939   Thumb Code    20  lib_ascii.o(.text)
    ASCII_IsDig                              0x0800094d   Thumb Code    20  lib_ascii.o(.text)
    ASCII_IsDigOct                           0x08000961   Thumb Code    20  lib_ascii.o(.text)
    ASCII_IsDigHex                           0x08000975   Thumb Code    36  lib_ascii.o(.text)
    ASCII_IsBlank                            0x08000999   Thumb Code    20  lib_ascii.o(.text)
    ASCII_IsSpace                            0x080009ad   Thumb Code    36  lib_ascii.o(.text)
    ASCII_IsPrint                            0x080009d1   Thumb Code    20  lib_ascii.o(.text)
    ASCII_IsGraph                            0x080009e5   Thumb Code    20  lib_ascii.o(.text)
    ASCII_IsPunct                            0x080009f9   Thumb Code   134  lib_ascii.o(.text)
    ASCII_IsCtrl                             0x08000a7f   Thumb Code    26  lib_ascii.o(.text)
    ASCII_ToLower                            0x08000a99   Thumb Code    32  lib_ascii.o(.text)
    ASCII_ToUpper                            0x08000ab9   Thumb Code    32  lib_ascii.o(.text)
    ASCII_Cmp                                0x08000ad9   Thumb Code    38  lib_ascii.o(.text)
    Mem_Init                                 0x08000b01   Thumb Code    54  lib_mem.o(.text)
    Mem_Set                                  0x08000b37   Thumb Code    84  lib_mem.o(.text)
    Mem_Clr                                  0x08000b8b   Thumb Code    18  lib_mem.o(.text)
    Mem_Move                                 0x08000b9d   Thumb Code   186  lib_mem.o(.text)
    Mem_Cmp                                  0x08000c57   Thumb Code   192  lib_mem.o(.text)
    Mem_HeapAlloc                            0x08000d8f   Thumb Code   168  lib_mem.o(.text)
    Mem_SegGetSizeRem                        0x08000e37   Thumb Code   108  lib_mem.o(.text)
    Mem_HeapGetSizeRem                       0x08000ea3   Thumb Code    22  lib_mem.o(.text)
    Mem_PoolClr                              0x08000eb9   Thumb Code    80  lib_mem.o(.text)
    Mem_PoolCreate                           0x08000f09   Thumb Code   838  lib_mem.o(.text)
    Mem_PoolBlkGetNbrAvail                   0x0800124f   Thumb Code    52  lib_mem.o(.text)
    Mem_PoolBlkGet                           0x08001283   Thumb Code   126  lib_mem.o(.text)
    Mem_PoolBlkGetUsedAtIx                   0x08001301   Thumb Code   140  lib_mem.o(.text)
    Mem_PoolBlkFree                          0x0800138d   Thumb Code   152  lib_mem.o(.text)
    Mem_PoolBlkIxGet                         0x08001425   Thumb Code   162  lib_mem.o(.text)
    Str_Len_N                                0x080014c9   Thumb Code    28  lib_str.o(.text)
    Str_Len                                  0x080014e5   Thumb Code    20  lib_str.o(.text)
    Str_Copy_N                               0x080014f9   Thumb Code    70  lib_str.o(.text)
    Str_Copy                                 0x0800153f   Thumb Code    24  lib_str.o(.text)
    Str_Cat_N                                0x08001557   Thumb Code    90  lib_str.o(.text)
    Str_Cat                                  0x080015b1   Thumb Code    24  lib_str.o(.text)
    Str_Cmp_N                                0x080015c9   Thumb Code   156  lib_str.o(.text)
    Str_Cmp                                  0x08001665   Thumb Code    24  lib_str.o(.text)
    Str_CmpIgnoreCase_N                      0x0800167d   Thumb Code   264  lib_str.o(.text)
    Str_CmpIgnoreCase                        0x08001785   Thumb Code    24  lib_str.o(.text)
    Str_Char_N                               0x0800179d   Thumb Code    74  lib_str.o(.text)
    Str_Char                                 0x080017e7   Thumb Code    24  lib_str.o(.text)
    Str_Char_Last_N                          0x080017ff   Thumb Code    76  lib_str.o(.text)
    Str_Char_Last                            0x0800184b   Thumb Code    24  lib_str.o(.text)
    Str_Char_Replace_N                       0x08001863   Thumb Code    52  lib_str.o(.text)
    Str_Char_Replace                         0x08001897   Thumb Code    28  lib_str.o(.text)
    Str_Str_N                                0x080018b3   Thumb Code   182  lib_str.o(.text)
    Str_Str                                  0x08001969   Thumb Code    24  lib_str.o(.text)
    Str_FmtNbr_Int32U                        0x08001b5d   Thumb Code    46  lib_str.o(.text)
    Str_FmtNbr_Int32S                        0x08001b8b   Thumb Code    62  lib_str.o(.text)
    Str_ParseNbr_Int32U                      0x08001d87   Thumb Code    30  lib_str.o(.text)
    Str_ParseNbr_Int32S                      0x08001da5   Thumb Code    74  lib_str.o(.text)
    Mem_Copy                                 0x08001df5   Thumb Code     0  lib_mem_a.o(.text)
    OSCfg_Init                               0x08002015   Thumb Code    86  os_cfg_app.o(.text)
    OS_IdleTask                              0x08002111   Thumb Code    60  os_core.o(.text)
    OS_IdleTaskInit                          0x0800214d   Thumb Code    68  os_core.o(.text)
    OS_RdyListInit                           0x08002191   Thumb Code    32  os_core.o(.text)
    OSInit                                   0x080021b1   Thumb Code   300  os_core.o(.text)
    OSIntEnter                               0x080022dd   Thumb Code    34  os_core.o(.text)
    OSIntExit                                0x080022ff   Thumb Code   192  os_core.o(.text)
    OSSched                                  0x080023bf   Thumb Code   134  os_core.o(.text)
    OS_SchedLockTimeMeasStart                0x08002445   Thumb Code    20  os_core.o(.text)
    OSSchedLock                              0x08002459   Thumb Code   104  os_core.o(.text)
    OS_SchedLockTimeMeasStop                 0x080024c1   Thumb Code    44  os_core.o(.text)
    OSSchedUnlock                            0x080024ed   Thumb Code   290  os_core.o(.text)
    OSSchedRoundRobinCfg                     0x0800260f   Thumb Code    88  os_core.o(.text)
    OS_RdyListMoveHeadToTail                 0x08002667   Thumb Code    68  os_core.o(.text)
    OSSchedRoundRobinYield                   0x080026ab   Thumb Code   164  os_core.o(.text)
    OSStart                                  0x0800274f   Thumb Code    78  os_core.o(.text)
    OSVersion                                0x0800279d   Thumb Code    12  os_core.o(.text)
    OS_PendDbgNameAdd                        0x080027a9   Thumb Code    66  os_core.o(.text)
    OS_PendListInsertPrio                    0x080027eb   Thumb Code   102  os_core.o(.text)
    OS_PendDataInit                          0x08002851   Thumb Code    38  os_core.o(.text)
    OS_RdyListRemove                         0x08002877   Thumb Code    86  os_core.o(.text)
    OS_TaskBlock                             0x080028cd   Thumb Code    56  os_core.o(.text)
    OS_Pend                                  0x08002905   Thumb Code    98  os_core.o(.text)
    OS_PendListRemove1                       0x08002967   Thumb Code   134  os_core.o(.text)
    OS_PendListRemove                        0x080029ed   Thumb Code    48  os_core.o(.text)
    OS_PendAbort1                            0x08002a1d   Thumb Code    36  os_core.o(.text)
    OS_RdyListInsertHead                     0x08002a41   Thumb Code    58  os_core.o(.text)
    OS_RdyListInsertTail                     0x08002a7b   Thumb Code    56  os_core.o(.text)
    OS_RdyListInsert                         0x08002ab3   Thumb Code    40  os_core.o(.text)
    OS_TaskRdy                               0x08002adb   Thumb Code    28  os_core.o(.text)
    OS_PendAbort                             0x08002af7   Thumb Code   166  os_core.o(.text)
    OS_PendDbgNameRemove                     0x08002b9d   Thumb Code    34  os_core.o(.text)
    OS_PendListChangePrio                    0x08002bbf   Thumb Code    70  os_core.o(.text)
    OS_PendListInit                          0x08002c05   Thumb Code    10  os_core.o(.text)
    OS_PendListInsertHead                    0x08002c0f   Thumb Code    32  os_core.o(.text)
    OS_PendObjDel1                           0x08002c2f   Thumb Code    36  os_core.o(.text)
    OS_PendObjDel                            0x08002c53   Thumb Code   162  os_core.o(.text)
    OS_Post1                                 0x08002cf5   Thumb Code    42  os_core.o(.text)
    OS_Post                                  0x08002d1f   Thumb Code   192  os_core.o(.text)
    OS_Sched0                                0x08002ddf   Thumb Code   102  os_core.o(.text)
    OS_SchedRoundRobin                       0x08002e45   Thumb Code   190  os_core.o(.text)
    OS_Dbg_Init                              0x08002f15   Thumb Code   146  os_dbg.o(.text)
    OS_FlagDbgListAdd                        0x080030c5   Thumb Code    38  os_flag.o(.text)
    OSFlagCreate                             0x080030eb   Thumb Code   172  os_flag.o(.text)
    OS_FlagClr                               0x08003197   Thumb Code    28  os_flag.o(.text)
    OS_FlagDbgListRemove                     0x080031b3   Thumb Code    44  os_flag.o(.text)
    OSFlagDel                                0x080031df   Thumb Code   594  os_flag.o(.text)
    OS_FlagBlock                             0x08003431   Thumb Code    58  os_flag.o(.text)
    OSFlagPend                               0x0800346b   Thumb Code  1488  os_flag.o(.text)
    OSFlagPendAbort                          0x08003a3b   Thumb Code   292  os_flag.o(.text)
    OSFlagPendGetFlagsRdy                    0x08003b5f   Thumb Code    68  os_flag.o(.text)
    OS_FlagTaskRdy                           0x08003ba3   Thumb Code    86  os_flag.o(.text)
    OS_FlagPost                              0x08003bf9   Thumb Code   570  os_flag.o(.text)
    OSFlagPost                               0x08003e33   Thumb Code   146  os_flag.o(.text)
    OS_FlagInit                              0x08003ec5   Thumb Code    14  os_flag.o(.text)
    OS_IntQPost                              0x08003eed   Thumb Code   216  os_int.o(.text)
    OS_IntQRePost                            0x08003fc5   Thumb Code   360  os_int.o(.text)
    OS_IntQTask                              0x0800412d   Thumb Code   162  os_int.o(.text)
    OS_IntQTaskInit                          0x080041cf   Thumb Code   208  os_int.o(.text)
    OS_MemDbgListAdd                         0x08004331   Thumb Code    34  os_mem.o(.text)
    OSMemCreate                              0x08004353   Thumb Code   288  os_mem.o(.text)
    OSMemGet                                 0x08004473   Thumb Code   100  os_mem.o(.text)
    OSMemPut                                 0x080044d7   Thumb Code   112  os_mem.o(.text)
    OS_MemInit                               0x08004547   Thumb Code    14  os_mem.o(.text)
    OS_MsgPoolCreate                         0x08004569   Thumb Code    54  os_msg.o(.text)
    OS_MsgPoolInit                           0x0800459f   Thumb Code    70  os_msg.o(.text)
    OS_MsgQFreeAll                           0x080045e5   Thumb Code    62  os_msg.o(.text)
    OS_MsgQInit                              0x08004623   Thumb Code    14  os_msg.o(.text)
    OS_MsgQGet                               0x08004631   Thumb Code    98  os_msg.o(.text)
    OS_MsgQPut                               0x08004693   Thumb Code   246  os_msg.o(.text)
    OS_MutexDbgListAdd                       0x08004795   Thumb Code    38  os_mutex.o(.text)
    OSMutexCreate                            0x080047bb   Thumb Code   178  os_mutex.o(.text)
    OS_MutexClr                              0x0800486d   Thumb Code    38  os_mutex.o(.text)
    OS_MutexDbgListRemove                    0x08004893   Thumb Code    44  os_mutex.o(.text)
    OSMutexDel                               0x080048bf   Thumb Code   842  os_mutex.o(.text)
    OSMutexPend                              0x08004c09   Thumb Code   706  os_mutex.o(.text)
    OSMutexPendAbort                         0x08004ecb   Thumb Code   314  os_mutex.o(.text)
    OSMutexPost                              0x08005005   Thumb Code   564  os_mutex.o(.text)
    OS_MutexInit                             0x08005239   Thumb Code    14  os_mutex.o(.text)
    OS_PrioInit                              0x08005269   Thumb Code    20  os_prio.o(.text)
    OS_PrioGetHighest                        0x0800527d   Thumb Code    36  os_prio.o(.text)
    OS_PrioInsert                            0x080052a1   Thumb Code    32  os_prio.o(.text)
    OS_PrioRemove                            0x080052c1   Thumb Code    32  os_prio.o(.text)
    OS_QDbgListAdd                           0x080052e5   Thumb Code    38  os_q.o(.text)
    OSQCreate                                0x0800530b   Thumb Code   186  os_q.o(.text)
    OS_QClr                                  0x080053c5   Thumb Code    40  os_q.o(.text)
    OS_QDbgListRemove                        0x080053ed   Thumb Code    44  os_q.o(.text)
    OSQDel                                   0x08005419   Thumb Code   362  os_q.o(.text)
    OSQFlush                                 0x08005583   Thumb Code   210  os_q.o(.text)
    OSQPend                                  0x08005655   Thumb Code   538  os_q.o(.text)
    OSQPendAbort                             0x0800586f   Thumb Code   292  os_q.o(.text)
    OS_QPost                                 0x08005993   Thumb Code   324  os_q.o(.text)
    OSQPost                                  0x08005ad7   Thumb Code   198  os_q.o(.text)
    OS_QInit                                 0x08005b9d   Thumb Code    14  os_q.o(.text)
    OS_SemDbgListAdd                         0x08005bbd   Thumb Code    38  os_sem.o(.text)
    OSSemCreate                              0x08005be3   Thumb Code   172  os_sem.o(.text)
    OS_SemClr                                0x08005c8f   Thumb Code    28  os_sem.o(.text)
    OS_SemDbgListRemove                      0x08005cab   Thumb Code    44  os_sem.o(.text)
    OSSemDel                                 0x08005cd7   Thumb Code   362  os_sem.o(.text)
    OSSemPend                                0x08005e41   Thumb Code   504  os_sem.o(.text)
    OSSemPendAbort                           0x08006039   Thumb Code   292  os_sem.o(.text)
    OS_SemPost                               0x0800615d   Thumb Code   350  os_sem.o(.text)
    OSSemPost                                0x080062bb   Thumb Code   144  os_sem.o(.text)
    OSSemSet                                 0x0800634b   Thumb Code   138  os_sem.o(.text)
    OS_SemInit                               0x080063d5   Thumb Code    14  os_sem.o(.text)
    OSStatReset                              0x080063ed   Thumb Code   270  os_stat.o(.text)
    OSStatTaskCPUUsageInit                   0x080064fb   Thumb Code   212  os_stat.o(.text)
    OS_StatTask                              0x080065cf   Thumb Code   888  os_stat.o(.text)
    OS_StatTaskInit                          0x08006947   Thumb Code   138  os_stat.o(.text)
    OSTaskChangePrio                         0x08006a25   Thumb Code   416  os_task.o(.text)
    OS_TaskDbgListAdd                        0x08006bc5   Thumb Code    42  os_task.o(.text)
    OS_TaskInitTCB                           0x08006bef   Thumb Code   186  os_task.o(.text)
    OSTaskCreate                             0x08006ca9   Thumb Code   616  os_task.o(.text)
    OS_TaskDbgListRemove                     0x08006f11   Thumb Code    64  os_task.o(.text)
    OSTaskDel                                0x08006f51   Thumb Code   424  os_task.o(.text)
    OSTaskQFlush                             0x080070f9   Thumb Code   214  os_task.o(.text)
    OSTaskQPend                              0x080071cf   Thumb Code   554  os_task.o(.text)
    OSTaskQPendAbort                         0x080073f9   Thumb Code   242  os_task.o(.text)
    OS_TaskQPost                             0x080074eb   Thumb Code   526  os_task.o(.text)
    OSTaskQPost                              0x080076f9   Thumb Code   114  os_task.o(.text)
    OSTaskRegGet                             0x0800776b   Thumb Code    78  os_task.o(.text)
    OSTaskRegGetID                           0x080077b9   Thumb Code    84  os_task.o(.text)
    OSTaskRegSet                             0x0800780d   Thumb Code    78  os_task.o(.text)
    OS_TaskResume                            0x0800785b   Thumb Code   314  os_task.o(.text)
    OSTaskResume                             0x08007995   Thumb Code   112  os_task.o(.text)
    OSTaskSemPend                            0x08007a05   Thumb Code   550  os_task.o(.text)
    OSTaskSemPendAbort                       0x08007c2b   Thumb Code   270  os_task.o(.text)
    OS_TaskSemPost                           0x08007d39   Thumb Code  1224  os_task.o(.text)
    OSTaskSemPost                            0x08008201   Thumb Code    98  os_task.o(.text)
    OSTaskSemSet                             0x08008263   Thumb Code    80  os_task.o(.text)
    OSTaskStkChk                             0x080082b3   Thumb Code   224  os_task.o(.text)
    OS_TaskSuspend                           0x08008393   Thumb Code   328  os_task.o(.text)
    OSTaskSuspend                            0x080084db   Thumb Code    78  os_task.o(.text)
    OSTaskTimeQuantaSet                      0x08008529   Thumb Code    96  os_task.o(.text)
    OS_TaskInit                              0x08008589   Thumb Code    18  os_task.o(.text)
    OS_TaskReturn                            0x0800859b   Thumb Code    20  os_task.o(.text)
    OS_TickListRemove                        0x080085d9   Thumb Code    56  os_tick.o(.text)
    OS_TickListUpdate                        0x08008611   Thumb Code   480  os_tick.o(.text)
    OS_TickTask                              0x080087f1   Thumb Code    38  os_tick.o(.text)
    OS_TickListInit                          0x08008817   Thumb Code    32  os_tick.o(.text)
    OS_TickTaskInit                          0x08008837   Thumb Code   130  os_tick.o(.text)
    OS_TickListInsert                        0x080088b9   Thumb Code   502  os_tick.o(.text)
    OS_TickListResetPeak                     0x08008aaf   Thumb Code    28  os_tick.o(.text)
    OSTimeDly                                0x08008ad5   Thumb Code   266  os_time.o(.text)
    OSTimeDlyHMSM                            0x08008bdf   Thumb Code   480  os_time.o(.text)
    OSTimeDlyResume                          0x08008dbf   Thumb Code   466  os_time.o(.text)
    OSTimeGet                                0x08008f91   Thumb Code    46  os_time.o(.text)
    OSTimeSet                                0x08008fbf   Thumb Code    46  os_time.o(.text)
    OSTimeTick                               0x08008fed   Thumb Code    54  os_time.o(.text)
    OS_TmrDbgListAdd                         0x08009039   Thumb Code    34  os_tmr.o(.text)
    OSTmrCreate                              0x0800905b   Thumb Code   248  os_tmr.o(.text)
    OS_TmrClr                                0x08009153   Thumb Code    36  os_tmr.o(.text)
    OS_TmrUnlink                             0x08009177   Thumb Code    72  os_tmr.o(.text)
    OS_TmrDbgListRemove                      0x080091bf   Thumb Code    44  os_tmr.o(.text)
    OSTmrDel                                 0x080091eb   Thumb Code   176  os_tmr.o(.text)
    OSTmrRemainGet                           0x0800929b   Thumb Code   184  os_tmr.o(.text)
    OS_TmrLink                               0x08009353   Thumb Code   196  os_tmr.o(.text)
    OSTmrStart                               0x08009417   Thumb Code   210  os_tmr.o(.text)
    OSTmrStateGet                            0x080094e9   Thumb Code   134  os_tmr.o(.text)
    OSTmrStop                                0x0800956f   Thumb Code   232  os_tmr.o(.text)
    OS_TmrTask                               0x08009657   Thumb Code   176  os_tmr.o(.text)
    OS_TmrInit                               0x08009707   Thumb Code   208  os_tmr.o(.text)
    OS_TmrResetPeak                          0x080097d7   Thumb Code    28  os_tmr.o(.text)
    OSIdleTaskHook                           0x08009851   Thumb Code    16  os_cpu_c.o(.text)
    OSInitHook                               0x08009861   Thumb Code    42  os_cpu_c.o(.text)
    OSStatTaskHook                           0x0800988b   Thumb Code    16  os_cpu_c.o(.text)
    OSTaskCreateHook                         0x0800989b   Thumb Code    20  os_cpu_c.o(.text)
    OSTaskDelHook                            0x080098af   Thumb Code    20  os_cpu_c.o(.text)
    OSTaskReturnHook                         0x080098c3   Thumb Code    20  os_cpu_c.o(.text)
    OSTaskStkInit                            0x080098d7   Thumb Code   188  os_cpu_c.o(.text)
    OSTaskSwHook                             0x08009993   Thumb Code   120  os_cpu_c.o(.text)
    OSTimeTickHook                           0x08009a0b   Thumb Code    16  os_cpu_c.o(.text)
    OS_CPU_SysTickHandler                    0x08009a1b   Thumb Code    52  os_cpu_c.o(.text)
    OS_CPU_SysTickInit                       0x08009a4f   Thumb Code    44  os_cpu_c.o(.text)
    start_task                               0x08009abd   Thumb Code   220  start_task.o(.text)
    led0_task                                0x08009bbd   Thumb Code    62  led_task.o(.text)
    NVIC_PriorityGroupConfig                 0x08009c05   Thumb Code    10  misc.o(.text)
    NVIC_Init                                0x08009c0f   Thumb Code   100  misc.o(.text)
    NVIC_SetVectorTable                      0x08009c73   Thumb Code    14  misc.o(.text)
    NVIC_SystemLPConfig                      0x08009c81   Thumb Code    34  misc.o(.text)
    SysTick_CLKSourceConfig                  0x08009ca3   Thumb Code    40  misc.o(.text)
    GPIO_DeInit                              0x08009ce1   Thumb Code   172  stm32f10x_gpio.o(.text)
    GPIO_AFIODeInit                          0x08009d8d   Thumb Code    20  stm32f10x_gpio.o(.text)
    GPIO_Init                                0x08009da1   Thumb Code   278  stm32f10x_gpio.o(.text)
    GPIO_StructInit                          0x08009eb7   Thumb Code    16  stm32f10x_gpio.o(.text)
    GPIO_ReadInputDataBit                    0x08009ec7   Thumb Code    18  stm32f10x_gpio.o(.text)
    GPIO_ReadInputData                       0x08009ed9   Thumb Code     8  stm32f10x_gpio.o(.text)
    GPIO_ReadOutputDataBit                   0x08009ee1   Thumb Code    18  stm32f10x_gpio.o(.text)
    GPIO_ReadOutputData                      0x08009ef3   Thumb Code     8  stm32f10x_gpio.o(.text)
    GPIO_SetBits                             0x08009efb   Thumb Code     4  stm32f10x_gpio.o(.text)
    GPIO_ResetBits                           0x08009eff   Thumb Code     4  stm32f10x_gpio.o(.text)
    GPIO_WriteBit                            0x08009f03   Thumb Code    10  stm32f10x_gpio.o(.text)
    GPIO_Write                               0x08009f0d   Thumb Code     4  stm32f10x_gpio.o(.text)
    GPIO_PinLockConfig                       0x08009f11   Thumb Code    18  stm32f10x_gpio.o(.text)
    GPIO_EventOutputConfig                   0x08009f23   Thumb Code    26  stm32f10x_gpio.o(.text)
    GPIO_EventOutputCmd                      0x08009f3d   Thumb Code     6  stm32f10x_gpio.o(.text)
    GPIO_PinRemapConfig                      0x08009f43   Thumb Code   138  stm32f10x_gpio.o(.text)
    GPIO_EXTILineConfig                      0x08009fcd   Thumb Code    66  stm32f10x_gpio.o(.text)
    GPIO_ETH_MediaInterfaceConfig            0x0800a00f   Thumb Code     8  stm32f10x_gpio.o(.text)
    RCC_DeInit                               0x0800a03d   Thumb Code    64  stm32f10x_rcc.o(.text)
    RCC_HSEConfig                            0x0800a07d   Thumb Code    70  stm32f10x_rcc.o(.text)
    RCC_GetFlagStatus                        0x0800a0c3   Thumb Code    56  stm32f10x_rcc.o(.text)
    RCC_WaitForHSEStartUp                    0x0800a0fb   Thumb Code    56  stm32f10x_rcc.o(.text)
    RCC_AdjustHSICalibrationValue            0x0800a133   Thumb Code    20  stm32f10x_rcc.o(.text)
    RCC_HSICmd                               0x0800a147   Thumb Code     6  stm32f10x_rcc.o(.text)
    RCC_PLLConfig                            0x0800a14d   Thumb Code    24  stm32f10x_rcc.o(.text)
    RCC_PLLCmd                               0x0800a165   Thumb Code     6  stm32f10x_rcc.o(.text)
    RCC_SYSCLKConfig                         0x0800a16b   Thumb Code    18  stm32f10x_rcc.o(.text)
    RCC_GetSYSCLKSource                      0x0800a17d   Thumb Code    10  stm32f10x_rcc.o(.text)
    RCC_HCLKConfig                           0x0800a187   Thumb Code    18  stm32f10x_rcc.o(.text)
    RCC_PCLK1Config                          0x0800a199   Thumb Code    18  stm32f10x_rcc.o(.text)
    RCC_PCLK2Config                          0x0800a1ab   Thumb Code    20  stm32f10x_rcc.o(.text)
    RCC_ITConfig                             0x0800a1bf   Thumb Code    26  stm32f10x_rcc.o(.text)
    RCC_USBCLKConfig                         0x0800a1d9   Thumb Code     8  stm32f10x_rcc.o(.text)
    RCC_ADCCLKConfig                         0x0800a1e1   Thumb Code    18  stm32f10x_rcc.o(.text)
    RCC_LSEConfig                            0x0800a1f3   Thumb Code    50  stm32f10x_rcc.o(.text)
    RCC_LSICmd                               0x0800a225   Thumb Code     6  stm32f10x_rcc.o(.text)
    RCC_RTCCLKConfig                         0x0800a22b   Thumb Code    12  stm32f10x_rcc.o(.text)
    RCC_RTCCLKCmd                            0x0800a237   Thumb Code     8  stm32f10x_rcc.o(.text)
    RCC_GetClocksFreq                        0x0800a23f   Thumb Code   192  stm32f10x_rcc.o(.text)
    RCC_AHBPeriphClockCmd                    0x0800a2ff   Thumb Code    26  stm32f10x_rcc.o(.text)
    RCC_APB2PeriphClockCmd                   0x0800a319   Thumb Code    26  stm32f10x_rcc.o(.text)
    RCC_APB1PeriphClockCmd                   0x0800a333   Thumb Code    26  stm32f10x_rcc.o(.text)
    RCC_APB2PeriphResetCmd                   0x0800a34d   Thumb Code    26  stm32f10x_rcc.o(.text)
    RCC_APB1PeriphResetCmd                   0x0800a367   Thumb Code    26  stm32f10x_rcc.o(.text)
    RCC_BackupResetCmd                       0x0800a381   Thumb Code     8  stm32f10x_rcc.o(.text)
    RCC_ClockSecuritySystemCmd               0x0800a389   Thumb Code     6  stm32f10x_rcc.o(.text)
    RCC_MCOConfig                            0x0800a38f   Thumb Code     6  stm32f10x_rcc.o(.text)
    RCC_ClearFlag                            0x0800a395   Thumb Code    14  stm32f10x_rcc.o(.text)
    RCC_GetITStatus                          0x0800a3a3   Thumb Code    20  stm32f10x_rcc.o(.text)
    RCC_ClearITPendingBit                    0x0800a3b7   Thumb Code     6  stm32f10x_rcc.o(.text)
    USART_DeInit                             0x0800a3e1   Thumb Code   134  stm32f10x_usart.o(.text)
    USART_Init                               0x0800a467   Thumb Code   210  stm32f10x_usart.o(.text)
    USART_StructInit                         0x0800a539   Thumb Code    24  stm32f10x_usart.o(.text)
    USART_ClockInit                          0x0800a551   Thumb Code    34  stm32f10x_usart.o(.text)
    USART_ClockStructInit                    0x0800a573   Thumb Code    12  stm32f10x_usart.o(.text)
    USART_Cmd                                0x0800a57f   Thumb Code    24  stm32f10x_usart.o(.text)
    USART_ITConfig                           0x0800a597   Thumb Code    74  stm32f10x_usart.o(.text)
    USART_DMACmd                             0x0800a5e1   Thumb Code    18  stm32f10x_usart.o(.text)
    USART_SetAddress                         0x0800a5f3   Thumb Code    18  stm32f10x_usart.o(.text)
    USART_WakeUpConfig                       0x0800a605   Thumb Code    18  stm32f10x_usart.o(.text)
    USART_ReceiverWakeUpCmd                  0x0800a617   Thumb Code    24  stm32f10x_usart.o(.text)
    USART_LINBreakDetectLengthConfig         0x0800a62f   Thumb Code    18  stm32f10x_usart.o(.text)
    USART_LINCmd                             0x0800a641   Thumb Code    24  stm32f10x_usart.o(.text)
    USART_SendData                           0x0800a659   Thumb Code     8  stm32f10x_usart.o(.text)
    USART_ReceiveData                        0x0800a661   Thumb Code    10  stm32f10x_usart.o(.text)
    USART_SendBreak                          0x0800a66b   Thumb Code    10  stm32f10x_usart.o(.text)
    USART_SetGuardTime                       0x0800a675   Thumb Code    16  stm32f10x_usart.o(.text)
    USART_SetPrescaler                       0x0800a685   Thumb Code    16  stm32f10x_usart.o(.text)
    USART_SmartCardCmd                       0x0800a695   Thumb Code    24  stm32f10x_usart.o(.text)
    USART_SmartCardNACKCmd                   0x0800a6ad   Thumb Code    24  stm32f10x_usart.o(.text)
    USART_HalfDuplexCmd                      0x0800a6c5   Thumb Code    24  stm32f10x_usart.o(.text)
    USART_OverSampling8Cmd                   0x0800a6dd   Thumb Code    22  stm32f10x_usart.o(.text)
    USART_OneBitMethodCmd                    0x0800a6f3   Thumb Code    24  stm32f10x_usart.o(.text)
    USART_IrDAConfig                         0x0800a70b   Thumb Code    18  stm32f10x_usart.o(.text)
    USART_IrDACmd                            0x0800a71d   Thumb Code    24  stm32f10x_usart.o(.text)
    USART_GetFlagStatus                      0x0800a735   Thumb Code    26  stm32f10x_usart.o(.text)
    USART_ClearFlag                          0x0800a74f   Thumb Code    18  stm32f10x_usart.o(.text)
    USART_GetITStatus                        0x0800a761   Thumb Code    84  stm32f10x_usart.o(.text)
    USART_ClearITPendingBit                  0x0800a7b5   Thumb Code    52  stm32f10x_usart.o(.text)
    Reset_Handler                            0x0800a7e9   Thumb Code     8  startup_stm32f10x_md.o(.text)
    NMI_Handler                              0x0800a7f1   Thumb Code     2  startup_stm32f10x_md.o(.text)
    HardFault_Handler                        0x0800a7f3   Thumb Code     2  startup_stm32f10x_md.o(.text)
    MemManage_Handler                        0x0800a7f5   Thumb Code     2  startup_stm32f10x_md.o(.text)
    BusFault_Handler                         0x0800a7f7   Thumb Code     2  startup_stm32f10x_md.o(.text)
    UsageFault_Handler                       0x0800a7f9   Thumb Code     2  startup_stm32f10x_md.o(.text)
    SVC_Handler                              0x0800a7fb   Thumb Code     2  startup_stm32f10x_md.o(.text)
    DebugMon_Handler                         0x0800a7fd   Thumb Code     2  startup_stm32f10x_md.o(.text)
    ADC1_2_IRQHandler                        0x0800a803   Thumb Code     0  startup_stm32f10x_md.o(.text)
    CAN1_RX1_IRQHandler                      0x0800a803   Thumb Code     0  startup_stm32f10x_md.o(.text)
    CAN1_SCE_IRQHandler                      0x0800a803   Thumb Code     0  startup_stm32f10x_md.o(.text)
    DMA1_Channel1_IRQHandler                 0x0800a803   Thumb Code     0  startup_stm32f10x_md.o(.text)
    DMA1_Channel2_IRQHandler                 0x0800a803   Thumb Code     0  startup_stm32f10x_md.o(.text)
    DMA1_Channel3_IRQHandler                 0x0800a803   Thumb Code     0  startup_stm32f10x_md.o(.text)
    DMA1_Channel4_IRQHandler                 0x0800a803   Thumb Code     0  startup_stm32f10x_md.o(.text)
    DMA1_Channel5_IRQHandler                 0x0800a803   Thumb Code     0  startup_stm32f10x_md.o(.text)
    DMA1_Channel6_IRQHandler                 0x0800a803   Thumb Code     0  startup_stm32f10x_md.o(.text)
    DMA1_Channel7_IRQHandler                 0x0800a803   Thumb Code     0  startup_stm32f10x_md.o(.text)
    EXTI0_IRQHandler                         0x0800a803   Thumb Code     0  startup_stm32f10x_md.o(.text)
    EXTI15_10_IRQHandler                     0x0800a803   Thumb Code     0  startup_stm32f10x_md.o(.text)
    EXTI1_IRQHandler                         0x0800a803   Thumb Code     0  startup_stm32f10x_md.o(.text)
    EXTI2_IRQHandler                         0x0800a803   Thumb Code     0  startup_stm32f10x_md.o(.text)
    EXTI3_IRQHandler                         0x0800a803   Thumb Code     0  startup_stm32f10x_md.o(.text)
    EXTI4_IRQHandler                         0x0800a803   Thumb Code     0  startup_stm32f10x_md.o(.text)
    EXTI9_5_IRQHandler                       0x0800a803   Thumb Code     0  startup_stm32f10x_md.o(.text)
    FLASH_IRQHandler                         0x0800a803   Thumb Code     0  startup_stm32f10x_md.o(.text)
    I2C1_ER_IRQHandler                       0x0800a803   Thumb Code     0  startup_stm32f10x_md.o(.text)
    I2C1_EV_IRQHandler                       0x0800a803   Thumb Code     0  startup_stm32f10x_md.o(.text)
    I2C2_ER_IRQHandler                       0x0800a803   Thumb Code     0  startup_stm32f10x_md.o(.text)
    I2C2_EV_IRQHandler                       0x0800a803   Thumb Code     0  startup_stm32f10x_md.o(.text)
    PVD_IRQHandler                           0x0800a803   Thumb Code     0  startup_stm32f10x_md.o(.text)
    RCC_IRQHandler                           0x0800a803   Thumb Code     0  startup_stm32f10x_md.o(.text)
    RTCAlarm_IRQHandler                      0x0800a803   Thumb Code     0  startup_stm32f10x_md.o(.text)
    RTC_IRQHandler                           0x0800a803   Thumb Code     0  startup_stm32f10x_md.o(.text)
    SPI1_IRQHandler                          0x0800a803   Thumb Code     0  startup_stm32f10x_md.o(.text)
    SPI2_IRQHandler                          0x0800a803   Thumb Code     0  startup_stm32f10x_md.o(.text)
    TAMPER_IRQHandler                        0x0800a803   Thumb Code     0  startup_stm32f10x_md.o(.text)
    TIM1_BRK_IRQHandler                      0x0800a803   Thumb Code     0  startup_stm32f10x_md.o(.text)
    TIM1_CC_IRQHandler                       0x0800a803   Thumb Code     0  startup_stm32f10x_md.o(.text)
    TIM1_TRG_COM_IRQHandler                  0x0800a803   Thumb Code     0  startup_stm32f10x_md.o(.text)
    TIM1_UP_IRQHandler                       0x0800a803   Thumb Code     0  startup_stm32f10x_md.o(.text)
    TIM2_IRQHandler                          0x0800a803   Thumb Code     0  startup_stm32f10x_md.o(.text)
    TIM3_IRQHandler                          0x0800a803   Thumb Code     0  startup_stm32f10x_md.o(.text)
    TIM4_IRQHandler                          0x0800a803   Thumb Code     0  startup_stm32f10x_md.o(.text)
    USART1_IRQHandler                        0x0800a803   Thumb Code     0  startup_stm32f10x_md.o(.text)
    USART2_IRQHandler                        0x0800a803   Thumb Code     0  startup_stm32f10x_md.o(.text)
    USBWakeUp_IRQHandler                     0x0800a803   Thumb Code     0  startup_stm32f10x_md.o(.text)
    USB_HP_CAN1_TX_IRQHandler                0x0800a803   Thumb Code     0  startup_stm32f10x_md.o(.text)
    USB_LP_CAN1_RX0_IRQHandler               0x0800a803   Thumb Code     0  startup_stm32f10x_md.o(.text)
    WWDG_IRQHandler                          0x0800a803   Thumb Code     0  startup_stm32f10x_md.o(.text)
    __user_initial_stackheap                 0x0800a805   Thumb Code     0  startup_stm32f10x_md.o(.text)
    SystemInit                               0x0800a907   Thumb Code    78  system_stm32f10x.o(.text)
    SystemCoreClockUpdate                    0x0800a955   Thumb Code   142  system_stm32f10x.o(.text)
    __aeabi_uldivmod                         0x0800aa09   Thumb Code     0  lludivv7m.o(.text)
    _ll_udiv                                 0x0800aa09   Thumb Code   238  lludivv7m.o(.text)
    __use_two_region_memory                  0x0800aaf7   Thumb Code     2  heapauxi.o(.text)
    __rt_heap_escrow$2region                 0x0800aaf9   Thumb Code     2  heapauxi.o(.text)
    __rt_heap_expand$2region                 0x0800aafb   Thumb Code     2  heapauxi.o(.text)
    __user_setup_stackheap                   0x0800aafd   Thumb Code    74  sys_stackheap_outer.o(.text)
    exit                                     0x0800ab47   Thumb Code    12  exit.o(.text)
    __user_libspace                          0x0800ab55   Thumb Code     8  libspace.o(.text)
    __user_perproc_libspace                  0x0800ab55   Thumb Code     0  libspace.o(.text)
    __user_perthread_libspace                0x0800ab55   Thumb Code     0  libspace.o(.text)
    _sys_exit                                0x0800ab5d   Thumb Code     8  sys_exit.o(.text)
    __I$use$semihosting                      0x0800ab69   Thumb Code     0  use_no_semi.o(.text)
    __use_no_semihosting_swi                 0x0800ab69   Thumb Code     2  use_no_semi.o(.text)
    __semihosting_library_function           0x0800ab6b   Thumb Code     0  indicate_semi.o(.text)
    OSStartHighRdy                           0x0800ab6d   Thumb Code     0  os_cpu_a.o(CODE)
    PendSV_Handler                           0x0800aba3   Thumb Code     0  os_cpu_a.o(CODE)
    CPU_EndiannessTest                       0x0800ad04   Data           4  cpu_core.o(.constdata)
    OSCfg_IdleTaskStkBasePtr                 0x0800ad9c   Data           4  os_cfg_app.o(.constdata)
    OSCfg_IdleTaskStkLimit                   0x0800ada0   Data           4  os_cfg_app.o(.constdata)
    OSCfg_IdleTaskStkSize                    0x0800ada4   Data           4  os_cfg_app.o(.constdata)
    OSCfg_IdleTaskStkSizeRAM                 0x0800ada8   Data           4  os_cfg_app.o(.constdata)
    OSCfg_IntQBasePtr                        0x0800adac   Data           4  os_cfg_app.o(.constdata)
    OSCfg_IntQSize                           0x0800adb0   Data           2  os_cfg_app.o(.constdata)
    OSCfg_IntQSizeRAM                        0x0800adb4   Data           4  os_cfg_app.o(.constdata)
    OSCfg_IntQTaskStkBasePtr                 0x0800adb8   Data           4  os_cfg_app.o(.constdata)
    OSCfg_IntQTaskStkLimit                   0x0800adbc   Data           4  os_cfg_app.o(.constdata)
    OSCfg_IntQTaskStkSize                    0x0800adc0   Data           4  os_cfg_app.o(.constdata)
    OSCfg_IntQTaskStkSizeRAM                 0x0800adc4   Data           4  os_cfg_app.o(.constdata)
    OSCfg_ISRStkBasePtr                      0x0800adc8   Data           4  os_cfg_app.o(.constdata)
    OSCfg_ISRStkSize                         0x0800adcc   Data           4  os_cfg_app.o(.constdata)
    OSCfg_ISRStkSizeRAM                      0x0800add0   Data           4  os_cfg_app.o(.constdata)
    OSCfg_MsgPoolSize                        0x0800add4   Data           2  os_cfg_app.o(.constdata)
    OSCfg_MsgPoolSizeRAM                     0x0800add8   Data           4  os_cfg_app.o(.constdata)
    OSCfg_MsgPoolBasePtr                     0x0800addc   Data           4  os_cfg_app.o(.constdata)
    OSCfg_StatTaskPrio                       0x0800ade0   Data           1  os_cfg_app.o(.constdata)
    OSCfg_StatTaskRate_Hz                    0x0800ade4   Data           4  os_cfg_app.o(.constdata)
    OSCfg_StatTaskStkBasePtr                 0x0800ade8   Data           4  os_cfg_app.o(.constdata)
    OSCfg_StatTaskStkLimit                   0x0800adec   Data           4  os_cfg_app.o(.constdata)
    OSCfg_StatTaskStkSize                    0x0800adf0   Data           4  os_cfg_app.o(.constdata)
    OSCfg_StatTaskStkSizeRAM                 0x0800adf4   Data           4  os_cfg_app.o(.constdata)
    OSCfg_StkSizeMin                         0x0800adf8   Data           4  os_cfg_app.o(.constdata)
    OSCfg_TickRate_Hz                        0x0800adfc   Data           4  os_cfg_app.o(.constdata)
    OSCfg_TickTaskPrio                       0x0800ae00   Data           1  os_cfg_app.o(.constdata)
    OSCfg_TickTaskStkBasePtr                 0x0800ae04   Data           4  os_cfg_app.o(.constdata)
    OSCfg_TickTaskStkLimit                   0x0800ae08   Data           4  os_cfg_app.o(.constdata)
    OSCfg_TickTaskStkSize                    0x0800ae0c   Data           4  os_cfg_app.o(.constdata)
    OSCfg_TickTaskStkSizeRAM                 0x0800ae10   Data           4  os_cfg_app.o(.constdata)
    OSCfg_TickWheelSize                      0x0800ae14   Data           2  os_cfg_app.o(.constdata)
    OSCfg_TickWheelSizeRAM                   0x0800ae18   Data           4  os_cfg_app.o(.constdata)
    OSCfg_TmrTaskPrio                        0x0800ae1c   Data           1  os_cfg_app.o(.constdata)
    OSCfg_TmrTaskRate_Hz                     0x0800ae20   Data           4  os_cfg_app.o(.constdata)
    OSCfg_TmrTaskStkBasePtr                  0x0800ae24   Data           4  os_cfg_app.o(.constdata)
    OSCfg_TmrTaskStkLimit                    0x0800ae28   Data           4  os_cfg_app.o(.constdata)
    OSCfg_TmrTaskStkSize                     0x0800ae2c   Data           4  os_cfg_app.o(.constdata)
    OSCfg_TmrTaskStkSizeRAM                  0x0800ae30   Data           4  os_cfg_app.o(.constdata)
    OSCfg_TmrWheelSize                       0x0800ae34   Data           2  os_cfg_app.o(.constdata)
    OSCfg_TmrWheelSizeRAM                    0x0800ae38   Data           4  os_cfg_app.o(.constdata)
    OSCfg_DataSizeRAM                        0x0800ae3c   Data           4  os_cfg_app.o(.constdata)
    OSDbg_DbgEn                              0x0800ae40   Data           2  os_dbg.o(.constdata)
    OSDbg_ArgChkEn                           0x0800ae42   Data           1  os_dbg.o(.constdata)
    OSDbg_AppHooksEn                         0x0800ae43   Data           1  os_dbg.o(.constdata)
    OSDbg_EndiannessTest                     0x0800ae44   Data           4  os_dbg.o(.constdata)
    OSDbg_CalledFromISRChkEn                 0x0800ae48   Data           1  os_dbg.o(.constdata)
    OSDbg_FlagEn                             0x0800ae49   Data           1  os_dbg.o(.constdata)
    OSDbg_FlagGrp                            0x0800ae4c   Data          40  os_dbg.o(.constdata)
    OSDbg_FlagDelEn                          0x0800ae74   Data           1  os_dbg.o(.constdata)
    OSDbg_FlagModeClrEn                      0x0800ae75   Data           1  os_dbg.o(.constdata)
    OSDbg_FlagPendAbortEn                    0x0800ae76   Data           1  os_dbg.o(.constdata)
    OSDbg_FlagGrpSize                        0x0800ae78   Data           2  os_dbg.o(.constdata)
    OSDbg_FlagWidth                          0x0800ae7a   Data           2  os_dbg.o(.constdata)
    OSDbg_IntQ                               0x0800ae7c   Data           2  os_dbg.o(.constdata)
    OSDbg_ISRPostDeferredEn                  0x0800ae7e   Data           1  os_dbg.o(.constdata)
    OSDbg_Mem                                0x0800ae80   Data          32  os_dbg.o(.constdata)
    OSDbg_MemEn                              0x0800aea0   Data           1  os_dbg.o(.constdata)
    OSDbg_MemSize                            0x0800aea2   Data           2  os_dbg.o(.constdata)
    OSDbg_MsgEn                              0x0800aea4   Data           1  os_dbg.o(.constdata)
    OSDbg_MsgSize                            0x0800aea6   Data           2  os_dbg.o(.constdata)
    OSDbg_MsgPoolSize                        0x0800aea8   Data           2  os_dbg.o(.constdata)
    OSDbg_MsgQSize                           0x0800aeaa   Data           2  os_dbg.o(.constdata)
    OSDbg_Mutex                              0x0800aeac   Data          44  os_dbg.o(.constdata)
    OSDbg_MutexEn                            0x0800aed8   Data           1  os_dbg.o(.constdata)
    OSDbg_MutexDelEn                         0x0800aed9   Data           1  os_dbg.o(.constdata)
    OSDbg_MutexPendAbortEn                   0x0800aeda   Data           1  os_dbg.o(.constdata)
    OSDbg_MutexSize                          0x0800aedc   Data           2  os_dbg.o(.constdata)
    OSDbg_ObjTypeChkEn                       0x0800aede   Data           1  os_dbg.o(.constdata)
    OSDbg_PendMultiEn                        0x0800aedf   Data           1  os_dbg.o(.constdata)
    OSDbg_PendDataSize                       0x0800aee0   Data           2  os_dbg.o(.constdata)
    OSDbg_PendListSize                       0x0800aee2   Data           2  os_dbg.o(.constdata)
    OSDbg_PendObjSize                        0x0800aee4   Data           2  os_dbg.o(.constdata)
    OSDbg_PrioMax                            0x0800aee6   Data           2  os_dbg.o(.constdata)
    OSDbg_PrioTblSize                        0x0800aee8   Data           2  os_dbg.o(.constdata)
    OSDbg_PtrSize                            0x0800aeea   Data           2  os_dbg.o(.constdata)
    OSDbg_Q                                  0x0800aeec   Data          48  os_dbg.o(.constdata)
    OSDbg_QEn                                0x0800af1c   Data           1  os_dbg.o(.constdata)
    OSDbg_QDelEn                             0x0800af1d   Data           1  os_dbg.o(.constdata)
    OSDbg_QFlushEn                           0x0800af1e   Data           1  os_dbg.o(.constdata)
    OSDbg_QPendAbortEn                       0x0800af1f   Data           1  os_dbg.o(.constdata)
    OSDbg_QSize                              0x0800af20   Data           2  os_dbg.o(.constdata)
    OSDbg_SchedRoundRobinEn                  0x0800af22   Data           1  os_dbg.o(.constdata)
    OSDbg_Sem                                0x0800af24   Data          40  os_dbg.o(.constdata)
    OSDbg_SemEn                              0x0800af4c   Data           1  os_dbg.o(.constdata)
    OSDbg_SemDelEn                           0x0800af4d   Data           1  os_dbg.o(.constdata)
    OSDbg_SemPendAbortEn                     0x0800af4e   Data           1  os_dbg.o(.constdata)
    OSDbg_SemSetEn                           0x0800af4f   Data           1  os_dbg.o(.constdata)
    OSDbg_SemSize                            0x0800af50   Data           2  os_dbg.o(.constdata)
    OSDbg_RdyList                            0x0800af52   Data           2  os_dbg.o(.constdata)
    OSDbg_RdyListSize                        0x0800af54   Data           4  os_dbg.o(.constdata)
    OSDbg_StkWidth                           0x0800af58   Data           1  os_dbg.o(.constdata)
    OSDbg_StatTaskEn                         0x0800af59   Data           1  os_dbg.o(.constdata)
    OSDbg_StatTaskStkChkEn                   0x0800af5a   Data           1  os_dbg.o(.constdata)
    OSDbg_TaskChangePrioEn                   0x0800af5b   Data           1  os_dbg.o(.constdata)
    OSDbg_TaskDelEn                          0x0800af5c   Data           1  os_dbg.o(.constdata)
    OSDbg_TaskQEn                            0x0800af5d   Data           1  os_dbg.o(.constdata)
    OSDbg_TaskQPendAbortEn                   0x0800af5e   Data           1  os_dbg.o(.constdata)
    OSDbg_TaskProfileEn                      0x0800af5f   Data           1  os_dbg.o(.constdata)
    OSDbg_TaskRegTblSize                     0x0800af60   Data           2  os_dbg.o(.constdata)
    OSDbg_TaskSemPendAbortEn                 0x0800af62   Data           1  os_dbg.o(.constdata)
    OSDbg_TaskSuspendEn                      0x0800af63   Data           1  os_dbg.o(.constdata)
    OSDbg_TCBSize                            0x0800af64   Data           2  os_dbg.o(.constdata)
    OSDbg_TickSpokeSize                      0x0800af66   Data           2  os_dbg.o(.constdata)
    OSDbg_TimeDlyHMSMEn                      0x0800af68   Data           1  os_dbg.o(.constdata)
    OSDbg_TimeDlyResumeEn                    0x0800af69   Data           1  os_dbg.o(.constdata)
    OSDbg_TLS_TblSize                        0x0800af6a   Data           2  os_dbg.o(.constdata)
    OSDbg_Tmr                                0x0800af6c   Data          52  os_dbg.o(.constdata)
    OSDbg_TmrEn                              0x0800afa0   Data           1  os_dbg.o(.constdata)
    OSDbg_TmrDelEn                           0x0800afa1   Data           1  os_dbg.o(.constdata)
    OSDbg_TmrSize                            0x0800afa2   Data           2  os_dbg.o(.constdata)
    OSDbg_TmrSpokeSize                       0x0800afa4   Data           2  os_dbg.o(.constdata)
    OSDbg_VersionNbr                         0x0800afa6   Data           2  os_dbg.o(.constdata)
    OSDbg_DataSize                           0x0800afa8   Data           4  os_dbg.o(.constdata)
    Region$$Table$$Base                      0x0800afac   Number         0  anon$$obj.o(Region$$Table)
    Region$$Table$$Limit                     0x0800afcc   Number         0  anon$$obj.o(Region$$Table)
    Uart3_Recv_Count                         0x20000004   Data           1  uart.o(.data)
    Uart3_Recv_STA                           0x20000005   Data           1  uart.o(.data)
    CPU_TS_TmrFreq_Hz                        0x20000008   Data           4  cpu_core.o(.data)
    Mem_PoolTbl                              0x2000000c   Data           4  lib_mem.o(.data)
    OSPrioTbl                                0x20000010   Data           8  os_prio.o(.data)
    OS_AppTaskCreateHookPtr                  0x20000018   Data           4  os_var.o(.data)
    OS_AppTaskDelHookPtr                     0x2000001c   Data           4  os_var.o(.data)
    OS_AppTaskReturnHookPtr                  0x20000020   Data           4  os_var.o(.data)
    OS_AppIdleTaskHookPtr                    0x20000024   Data           4  os_var.o(.data)
    OS_AppStatTaskHookPtr                    0x20000028   Data           4  os_var.o(.data)
    OS_AppTaskSwHookPtr                      0x2000002c   Data           4  os_var.o(.data)
    OS_AppTimeTickHookPtr                    0x20000030   Data           4  os_var.o(.data)
    OSIdleTaskCtr                            0x20000034   Data           4  os_var.o(.data)
    OSIntNestingCtr                          0x20000038   Data           1  os_var.o(.data)
    OSRunning                                0x20000039   Data           1  os_var.o(.data)
    OSIntQInPtr                              0x2000003c   Data           4  os_var.o(.data)
    OSIntQOutPtr                             0x20000040   Data           4  os_var.o(.data)
    OSIntQNbrEntries                         0x20000044   Data           2  os_var.o(.data)
    OSIntQNbrEntriesMax                      0x20000046   Data           2  os_var.o(.data)
    OSIntQOvfCtr                             0x20000048   Data           2  os_var.o(.data)
    OSIntQTaskTimeMax                        0x2000004c   Data           4  os_var.o(.data)
    OSFlagDbgListPtr                         0x20000050   Data           4  os_var.o(.data)
    OSFlagQty                                0x20000054   Data           2  os_var.o(.data)
    OSMemDbgListPtr                          0x20000058   Data           4  os_var.o(.data)
    OSMemQty                                 0x2000005c   Data           2  os_var.o(.data)
    OSMutexDbgListPtr                        0x20000060   Data           4  os_var.o(.data)
    OSMutexQty                               0x20000064   Data           2  os_var.o(.data)
    OSPrioCur                                0x20000066   Data           1  os_var.o(.data)
    OSPrioHighRdy                            0x20000067   Data           1  os_var.o(.data)
    OSPrioSaved                              0x20000068   Data           1  os_var.o(.data)
    OSQDbgListPtr                            0x2000006c   Data           4  os_var.o(.data)
    OSQQty                                   0x20000070   Data           2  os_var.o(.data)
    OSSchedLockTimeBegin                     0x20000074   Data           4  os_var.o(.data)
    OSSchedLockTimeMax                       0x20000078   Data           4  os_var.o(.data)
    OSSchedLockTimeMaxCur                    0x2000007c   Data           4  os_var.o(.data)
    OSSchedLockNestingCtr                    0x20000080   Data           1  os_var.o(.data)
    OSSchedRoundRobinDfltTimeQuanta          0x20000084   Data           4  os_var.o(.data)
    OSSchedRoundRobinEn                      0x20000088   Data           1  os_var.o(.data)
    OSSemDbgListPtr                          0x2000008c   Data           4  os_var.o(.data)
    OSSemQty                                 0x20000090   Data           2  os_var.o(.data)
    OSStatResetFlag                          0x20000092   Data           1  os_var.o(.data)
    OSStatTaskCPUUsage                       0x20000094   Data           2  os_var.o(.data)
    OSStatTaskCPUUsageMax                    0x20000096   Data           2  os_var.o(.data)
    OSStatTaskCtr                            0x20000098   Data           4  os_var.o(.data)
    OSStatTaskCtrMax                         0x2000009c   Data           4  os_var.o(.data)
    OSStatTaskCtrRun                         0x200000a0   Data           4  os_var.o(.data)
    OSStatTaskRdy                            0x200000a4   Data           1  os_var.o(.data)
    OSStatTaskTimeMax                        0x200000a8   Data           4  os_var.o(.data)
    OSTaskCtxSwCtr                           0x200000ac   Data           4  os_var.o(.data)
    OSTaskDbgListPtr                         0x200000b0   Data           4  os_var.o(.data)
    OSTaskQty                                0x200000b4   Data           2  os_var.o(.data)
    OSTaskRegNextAvailID                     0x200000b6   Data           1  os_var.o(.data)
    OSTickCtr                                0x200000b8   Data           4  os_var.o(.data)
    OSTickTaskTimeMax                        0x200000bc   Data           4  os_var.o(.data)
    OSTmrDbgListPtr                          0x200000c0   Data           4  os_var.o(.data)
    OSTmrQty                                 0x200000c4   Data           2  os_var.o(.data)
    OSTmrTaskTimeMax                         0x200000c8   Data           4  os_var.o(.data)
    OSTmrTickCtr                             0x200000cc   Data           4  os_var.o(.data)
    OSTmrUpdateCnt                           0x200000d0   Data           4  os_var.o(.data)
    OSTmrUpdateCtr                           0x200000d4   Data           4  os_var.o(.data)
    OSTCBCurPtr                              0x200000d8   Data           4  os_var.o(.data)
    OSTCBHighRdyPtr                          0x200000dc   Data           4  os_var.o(.data)
    OS_CPU_ExceptStkBase                     0x200000e0   Data           4  os_cpu_c.o(.data)
    SystemCoreClock                          0x200000f8   Data           4  system_stm32f10x.o(.data)
    AHBPrescTable                            0x200000fc   Data          16  system_stm32f10x.o(.data)
    Uart3_Recv_Buffer                        0x2000010c   Data          20  uart.o(.bss)
    CPU_Name                                 0x20000120   Data          16  cpu_core.o(.bss)
    Mem_PoolHeap                             0x20000130   Data          72  lib_mem.o(.bss)
    Mem_Heap                                 0x20000178   Data        1024  lib_mem.o(.bss)
    OSCfg_IdleTaskStk                        0x20000578   Data         512  os_cfg_app.o(.bss)
    OSCfg_IntQ                               0x20000778   Data         320  os_cfg_app.o(.bss)
    OSCfg_IntQTaskStk                        0x200008b8   Data         512  os_cfg_app.o(.bss)
    OSCfg_ISRStk                             0x20000ab8   Data         512  os_cfg_app.o(.bss)
    OSCfg_MsgPool                            0x20000cb8   Data        1600  os_cfg_app.o(.bss)
    OSCfg_StatTaskStk                        0x200012f8   Data         512  os_cfg_app.o(.bss)
    OSCfg_TickTaskStk                        0x200014f8   Data         512  os_cfg_app.o(.bss)
    OSCfg_TickWheel                          0x200016f8   Data         136  os_cfg_app.o(.bss)
    OSCfg_TmrTaskStk                         0x20001780   Data         512  os_cfg_app.o(.bss)
    OSCfg_TmrWheel                           0x20001980   Data         136  os_cfg_app.o(.bss)
    OSIdleTaskTCB                            0x20001a08   Data         196  os_var.o(.bss)
    OSIntQTaskTCB                            0x20001acc   Data         196  os_var.o(.bss)
    OSMsgPool                                0x20001b90   Data          12  os_var.o(.bss)
    OSRdyList                                0x20001b9c   Data         768  os_var.o(.bss)
    OSStatTaskTCB                            0x20001e9c   Data         196  os_var.o(.bss)
    OSTickTaskTCB                            0x20001f60   Data         196  os_var.o(.bss)
    OSTmrTaskTCB                             0x20002024   Data         196  os_var.o(.bss)
    StartTaskTCB                             0x200020e8   Data         196  start_task.o(.bss)
    START_TASK_STK                           0x200021ac   Data        2048  start_task.o(.bss)
    Led0TaskTCB                              0x200029ac   Data         196  led_task.o(.bss)
    LED0_TASK_STK                            0x20002a70   Data         512  led_task.o(.bss)
    __libspace_start                         0x20002c70   Data          96  libspace.o(.bss)
    __temporary_stack_top$libspace           0x20002cd0   Data           0  libspace.o(.bss)



==============================================================================

Memory Map of the image

  Image Entry point : 0x080000ed

  Load Region LR_IROM1 (Base: 0x08000000, Size: 0x0000b0d8, Max: 0x00010000, ABSOLUTE)

    Execution Region ER_IROM1 (Base: 0x08000000, Size: 0x0000afcc, Max: 0x00010000, ABSOLUTE)

    Base Addr    Size         Type   Attr      Idx    E Section Name        Object

    0x08000000   0x000000ec   Data   RO          877    RESET               startup_stm32f10x_md.o
    0x080000ec   0x00000008   Code   RO          918  * !!!main             c_w.l(__main.o)
    0x080000f4   0x00000034   Code   RO         1084    !!!scatter          c_w.l(__scatter.o)
    0x08000128   0x0000001a   Code   RO         1086    !!handler_copy      c_w.l(__scatter_copy.o)
    0x08000142   0x00000002   PAD
    0x08000144   0x0000001c   Code   RO         1088    !!handler_zi        c_w.l(__scatter_zi.o)
    0x08000160   0x00000002   Code   RO          955    .ARM.Collect$$libinit$$00000000  c_w.l(libinit.o)
    0x08000162   0x00000000   Code   RO          968    .ARM.Collect$$libinit$$00000002  c_w.l(libinit2.o)
    0x08000162   0x00000000   Code   RO          970    .ARM.Collect$$libinit$$00000004  c_w.l(libinit2.o)
    0x08000162   0x00000000   Code   RO          973    .ARM.Collect$$libinit$$0000000A  c_w.l(libinit2.o)
    0x08000162   0x00000000   Code   RO          975    .ARM.Collect$$libinit$$0000000C  c_w.l(libinit2.o)
    0x08000162   0x00000000   Code   RO          977    .ARM.Collect$$libinit$$0000000E  c_w.l(libinit2.o)
    0x08000162   0x00000000   Code   RO          980    .ARM.Collect$$libinit$$00000011  c_w.l(libinit2.o)
    0x08000162   0x00000000   Code   RO          982    .ARM.Collect$$libinit$$00000013  c_w.l(libinit2.o)
    0x08000162   0x00000000   Code   RO          984    .ARM.Collect$$libinit$$00000015  c_w.l(libinit2.o)
    0x08000162   0x00000000   Code   RO          986    .ARM.Collect$$libinit$$00000017  c_w.l(libinit2.o)
    0x08000162   0x00000000   Code   RO          988    .ARM.Collect$$libinit$$00000019  c_w.l(libinit2.o)
    0x08000162   0x00000000   Code   RO          990    .ARM.Collect$$libinit$$0000001B  c_w.l(libinit2.o)
    0x08000162   0x00000000   Code   RO          992    .ARM.Collect$$libinit$$0000001D  c_w.l(libinit2.o)
    0x08000162   0x00000000   Code   RO          994    .ARM.Collect$$libinit$$0000001F  c_w.l(libinit2.o)
    0x08000162   0x00000000   Code   RO          996    .ARM.Collect$$libinit$$00000021  c_w.l(libinit2.o)
    0x08000162   0x00000000   Code   RO          998    .ARM.Collect$$libinit$$00000023  c_w.l(libinit2.o)
    0x08000162   0x00000000   Code   RO         1000    .ARM.Collect$$libinit$$00000025  c_w.l(libinit2.o)
    0x08000162   0x00000000   Code   RO         1004    .ARM.Collect$$libinit$$0000002C  c_w.l(libinit2.o)
    0x08000162   0x00000000   Code   RO         1006    .ARM.Collect$$libinit$$0000002E  c_w.l(libinit2.o)
    0x08000162   0x00000000   Code   RO         1008    .ARM.Collect$$libinit$$00000030  c_w.l(libinit2.o)
    0x08000162   0x00000000   Code   RO         1010    .ARM.Collect$$libinit$$00000032  c_w.l(libinit2.o)
    0x08000162   0x00000002   Code   RO         1011    .ARM.Collect$$libinit$$00000033  c_w.l(libinit2.o)
    0x08000164   0x00000002   Code   RO         1042    .ARM.Collect$$libshutdown$$00000000  c_w.l(libshutdown.o)
    0x08000166   0x00000000   Code   RO         1069    .ARM.Collect$$libshutdown$$00000003  c_w.l(libshutdown2.o)
    0x08000166   0x00000000   Code   RO         1072    .ARM.Collect$$libshutdown$$00000006  c_w.l(libshutdown2.o)
    0x08000166   0x00000000   Code   RO         1075    .ARM.Collect$$libshutdown$$00000009  c_w.l(libshutdown2.o)
    0x08000166   0x00000000   Code   RO         1077    .ARM.Collect$$libshutdown$$0000000B  c_w.l(libshutdown2.o)
    0x08000166   0x00000000   Code   RO         1080    .ARM.Collect$$libshutdown$$0000000E  c_w.l(libshutdown2.o)
    0x08000166   0x00000002   Code   RO         1081    .ARM.Collect$$libshutdown$$0000000F  c_w.l(libshutdown2.o)
    0x08000168   0x00000000   Code   RO          920    .ARM.Collect$$rtentry$$00000000  c_w.l(__rtentry.o)
    0x08000168   0x00000000   Code   RO          926    .ARM.Collect$$rtentry$$00000002  c_w.l(__rtentry2.o)
    0x08000168   0x00000006   Code   RO          938    .ARM.Collect$$rtentry$$00000004  c_w.l(__rtentry4.o)
    0x0800016e   0x00000000   Code   RO          928    .ARM.Collect$$rtentry$$00000009  c_w.l(__rtentry2.o)
    0x0800016e   0x00000004   Code   RO          929    .ARM.Collect$$rtentry$$0000000A  c_w.l(__rtentry2.o)
    0x08000172   0x00000000   Code   RO          931    .ARM.Collect$$rtentry$$0000000C  c_w.l(__rtentry2.o)
    0x08000172   0x00000008   Code   RO          932    .ARM.Collect$$rtentry$$0000000D  c_w.l(__rtentry2.o)
    0x0800017a   0x00000002   Code   RO          959    .ARM.Collect$$rtexit$$00000000  c_w.l(rtexit.o)
    0x0800017c   0x00000000   Code   RO         1015    .ARM.Collect$$rtexit$$00000002  c_w.l(rtexit2.o)
    0x0800017c   0x00000004   Code   RO         1016    .ARM.Collect$$rtexit$$00000003  c_w.l(rtexit2.o)
    0x08000180   0x00000006   Code   RO         1017    .ARM.Collect$$rtexit$$00000004  c_w.l(rtexit2.o)
    0x08000186   0x00000002   PAD
    0x08000188   0x00000104   Code   RO            4    .text               main.o
    0x0800028c   0x0000002c   Code   RO          198    .text               led.o
    0x080002b8   0x0000014c   Code   RO          222    .text               delay.o
    0x08000404   0x00000144   Code   RO          276    .text               uart.o
    0x08000548   0x00000084   Code   RO          307    .text               bsp.o
    0x080005cc   0x000002a8   Code   RO          331    .text               cpu_core.o
    0x08000874   0x00000034   Code   RO          357    .text               cpu_a.o
    0x080008a8   0x00000256   Code   RO          372    .text               lib_ascii.o
    0x08000afe   0x00000002   PAD
    0x08000b00   0x000009c6   Code   RO          405    .text               lib_mem.o
    0x080014c6   0x00000002   PAD
    0x080014c8   0x0000092c   Code   RO          424    .text               lib_str.o
    0x08001df4   0x00000220   Code   RO          441    .text               lib_mem_a.o
    0x08002014   0x000000fc   Code   RO          444    .text               os_cfg_app.o
    0x08002110   0x00000e04   Code   RO          467    .text               os_core.o
    0x08002f14   0x000001b0   Code   RO          479    .text               os_dbg.o
    0x080030c4   0x00000e28   Code   RO          494    .text               os_flag.o
    0x08003eec   0x00000444   Code   RO          506    .text               os_int.o
    0x08004330   0x00000238   Code   RO          518    .text               os_mem.o
    0x08004568   0x0000022c   Code   RO          530    .text               os_msg.o
    0x08004794   0x00000ad4   Code   RO          542    .text               os_mutex.o
    0x08005268   0x0000007c   Code   RO          560    .text               os_prio.o
    0x080052e4   0x000008d8   Code   RO          579    .text               os_q.o
    0x08005bbc   0x00000830   Code   RO          591    .text               os_sem.o
    0x080063ec   0x00000638   Code   RO          603    .text               os_stat.o
    0x08006a24   0x00001bb4   Code   RO          615    .text               os_task.o
    0x080085d8   0x000004fc   Code   RO          627    .text               os_tick.o
    0x08008ad4   0x00000564   Code   RO          639    .text               os_time.o
    0x08009038   0x00000818   Code   RO          651    .text               os_tmr.o
    0x08009850   0x0000026c   Code   RO          677    .text               os_cpu_c.o
    0x08009abc   0x00000100   Code   RO          716    .text               start_task.o
    0x08009bbc   0x00000048   Code   RO          750    .text               led_task.o
    0x08009c04   0x000000dc   Code   RO          780    .text               misc.o
    0x08009ce0   0x0000035c   Code   RO          804    .text               stm32f10x_gpio.o
    0x0800a03c   0x000003a4   Code   RO          828    .text               stm32f10x_rcc.o
    0x0800a3e0   0x00000408   Code   RO          854    .text               stm32f10x_usart.o
    0x0800a7e8   0x00000040   Code   RO          878    .text               startup_stm32f10x_md.o
    0x0800a828   0x000001e0   Code   RO          885    .text               system_stm32f10x.o
    0x0800aa08   0x000000ee   Code   RO          914    .text               c_w.l(lludivv7m.o)
    0x0800aaf6   0x00000006   Code   RO          916    .text               c_w.l(heapauxi.o)
    0x0800aafc   0x0000004a   Code   RO          942    .text               c_w.l(sys_stackheap_outer.o)
    0x0800ab46   0x0000000c   Code   RO          944    .text               c_w.l(exit.o)
    0x0800ab52   0x00000002   PAD
    0x0800ab54   0x00000008   Code   RO          956    .text               c_w.l(libspace.o)
    0x0800ab5c   0x0000000c   Code   RO         1012    .text               c_w.l(sys_exit.o)
    0x0800ab68   0x00000002   Code   RO         1031    .text               c_w.l(use_no_semi.o)
    0x0800ab6a   0x00000000   Code   RO         1033    .text               c_w.l(indicate_semi.o)
    0x0800ab6a   0x00000002   PAD
    0x0800ab6c   0x00000098   Code   RO          695    CODE                os_cpu_a.o
    0x0800ac04   0x00000104   Data   RO          333    .constdata          cpu_core.o
    0x0800ad08   0x00000094   Data   RO          425    .constdata          lib_str.o
    0x0800ad9c   0x000000a4   Data   RO          446    .constdata          os_cfg_app.o
    0x0800ae40   0x0000016c   Data   RO          480    .constdata          os_dbg.o
    0x0800afac   0x00000020   Data   RO         1082    Region$$Table       anon$$obj.o


    Execution Region RW_IRAM1 (Base: 0x20000000, Size: 0x000032d0, Max: 0x00005000, ABSOLUTE)

    Base Addr    Size         Type   Attr      Idx    E Section Name        Object

    0x20000000   0x00000004   Data   RW          223    .data               delay.o
    0x20000004   0x00000003   Data   RW          278    .data               uart.o
    0x20000007   0x00000001   PAD
    0x20000008   0x00000004   Data   RW          334    .data               cpu_core.o
    0x2000000c   0x00000004   Data   RW          407    .data               lib_mem.o
    0x20000010   0x00000008   Data   RW          561    .data               os_prio.o
    0x20000018   0x000000c8   Data   RW          664    .data               os_var.o
    0x200000e0   0x00000004   Data   RW          678    .data               os_cpu_c.o
    0x200000e4   0x00000014   Data   RW          829    .data               stm32f10x_rcc.o
    0x200000f8   0x00000014   Data   RW          886    .data               system_stm32f10x.o
    0x2000010c   0x00000014   Zero   RW          277    .bss                uart.o
    0x20000120   0x00000010   Zero   RW          332    .bss                cpu_core.o
    0x20000130   0x00000448   Zero   RW          406    .bss                lib_mem.o
    0x20000578   0x00001490   Zero   RW          445    .bss                os_cfg_app.o
    0x20001a08   0x000006e0   Zero   RW          663    .bss                os_var.o
    0x200020e8   0x000008c4   Zero   RW          717    .bss                start_task.o
    0x200029ac   0x000002c4   Zero   RW          751    .bss                led_task.o
    0x20002c70   0x00000060   Zero   RW          957    .bss                c_w.l(libspace.o)
    0x20002cd0   0x00000200   Zero   RW          876    HEAP                startup_stm32f10x_md.o
    0x20002ed0   0x00000400   Zero   RW          875    STACK               startup_stm32f10x_md.o


==============================================================================

Image component sizes


      Code (inc. data)   RO Data    RW Data    ZI Data      Debug   Object Name

       132         12          0          0          0       1123   bsp.o
        52          0          0          0          0        328   cpu_a.o
       680         14        260          4         16      14199   cpu_core.o
       332         28          0          4          0       1725   delay.o
        44          4          0          0          0        447   led.o
        72         10          0          0        708       1088   led_task.o
       598          0          0          0          0       3680   lib_ascii.o
      2502         32          0          4       1096      21684   lib_mem.o
       544          0          0          0          0        472   lib_mem_a.o
      2348          6        148          0          0      13010   lib_str.o
       260         32          0          0          0     271432   main.o
       220         22          0          0          0       1913   misc.o
       252        166        164          0       5264      20842   os_cfg_app.o
      3588        294          0          0          0      12001   os_core.o
       152         32          0          0          0        384   os_cpu_a.o
       620         66          0          4          0       3689   os_cpu_c.o
       432        286        364          0          0       4701   os_dbg.o
      3624        110          0          0          0       7663   os_flag.o
      1092        146          0          0          0       2236   os_int.o
       568         20          0          0          0       2636   os_mem.o
       556         12          0          0          0       2699   os_msg.o
      2772        114          0          0          0       5358   os_mutex.o
       124          4          0          8          0       1704   os_prio.o
      2264         76          0          0          0       6036   os_q.o
      2096         70          0          0          0       6048   os_sem.o
      1592        180          0          0          0       2741   os_stat.o
      7092        270          0          0          0      13410   os_task.o
      1276         90          0          0          0       3193   os_tick.o
      1380         46          0          0          0       3133   os_time.o
      2072        140          0          0          0       6234   os_tmr.o
         0          0          0        200       1760      19325   os_var.o
       256         36          0          0       2244       1203   start_task.o
        64         26        236          0       1536        812   startup_stm32f10x_md.o
       860         38          0          0          0       5753   stm32f10x_gpio.o
       932         36          0         20          0       8908   stm32f10x_rcc.o
      1032         22          0          0          0       8484   stm32f10x_usart.o
       480         38          0         20          0       1859   system_stm32f10x.o
       324         24          0          3         20       1658   uart.o

    ----------------------------------------------------------------------
     43288       2502       1204        268      12644     483811   Object Totals
         0          0         32          0          0          0   (incl. Generated)
         4          0          0          1          0          0   (incl. Padding)

    ----------------------------------------------------------------------

      Code (inc. data)   RO Data    RW Data    ZI Data      Debug   Library Member Name

         8          0          0          0          0         68   __main.o
         0          0          0          0          0          0   __rtentry.o
        12          0          0          0          0          0   __rtentry2.o
         6          0          0          0          0          0   __rtentry4.o
        52          8          0          0          0          0   __scatter.o
        26          0          0          0          0          0   __scatter_copy.o
        28          0          0          0          0          0   __scatter_zi.o
        12          0          0          0          0         72   exit.o
         6          0          0          0          0        152   heapauxi.o
         0          0          0          0          0          0   indicate_semi.o
         2          0          0          0          0          0   libinit.o
         2          0          0          0          0          0   libinit2.o
         2          0          0          0          0          0   libshutdown.o
         2          0          0          0          0          0   libshutdown2.o
         8          4          0          0         96         68   libspace.o
       238          0          0          0          0        100   lludivv7m.o
         2          0          0          0          0          0   rtexit.o
        10          0          0          0          0          0   rtexit2.o
        12          4          0          0          0         68   sys_exit.o
        74          0          0          0          0         80   sys_stackheap_outer.o
         2          0          0          0          0         68   use_no_semi.o

    ----------------------------------------------------------------------
       512         16          0          0         96        676   Library Totals
         8          0          0          0          0          0   (incl. Padding)

    ----------------------------------------------------------------------

      Code (inc. data)   RO Data    RW Data    ZI Data      Debug   Library Name

       504         16          0          0         96        676   c_w.l

    ----------------------------------------------------------------------
       512         16          0          0         96        676   Library Totals

    ----------------------------------------------------------------------

==============================================================================


      Code (inc. data)   RO Data    RW Data    ZI Data      Debug   

     43800       2518       1204        268      12740     481103   Grand Totals
     43800       2518       1204        268      12740     481103   ELF Image Totals
     43800       2518       1204        268          0          0   ROM Totals

==============================================================================

    Total RO  Size (Code + RO Data)                45004 (  43.95kB)
    Total RW  Size (RW Data + ZI Data)             13008 (  12.70kB)
    Total ROM Size (Code + RO Data + RW Data)      45272 (  44.21kB)

==============================================================================

